Last login: Sun Feb 19 19:32:24 on ttys000
gasabr@gasabrMacPro:~$ cd Coding/package101
gasabr@gasabrMacPro:package101$ mkdir data
gasabr@gasabrMacPro:package101$ mkdir tools
gasabr@gasabrMacPro:package101$ mkdir interfaces
gasabr@gasabrMacPro:package101$ touch data/__init__.py
gasabr@gasabrMacPro:package101$ touch interfaces/__init__.py
gasabr@gasabrMacPro:package101$ touch tools/__init__.py
gasabr@gasabrMacPro:package101$ rm data/__init__.py 
gasabr@gasabrMacPro:package101$ touch data/data.txt
gasabr@gasabrMacPro:package101$ echo 'data' >> data/data.txt 
gasabr@gasabrMacPro:package101$ cat data/data.txt 
data
gasabr@gasabrMacPro:package101$ sublime tools/tool.py
gasabr@gasabrMacPro:package101$ sublime interfaces/hero.py
gasabr@gasabrMacPro:package101$ python tools/tool.py 
Traceback (most recent call last):
  File "tools/tool.py", line 1, in <module>
    from interfaces import hero
ImportError: No module named interfaces
gasabr@gasabrMacPro:package101$ python tools/_-
/Library/Frameworks/Python.framework/Versions/2.7/Resources/Python.app/Contents/MacOS/Python: can't open file 'tools/_-': [Errno 2] No such file or directory
gasabr@gasabrMacPro:package101$ python3 tools/__init__.py 
gasabr@gasabrMacPro:package101$ python3 interfaces/__init__.py 
gasabr@gasabrMacPro:package101$ python3 tools/tool.py 
Traceback (most recent call last):
  File "tools/tool.py", line 1, in <module>
    from interfaces import hero
ImportError: No module named 'interfaces'
gasabr@gasabrMacPro:package101$ python
Python 2.7.11 (v2.7.11:6d1b6a68f775, Dec  5 2015, 12:54:16) 
[GCC 4.2.1 (Apple Inc. build 5666) (dot 3)] on darwin
Type "help", "copyright", "credits" or "license" for more information.
>>> from interfaces.hero import Hero
>>> Hero
'me'
>>> quit()
gasabr@gasabrMacPro:package101$ echo 'some data' >> data/data.txt
gasabr@gasabrMacPro:package101$ sublime setup.py
gasabr@gasabrMacPro:package101$ python setup.py install
Traceback (most recent call last):
  File "setup.py", line 23, in <module>
    long_description=read('README'),
  File "setup.py", line 9, in read
    return open(os.path.join(os.path.dirname(__file__), fname)).read()
IOError: [Errno 2] No such file or directory: 'README'
gasabr@gasabrMacPro:package101$ python setup.py install
running install
running bdist_egg
running egg_info
creating an_example_pypi_project.egg-info
writing an_example_pypi_project.egg-info/PKG-INFO
writing top-level names to an_example_pypi_project.egg-info/top_level.txt
writing dependency_links to an_example_pypi_project.egg-info/dependency_links.txt
writing manifest file 'an_example_pypi_project.egg-info/SOURCES.txt'
error: package directory 'tests' does not exist
gasabr@gasabrMacPro:package101$ python setup.py install
running install
running bdist_egg
running egg_info
writing an_example_pypi_project.egg-info/PKG-INFO
writing top-level names to an_example_pypi_project.egg-info/top_level.txt
writing dependency_links to an_example_pypi_project.egg-info/dependency_links.txt
package init file 'tests/__init__.py' not found (or not a regular file)
reading manifest file 'an_example_pypi_project.egg-info/SOURCES.txt'
writing manifest file 'an_example_pypi_project.egg-info/SOURCES.txt'
installing library code to build/bdist.macosx-10.6-intel/egg
running install_lib
running build_py
creating build
creating build/lib
creating build/lib/tools
copying tools/__init__.py -> build/lib/tools
copying tools/tool.py -> build/lib/tools
creating build/lib/tests
copying tests/test.py -> build/lib/tests
creating build/lib/interfaces
copying interfaces/__init__.py -> build/lib/interfaces
copying interfaces/hero.py -> build/lib/interfaces
creating build/bdist.macosx-10.6-intel
creating build/bdist.macosx-10.6-intel/egg
creating build/bdist.macosx-10.6-intel/egg/interfaces
copying build/lib/interfaces/__init__.py -> build/bdist.macosx-10.6-intel/egg/interfaces
copying build/lib/interfaces/hero.py -> build/bdist.macosx-10.6-intel/egg/interfaces
creating build/bdist.macosx-10.6-intel/egg/tests
copying build/lib/tests/test.py -> build/bdist.macosx-10.6-intel/egg/tests
creating build/bdist.macosx-10.6-intel/egg/tools
copying build/lib/tools/__init__.py -> build/bdist.macosx-10.6-intel/egg/tools
copying build/lib/tools/tool.py -> build/bdist.macosx-10.6-intel/egg/tools
byte-compiling build/bdist.macosx-10.6-intel/egg/interfaces/__init__.py to __init__.pyc
byte-compiling build/bdist.macosx-10.6-intel/egg/interfaces/hero.py to hero.pyc
byte-compiling build/bdist.macosx-10.6-intel/egg/tests/test.py to test.pyc
byte-compiling build/bdist.macosx-10.6-intel/egg/tools/__init__.py to __init__.pyc
byte-compiling build/bdist.macosx-10.6-intel/egg/tools/tool.py to tool.pyc
installing package data to build/bdist.macosx-10.6-intel/egg
running install_data
creating build/bdist.macosx-10.6-intel/egg/my_data
error: can't copy 'd': doesn't exist or not a regular file
gasabr@gasabrMacPro:package101$ python setup.py install
running install
running bdist_egg
running egg_info
writing an_example_pypi_project.egg-info/PKG-INFO
writing top-level names to an_example_pypi_project.egg-info/top_level.txt
writing dependency_links to an_example_pypi_project.egg-info/dependency_links.txt
package init file 'tests/__init__.py' not found (or not a regular file)
reading manifest file 'an_example_pypi_project.egg-info/SOURCES.txt'
writing manifest file 'an_example_pypi_project.egg-info/SOURCES.txt'
installing library code to build/bdist.macosx-10.6-intel/egg
running install_lib
running build_py
installing package data to build/bdist.macosx-10.6-intel/egg
running install_data
error: can't copy '/': doesn't exist or not a regular file
gasabr@gasabrMacPro:package101$ python setup.py install
running install
running bdist_egg
running egg_info
writing an_example_pypi_project.egg-info/PKG-INFO
writing top-level names to an_example_pypi_project.egg-info/top_level.txt
writing dependency_links to an_example_pypi_project.egg-info/dependency_links.txt
package init file 'tests/__init__.py' not found (or not a regular file)
reading manifest file 'an_example_pypi_project.egg-info/SOURCES.txt'
writing manifest file 'an_example_pypi_project.egg-info/SOURCES.txt'
installing library code to build/bdist.macosx-10.6-intel/egg
running install_lib
running build_py
installing package data to build/bdist.macosx-10.6-intel/egg
running install_data
error: can't copy 'd': doesn't exist or not a regular file
gasabr@gasabrMacPro:package101$ cd ../package102
gasabr@gasabrMacPro:package102$ python3 setup.
/Library/Frameworks/Python.framework/Versions/3.5/Resources/Python.app/Contents/MacOS/Python: can't open file 'setup.': [Errno 2] No such file or directory
gasabr@gasabrMacPro:package102$ python3 setup.py
usage: setup.py [global_opts] cmd1 [cmd1_opts] [cmd2 [cmd2_opts] ...]
   or: setup.py --help [cmd1 cmd2 ...]
   or: setup.py --help-commands
   or: setup.py cmd --help

error: no commands supplied
gasabr@gasabrMacPro:package102$ python3 setup.py install
running install
running bdist_egg
running egg_info
writing top-level names to sample.egg-info/top_level.txt
writing dependency_links to sample.egg-info/dependency_links.txt
writing sample.egg-info/PKG-INFO
writing entry points to sample.egg-info/entry_points.txt
writing requirements to sample.egg-info/requires.txt
reading manifest file 'sample.egg-info/SOURCES.txt'
reading manifest template 'MANIFEST.in'
writing manifest file 'sample.egg-info/SOURCES.txt'
installing library code to build/bdist.macosx-10.6-intel/egg
running install_lib
running build_py
creating build/bdist.macosx-10.6-intel/egg
copying build/lib/.DS_Store -> build/bdist.macosx-10.6-intel/egg
creating build/bdist.macosx-10.6-intel/egg/sample
copying build/lib/sample/__init__.py -> build/bdist.macosx-10.6-intel/egg/sample
copying build/lib/sample/package_data.dat -> build/bdist.macosx-10.6-intel/egg/sample
byte-compiling build/bdist.macosx-10.6-intel/egg/sample/__init__.py to __init__.cpython-35.pyc
installing package data to build/bdist.macosx-10.6-intel/egg
running install_data
creating build/bdist.macosx-10.6-intel/egg/my_data
copying data/data_file -> build/bdist.macosx-10.6-intel/egg/my_data
creating build/bdist.macosx-10.6-intel/egg/EGG-INFO
copying sample.egg-info/PKG-INFO -> build/bdist.macosx-10.6-intel/egg/EGG-INFO
copying sample.egg-info/SOURCES.txt -> build/bdist.macosx-10.6-intel/egg/EGG-INFO
copying sample.egg-info/dependency_links.txt -> build/bdist.macosx-10.6-intel/egg/EGG-INFO
copying sample.egg-info/entry_points.txt -> build/bdist.macosx-10.6-intel/egg/EGG-INFO
copying sample.egg-info/requires.txt -> build/bdist.macosx-10.6-intel/egg/EGG-INFO
copying sample.egg-info/top_level.txt -> build/bdist.macosx-10.6-intel/egg/EGG-INFO
zip_safe flag not set; analyzing archive contents...
creating 'dist/sample-1.2.0-py3.5.egg' and adding 'build/bdist.macosx-10.6-intel/egg' to it
removing 'build/bdist.macosx-10.6-intel/egg' (and everything under it)
Processing sample-1.2.0-py3.5.egg
Copying sample-1.2.0-py3.5.egg to /Library/Frameworks/Python.framework/Versions/3.5/lib/python3.5/site-packages
Adding sample 1.2.0 to easy-install.pth file
Installing sample script to /Library/Frameworks/Python.framework/Versions/3.5/bin

Installed /Library/Frameworks/Python.framework/Versions/3.5/lib/python3.5/site-packages/sample-1.2.0-py3.5.egg
Processing dependencies for sample==1.2.0
Searching for peppercorn
Reading https://pypi.python.org/simple/peppercorn/
Best match: peppercorn 0.5
Downloading https://pypi.python.org/packages/45/ec/a62ec317d1324a01567c5221b420742f094f05ee48097e5157d32be3755c/peppercorn-0.5.tar.gz#md5=f08efbca5790019ab45d76b7244abd40
Processing peppercorn-0.5.tar.gz
Writing /var/folders/6w/jjf_b3411tn8b5gw5x6dp4540000gn/T/easy_install-fwpj7kf4/peppercorn-0.5/setup.cfg
Running peppercorn-0.5/setup.py -q bdist_egg --dist-dir /var/folders/6w/jjf_b3411tn8b5gw5x6dp4540000gn/T/easy_install-fwpj7kf4/peppercorn-0.5/egg-dist-tmp-3dxcun1u
creating /Library/Frameworks/Python.framework/Versions/3.5/lib/python3.5/site-packages/peppercorn-0.5-py3.5.egg
Extracting peppercorn-0.5-py3.5.egg to /Library/Frameworks/Python.framework/Versions/3.5/lib/python3.5/site-packages
Adding peppercorn 0.5 to easy-install.pth file

Installed /Library/Frameworks/Python.framework/Versions/3.5/lib/python3.5/site-packages/peppercorn-0.5-py3.5.egg
Finished processing dependencies for sample==1.2.0
gasabr@gasabrMacPro:package102$ 
  [Restored 20 Feb 2017, 18:18:39]
## cd /Users/gasabr/Coding/package102 ##
Last login: Mon Feb 20 09:24:22 on console
Restored session: Mon Feb 20 00:48:35 MSK 2017
gasabr@gasabrMacPro:~$ cd Coding/
gasabr@gasabrMacPro:Coding$ scp -r MCClosest root@@SC_IP
gasabr@gasabrMacPro:Coding$ scp -r MCClosest root@@SC_IP:~/
ssh: Could not resolve hostname sc_ip: nodename nor servname provided, or not known
lost connection
gasabr@gasabrMacPro:Coding$ scp -r MCClosest root@SC_IP:~/
ssh: Could not resolve hostname sc_ip: nodename nor servname provided, or not known
lost connection
gasabr@gasabrMacPro:Coding$ scp -r MCClosest root@SC_IP:~/
ssh: Could not resolve hostname sc_ip: nodename nor servname provided, or not known
lost connection
gasabr@gasabrMacPro:Coding$ scp -r MCClosest root@$SC_IP:~/
root@89.223.24.171's password: 
.DS_Store                                                                      100% 6148     6.0KB/s   00:00    
COMMIT_EDITMSG                                                                 100%  432     0.4KB/s   00:00    
config                                                                         100%  309     0.3KB/s   00:00    
description                                                                    100%   73     0.1KB/s   00:00    
FETCH_HEAD                                                                     100%   97     0.1KB/s   00:00    
HEAD                                                                           100%   23     0.0KB/s   00:00    
applypatch-msg.sample                                                          100%  478     0.5KB/s   00:00    
commit-msg.sample                                                              100%  896     0.9KB/s   00:00    
post-update.sample                                                             100%  189     0.2KB/s   00:00    
pre-applypatch.sample                                                          100%  424     0.4KB/s   00:00    
pre-commit.sample                                                              100% 1642     1.6KB/s   00:00    
pre-push.sample                                                                100% 1348     1.3KB/s   00:00    
pre-rebase.sample                                                              100% 4951     4.8KB/s   00:00    
pre-receive.sample                                                             100%  544     0.5KB/s   00:00    
prepare-commit-msg.sample                                                      100% 1239     1.2KB/s   00:00    
update.sample                                                                  100% 3610     3.5KB/s   00:00    
index                                                                          100%  513     0.5KB/s   00:00    
exclude                                                                        100%  240     0.2KB/s   00:00    
HEAD                                                                           100% 2997     2.9KB/s   00:00    
master                                                                         100%  697     0.7KB/s   00:00    
api-based-version                                                              100%  306     0.3KB/s   00:00    
HEAD                                                                           100%  190     0.2KB/s   00:00    
master                                                                         100%  470     0.5KB/s   00:00    
webhooks                                                                       100%  306     0.3KB/s   00:00    
8876d47677ffe42d184a01a1758c53ed5b3137                                         100%  184     0.2KB/s   00:00    
bb9f89dfd020dc6d82a90e96b80bac808f2692                                         100%  230     0.2KB/s   00:00    
c79cf6244d11463f2ee6754f7315afe6430c66                                         100% 1985     1.9KB/s   00:00    
abe39163cdc5478e2a27492113766d0f22cf62                                         100%  261     0.3KB/s   00:00    
ef821001f31ddc729ef1ef3c201a64a4581717                                         100%  258     0.3KB/s   00:00    
ad3faf72a3903dcdd541d1e0cac97caaef2b6d                                         100% 1274     1.2KB/s   00:00    
8f6395cbd994605f08bc66dd26e086d20171d1                                         100%  355     0.4KB/s   00:00    
348d763f96eaea9ed149d221e3b48b0d50bde2                                         100% 1024     1.0KB/s   00:00    
9ae068d5e7d3b08fc29a167bbf4945be778ae4                                         100%   37     0.0KB/s   00:00    
5c46ada8edf81ecbe33a8aca2e39d3b55ba124                                         100%  158     0.2KB/s   00:00    
178538c516f63123c356cb07f53cf6234aeb17                                         100%  593     0.6KB/s   00:00    
62edcfe8ab2c0c4333c44eed78fd6a2a491fa9                                         100%  980     1.0KB/s   00:00    
199f911e5949ba5b6a4fc01a6d4997f15104a6                                         100%  356     0.4KB/s   00:00    
4d9ad9092f313fcee57758133a73a01f4fdc38                                         100%  300     0.3KB/s   00:00    
8143bee5db95a893a944b33df1f188613fc35e                                         100%  262     0.3KB/s   00:00    
9072de12cfe37af497b9a4ce7da136fa33c27d                                         100%  452     0.4KB/s   00:00    
94818f233451f9d31511faa8f510b7a49b3ef4                                         100% 1151     1.1KB/s   00:00    
ecd0f31a8ff59b7eadad883b614915bc1277d4                                         100%  163     0.2KB/s   00:00    
d7df0a7911840d75a21ac058abe00122ecddf9                                         100%  226     0.2KB/s   00:00    
751826e72b5ea0786e3424e67d6dca2c4b80c4                                         100%  254     0.3KB/s   00:00    
ba1b087786273b00e620caa96979856ea89d28                                         100%  300     0.3KB/s   00:00    
3b94216c3cfb1d515c28f026378b82a33bea19                                         100%  225     0.2KB/s   00:00    
80fb1891e36986e944e955573c21e52f66ce5e                                         100%  553     0.5KB/s   00:00    
a6a120a28b90002fa5286d3d3eb6cc6783034d                                         100%  226     0.2KB/s   00:00    
3824e3e8c37e1af83b193db362768187d00575                                         100%  259     0.3KB/s   00:00    
58aff1b9b134f52c2f9133f2bed5e78e10cce4                                         100% 1894     1.9KB/s   00:00    
26ca0d881b79b5169340661b4e16a014e43141                                         100%  177     0.2KB/s   00:00    
9af4a832cfca3457169e9aa3b80d4267ec8eb0                                         100% 1489     1.5KB/s   00:00    
f38d45cd8480e445fbf9b36be0d9142393323d                                         100% 1124     1.1KB/s   00:00    
9352cb69a8d4484c907c82241d820755024b57                                         100% 1835     1.8KB/s   00:00    
e3d01ab4906553693d2a755d3ba7185db069ae                                         100%  356     0.4KB/s   00:00    
7cab4fddd4efd88e99b84c2d1ca4c0558bb8ad                                         100%  355     0.4KB/s   00:00    
3e2f897c4db02ea14b3b48eef1025a71c1fdbd                                         100%  189     0.2KB/s   00:00    
03ce0afa1b5936c4cdbddf8b5fcfaa09cda143                                         100%  281     0.3KB/s   00:00    
871cbb6004d47a704d799e120ddbf2e105717d                                         100%  327     0.3KB/s   00:00    
ca0d039d929a4e74ee43feab153f8548f28f3e                                         100%   37     0.0KB/s   00:00    
a81ae4d0d5679b30406fe2ee26c93288487d3f                                         100% 1153     1.1KB/s   00:00    
d6e0a79f279419bacc8f928cb30ffcae6dbeb5                                         100%  173     0.2KB/s   00:00    
fd673b31773505d107a77f71e6b2691ade4edf                                         100%  222     0.2KB/s   00:00    
45a69eaa18340fd54bc07ef78bf142b9ea32a9                                         100% 1231     1.2KB/s   00:00    
9ff612e274ad0b4498f9ea10e9bde390f8c7f8                                         100% 2107     2.1KB/s   00:00    
d96227283a528050f5ed0d42531e4e8d856f0e                                         100%  302     0.3KB/s   00:00    
5e3ee0bb819801440ed5979d9129f3cee5ff48                                         100% 1025     1.0KB/s   00:00    
4aceddae0c671578f929c0b7e39c291db032c4                                         100%  168     0.2KB/s   00:00    
8f60522e10f9bdf821137f1c47b52bfbd17c3f                                         100%  326     0.3KB/s   00:00    
5b1022c2feb2d3b3a9b38611cdf2b98d89a4fa                                         100% 2070     2.0KB/s   00:00    
1971be815b7b3f5178bc1f289a406c4cc1a090                                         100% 1213     1.2KB/s   00:00    
3a2e11e3da68cfaef0ccebbd6dfd3bca057b90                                         100% 1484     1.5KB/s   00:00    
5b150f70be646c635e41b81169b524ea95e67d                                         100%  356     0.4KB/s   00:00    
493f57cae38d6bf5bfad1cf0dbcf79a35e6e8b                                         100%  582     0.6KB/s   00:00    
1784da8401a238e1908fcbb62c5d7b9b7b7066                                         100%  356     0.4KB/s   00:00    
de5e5bdcb2f423f1eda275e2624aa71d6e0431                                         100%  253     0.3KB/s   00:00    
7460b510a343eaafecb01c5db7afe0e2adcd4d                                         100%  325     0.3KB/s   00:00    
ORIG_HEAD                                                                      100%   41     0.0KB/s   00:00    
packed-refs                                                                    100%  107     0.1KB/s   00:00    
master                                                                         100%   41     0.0KB/s   00:00    
api-based-version                                                              100%   41     0.0KB/s   00:00    
HEAD                                                                           100%   32     0.0KB/s   00:00    
master                                                                         100%   41     0.0KB/s   00:00    
webhooks                                                                       100%   41     0.0KB/s   00:00    
.gitignore                                                                     100%   21     0.0KB/s   00:00    
config.cpython-35.pyc                                                          100% 1117     1.1KB/s   00:00    
parser.cpython-35.pyc                                                          100% 2324     2.3KB/s   00:00    
config.py                                                                      100%  952     0.9KB/s   00:00    
main.py                                                                        100% 5861     5.7KB/s   00:00    
parser.py                                                                      100% 2516     2.5KB/s   00:00    
README.md                                                                      100%  253     0.3KB/s   00:00    
requirements.txt                                                               100%  213     0.2KB/s   00:00    
gasabr@gasabrMacPro:Coding$ cd MCClosest/
gasabr@gasabrMacPro:MCClosest$ ./main.py 
  File "./main.py", line 82
    update.message.reply_text('Как пользоваться:\n':
                                                   ^
SyntaxError: invalid syntax
gasabr@gasabrMacPro:MCClosest$ scp -r MCClosest root@$SC_IP:~/
root@89.223.24.171's password: 
gasabr@gasabrMacPro:MCClosest$ ./main.py 
Traceback (most recent call last):
  File "./main.py", line 8, in <module>
    from telegram import (ReplyKeyboardMarkup, ReplyKeyboardRemove)
ImportError: No module named 'telegram'
gasabr@gasabrMacPro:MCClosest$ workon mcclose
(mcclose) gasabr@gasabrMacPro:MCClosest$ ./main.py 
Traceback (most recent call last):
  File "./main.py", line 180, in <module>
    main()
  File "./main.py", line 159, in main
    updater.start_webhook(listen=config.WEBHOOK_IP,
AttributeError: module 'config' has no attribute 'WEBHOOK_IP'
(mcclose) gasabr@gasabrMacPro:MCClosest$ ./main.py 
2017-02-20 19:12:12,137 - telegram.ext.updater - ERROR - unhandled exception
Traceback (most recent call last):
  File "/Users/gasabr/.virtualenvs/mcclose/lib/python3.5/site-packages/telegram/ext/updater.py", line 115, in _thread_wrapper
    target(*args, **kwargs)
  File "/Users/gasabr/.virtualenvs/mcclose/lib/python3.5/site-packages/telegram/ext/updater.py", line 281, in _start_webhook
    self.bot)
  File "/Users/gasabr/.virtualenvs/mcclose/lib/python3.5/site-packages/telegram/utils/webhookhandler.py", line 28, in __init__
    super(WebhookServer, self).__init__(server_address, RequestHandlerClass)
  File "/Library/Frameworks/Python.framework/Versions/3.5/lib/python3.5/socketserver.py", line 443, in __init__
    self.server_bind()
  File "/Library/Frameworks/Python.framework/Versions/3.5/lib/python3.5/http/server.py", line 138, in server_bind
    socketserver.TCPServer.server_bind(self)
  File "/Library/Frameworks/Python.framework/Versions/3.5/lib/python3.5/socketserver.py", line 457, in server_bind
    self.socket.bind(self.server_address)
OSError: [Errno 49] Can't assign requested address
Exception in thread updater:
Traceback (most recent call last):
  File "/Library/Frameworks/Python.framework/Versions/3.5/lib/python3.5/threading.py", line 923, in _bootstrap_inner
    self.run()
  File "/Library/Frameworks/Python.framework/Versions/3.5/lib/python3.5/threading.py", line 871, in run
    self._target(*self._args, **self._kwargs)
  File "/Users/gasabr/.virtualenvs/mcclose/lib/python3.5/site-packages/telegram/ext/updater.py", line 115, in _thread_wrapper
    target(*args, **kwargs)
  File "/Users/gasabr/.virtualenvs/mcclose/lib/python3.5/site-packages/telegram/ext/updater.py", line 281, in _start_webhook
    self.bot)
  File "/Users/gasabr/.virtualenvs/mcclose/lib/python3.5/site-packages/telegram/utils/webhookhandler.py", line 28, in __init__
    super(WebhookServer, self).__init__(server_address, RequestHandlerClass)
  File "/Library/Frameworks/Python.framework/Versions/3.5/lib/python3.5/socketserver.py", line 443, in __init__
    self.server_bind()
  File "/Library/Frameworks/Python.framework/Versions/3.5/lib/python3.5/http/server.py", line 138, in server_bind
    socketserver.TCPServer.server_bind(self)
  File "/Library/Frameworks/Python.framework/Versions/3.5/lib/python3.5/socketserver.py", line 457, in server_bind
    self.socket.bind(self.server_address)
OSError: [Errno 49] Can't assign requested address

2017-02-20 19:12:13,047 - telegram.ext.dispatcher - CRITICAL - stopping due to exception in another thread
c^C(mcclose) gasabr@gasabrMacPro:MCClosest$ 
(mcclose) gasabr@gasabrMacPro:MCClosest$ scp -r MCClosest root@$SC_IP:~/
root@89.223.24.171's password: 
MCClosest: No such file or directory
(mcclose) gasabr@gasabrMacPro:MCClosest$ scp -r ../MCClosest root@$SC_IP:~/
root@89.223.24.171's password: 
.DS_Store                                                                                    100% 6148     6.0KB/s   00:00    
COMMIT_EDITMSG                                                                               100%  432     0.4KB/s   00:00    
config                                                                                       100%  309     0.3KB/s   00:00    
description                                                                                  100%   73     0.1KB/s   00:00    
FETCH_HEAD                                                                                   100%   97     0.1KB/s   00:00    
HEAD                                                                                         100%   23     0.0KB/s   00:00    
applypatch-msg.sample                                                                        100%  478     0.5KB/s   00:00    
commit-msg.sample                                                                            100%  896     0.9KB/s   00:00    
post-update.sample                                                                           100%  189     0.2KB/s   00:00    
pre-applypatch.sample                                                                        100%  424     0.4KB/s   00:00    
pre-commit.sample                                                                            100% 1642     1.6KB/s   00:00    
pre-push.sample                                                                              100% 1348     1.3KB/s   00:00    
pre-rebase.sample                                                                            100% 4951     4.8KB/s   00:00    
pre-receive.sample                                                                           100%  544     0.5KB/s   00:00    
prepare-commit-msg.sample                                                                    100% 1239     1.2KB/s   00:00    
update.sample                                                                                100% 3610     3.5KB/s   00:00    
index                                                                                        100%  513     0.5KB/s   00:00    
exclude                                                                                      100%  240     0.2KB/s   00:00    
HEAD                                                                                         100% 2997     2.9KB/s   00:00    
master                                                                                       100%  697     0.7KB/s   00:00    
api-based-version                                                                            100%  306     0.3KB/s   00:00    
HEAD                                                                                         100%  190     0.2KB/s   00:00    
master                                                                                       100%  470     0.5KB/s   00:00    
webhooks                                                                                     100%  306     0.3KB/s   00:00    
8876d47677ffe42d184a01a1758c53ed5b3137                                                       100%  184     0.2KB/s   00:00    
bb9f89dfd020dc6d82a90e96b80bac808f2692                                                       100%  230     0.2KB/s   00:00    
c79cf6244d11463f2ee6754f7315afe6430c66                                                       100% 1985     1.9KB/s   00:00    
abe39163cdc5478e2a27492113766d0f22cf62                                                       100%  261     0.3KB/s   00:00    
ef821001f31ddc729ef1ef3c201a64a4581717                                                       100%  258     0.3KB/s   00:00    
ad3faf72a3903dcdd541d1e0cac97caaef2b6d                                                       100% 1274     1.2KB/s   00:00    
8f6395cbd994605f08bc66dd26e086d20171d1                                                       100%  355     0.4KB/s   00:00    
348d763f96eaea9ed149d221e3b48b0d50bde2                                                       100% 1024     1.0KB/s   00:00    
9ae068d5e7d3b08fc29a167bbf4945be778ae4                                                       100%   37     0.0KB/s   00:00    
5c46ada8edf81ecbe33a8aca2e39d3b55ba124                                                       100%  158     0.2KB/s   00:00    
178538c516f63123c356cb07f53cf6234aeb17                                                       100%  593     0.6KB/s   00:00    
62edcfe8ab2c0c4333c44eed78fd6a2a491fa9                                                       100%  980     1.0KB/s   00:00    
199f911e5949ba5b6a4fc01a6d4997f15104a6                                                       100%  356     0.4KB/s   00:00    
4d9ad9092f313fcee57758133a73a01f4fdc38                                                       100%  300     0.3KB/s   00:00    
8143bee5db95a893a944b33df1f188613fc35e                                                       100%  262     0.3KB/s   00:00    
9072de12cfe37af497b9a4ce7da136fa33c27d                                                       100%  452     0.4KB/s   00:00    
94818f233451f9d31511faa8f510b7a49b3ef4                                                       100% 1151     1.1KB/s   00:00    
ecd0f31a8ff59b7eadad883b614915bc1277d4                                                       100%  163     0.2KB/s   00:00    
d7df0a7911840d75a21ac058abe00122ecddf9                                                       100%  226     0.2KB/s   00:00    
751826e72b5ea0786e3424e67d6dca2c4b80c4                                                       100%  254     0.3KB/s   00:00    
ba1b087786273b00e620caa96979856ea89d28                                                       100%  300     0.3KB/s   00:00    
3b94216c3cfb1d515c28f026378b82a33bea19                                                       100%  225     0.2KB/s   00:00    
80fb1891e36986e944e955573c21e52f66ce5e                                                       100%  553     0.5KB/s   00:00    
a6a120a28b90002fa5286d3d3eb6cc6783034d                                                       100%  226     0.2KB/s   00:00    
3824e3e8c37e1af83b193db362768187d00575                                                       100%  259     0.3KB/s   00:00    
58aff1b9b134f52c2f9133f2bed5e78e10cce4                                                       100% 1894     1.9KB/s   00:00    
26ca0d881b79b5169340661b4e16a014e43141                                                       100%  177     0.2KB/s   00:00    
9af4a832cfca3457169e9aa3b80d4267ec8eb0                                                       100% 1489     1.5KB/s   00:00    
f38d45cd8480e445fbf9b36be0d9142393323d                                                       100% 1124     1.1KB/s   00:00    
9352cb69a8d4484c907c82241d820755024b57                                                       100% 1835     1.8KB/s   00:00    
e3d01ab4906553693d2a755d3ba7185db069ae                                                       100%  356     0.4KB/s   00:00    
7cab4fddd4efd88e99b84c2d1ca4c0558bb8ad                                                       100%  355     0.4KB/s   00:00    
3e2f897c4db02ea14b3b48eef1025a71c1fdbd                                                       100%  189     0.2KB/s   00:00    
03ce0afa1b5936c4cdbddf8b5fcfaa09cda143                                                       100%  281     0.3KB/s   00:00    
871cbb6004d47a704d799e120ddbf2e105717d                                                       100%  327     0.3KB/s   00:00    
ca0d039d929a4e74ee43feab153f8548f28f3e                                                       100%   37     0.0KB/s   00:00    
a81ae4d0d5679b30406fe2ee26c93288487d3f                                                       100% 1153     1.1KB/s   00:00    
d6e0a79f279419bacc8f928cb30ffcae6dbeb5                                                       100%  173     0.2KB/s   00:00    
fd673b31773505d107a77f71e6b2691ade4edf                                                       100%  222     0.2KB/s   00:00    
45a69eaa18340fd54bc07ef78bf142b9ea32a9                                                       100% 1231     1.2KB/s   00:00    
9ff612e274ad0b4498f9ea10e9bde390f8c7f8                                                       100% 2107     2.1KB/s   00:00    
d96227283a528050f5ed0d42531e4e8d856f0e                                                       100%  302     0.3KB/s   00:00    
5e3ee0bb819801440ed5979d9129f3cee5ff48                                                       100% 1025     1.0KB/s   00:00    
4aceddae0c671578f929c0b7e39c291db032c4                                                       100%  168     0.2KB/s   00:00    
8f60522e10f9bdf821137f1c47b52bfbd17c3f                                                       100%  326     0.3KB/s   00:00    
5b1022c2feb2d3b3a9b38611cdf2b98d89a4fa                                                       100% 2070     2.0KB/s   00:00    
1971be815b7b3f5178bc1f289a406c4cc1a090                                                       100% 1213     1.2KB/s   00:00    
3a2e11e3da68cfaef0ccebbd6dfd3bca057b90                                                       100% 1484     1.5KB/s   00:00    
5b150f70be646c635e41b81169b524ea95e67d                                                       100%  356     0.4KB/s   00:00    
493f57cae38d6bf5bfad1cf0dbcf79a35e6e8b                                                       100%  582     0.6KB/s   00:00    
1784da8401a238e1908fcbb62c5d7b9b7b7066                                                       100%  356     0.4KB/s   00:00    
de5e5bdcb2f423f1eda275e2624aa71d6e0431                                                       100%  253     0.3KB/s   00:00    
7460b510a343eaafecb01c5db7afe0e2adcd4d                                                       100%  325     0.3KB/s   00:00    
ORIG_HEAD                                                                                    100%   41     0.0KB/s   00:00    
packed-refs                                                                                  100%  107     0.1KB/s   00:00    
master                                                                                       100%   41     0.0KB/s   00:00    
api-based-version                                                                            100%   41     0.0KB/s   00:00    
HEAD                                                                                         100%   32     0.0KB/s   00:00    
master                                                                                       100%   41     0.0KB/s   00:00    
webhooks                                                                                     100%   41     0.0KB/s   00:00    
.gitignore                                                                                   100%   21     0.0KB/s   00:00    
config.cpython-35.pyc                                                                        100% 1030     1.0KB/s   00:00    
parser.cpython-35.pyc                                                                        100% 2267     2.2KB/s   00:00    
config.py                                                                                    100%  952     0.9KB/s   00:00    
main.py                                                                                      100% 5862     5.7KB/s   00:00    
parser.py                                                                                    100% 2516     2.5KB/s   00:00    
README.md                                                                                    100%  253     0.3KB/s   00:00    
requirements.txt                                                                             100%  213     0.2KB/s   00:00    
(mcclose) gasabr@gasabrMacPro:MCClosest$ cat ~/.yamjam/config.yaml 
hours:
  DJANGO_SECRET_KEY: -%^ml4_iuu&6i5sh!f&d+awn(jks-a637pd80yr39_wm%l%&b5
  GOOGLE_CLIENT_ID: 957827157256-8igj9v1lrtjha7pgjok87haduuovf454.apps.googleusercontent.com
  GOOGLE_CLIENT_SECRET: _orLIliihK6kGMGqEfZdsUPU
  user: reports
  password: WojERfJN

MCClosest:
  TELEGRAM_TOKEN: 305131597:AAH_Jb2CFkTqeKRpoc6nuNBLZeem90B5yrU
  YANDEX_API_KEY: 45881465-e43c-4aea-96c4-59cc97774857
  SERVER_IP: 89.223.24.171
  SERVER_DOMAIN: 138273.simplecloud.club
(mcclose) gasabr@gasabrMacPro:MCClosest$ ./main.py 
2017-02-20 19:23:45,240 - telegram.ext.updater - ERROR - unhandled exception
Traceback (most recent call last):
  File "/Users/gasabr/.virtualenvs/mcclose/lib/python3.5/site-packages/telegram/ext/updater.py", line 115, in _thread_wrapper
    target(*args, **kwargs)
  File "/Users/gasabr/.virtualenvs/mcclose/lib/python3.5/site-packages/telegram/ext/updater.py", line 281, in _start_webhook
    self.bot)
  File "/Users/gasabr/.virtualenvs/mcclose/lib/python3.5/site-packages/telegram/utils/webhookhandler.py", line 28, in __init__
    super(WebhookServer, self).__init__(server_address, RequestHandlerClass)
  File "/Library/Frameworks/Python.framework/Versions/3.5/lib/python3.5/socketserver.py", line 443, in __init__
    self.server_bind()
  File "/Library/Frameworks/Python.framework/Versions/3.5/lib/python3.5/http/server.py", line 138, in server_bind
    socketserver.TCPServer.server_bind(self)
  File "/Library/Frameworks/Python.framework/Versions/3.5/lib/python3.5/socketserver.py", line 457, in server_bind
    self.socket.bind(self.server_address)
OSError: [Errno 49] Can't assign requested address
Exception in thread updater:
Traceback (most recent call last):
  File "/Library/Frameworks/Python.framework/Versions/3.5/lib/python3.5/threading.py", line 923, in _bootstrap_inner
    self.run()
  File "/Library/Frameworks/Python.framework/Versions/3.5/lib/python3.5/threading.py", line 871, in run
    self._target(*self._args, **self._kwargs)
  File "/Users/gasabr/.virtualenvs/mcclose/lib/python3.5/site-packages/telegram/ext/updater.py", line 115, in _thread_wrapper
    target(*args, **kwargs)
  File "/Users/gasabr/.virtualenvs/mcclose/lib/python3.5/site-packages/telegram/ext/updater.py", line 281, in _start_webhook
    self.bot)
  File "/Users/gasabr/.virtualenvs/mcclose/lib/python3.5/site-packages/telegram/utils/webhookhandler.py", line 28, in __init__
    super(WebhookServer, self).__init__(server_address, RequestHandlerClass)
  File "/Library/Frameworks/Python.framework/Versions/3.5/lib/python3.5/socketserver.py", line 443, in __init__
    self.server_bind()
  File "/Library/Frameworks/Python.framework/Versions/3.5/lib/python3.5/http/server.py", line 138, in server_bind
    socketserver.TCPServer.server_bind(self)
  File "/Library/Frameworks/Python.framework/Versions/3.5/lib/python3.5/socketserver.py", line 457, in server_bind
    self.socket.bind(self.server_address)
OSError: [Errno 49] Can't assign requested address

2017-02-20 19:23:46,243 - telegram.ext.dispatcher - CRITICAL - stopping due to exception in another thread
^C^C2017-02-20 19:23:54,100 - telegram.ext.updater - WARNING - Exiting immediately!
(mcclose) gasabr@gasabrMacPro:MCClosest$ ./main.py 
2017-02-20 19:25:25,209 - telegram.ext.updater - ERROR - unhandled exception
Traceback (most recent call last):
  File "/Users/gasabr/.virtualenvs/mcclose/lib/python3.5/site-packages/telegram/ext/updater.py", line 115, in _thread_wrapper
    target(*args, **kwargs)
  File "/Users/gasabr/.virtualenvs/mcclose/lib/python3.5/site-packages/telegram/ext/updater.py", line 281, in _start_webhook
    self.bot)
  File "/Users/gasabr/.virtualenvs/mcclose/lib/python3.5/site-packages/telegram/utils/webhookhandler.py", line 28, in __init__
    super(WebhookServer, self).__init__(server_address, RequestHandlerClass)
  File "/Library/Frameworks/Python.framework/Versions/3.5/lib/python3.5/socketserver.py", line 443, in __init__
    self.server_bind()
  File "/Library/Frameworks/Python.framework/Versions/3.5/lib/python3.5/http/server.py", line 138, in server_bind
    socketserver.TCPServer.server_bind(self)
  File "/Library/Frameworks/Python.framework/Versions/3.5/lib/python3.5/socketserver.py", line 457, in server_bind
    self.socket.bind(self.server_address)
OSError: [Errno 49] Can't assign requested address
Exception in thread updater:
Traceback (most recent call last):
  File "/Library/Frameworks/Python.framework/Versions/3.5/lib/python3.5/threading.py", line 923, in _bootstrap_inner
    self.run()
  File "/Library/Frameworks/Python.framework/Versions/3.5/lib/python3.5/threading.py", line 871, in run
    self._target(*self._args, **self._kwargs)
  File "/Users/gasabr/.virtualenvs/mcclose/lib/python3.5/site-packages/telegram/ext/updater.py", line 115, in _thread_wrapper
    target(*args, **kwargs)
  File "/Users/gasabr/.virtualenvs/mcclose/lib/python3.5/site-packages/telegram/ext/updater.py", line 281, in _start_webhook
    self.bot)
  File "/Users/gasabr/.virtualenvs/mcclose/lib/python3.5/site-packages/telegram/utils/webhookhandler.py", line 28, in __init__
    super(WebhookServer, self).__init__(server_address, RequestHandlerClass)
  File "/Library/Frameworks/Python.framework/Versions/3.5/lib/python3.5/socketserver.py", line 443, in __init__
    self.server_bind()
  File "/Library/Frameworks/Python.framework/Versions/3.5/lib/python3.5/http/server.py", line 138, in server_bind
    socketserver.TCPServer.server_bind(self)
  File "/Library/Frameworks/Python.framework/Versions/3.5/lib/python3.5/socketserver.py", line 457, in server_bind
    self.socket.bind(self.server_address)
OSError: [Errno 49] Can't assign requested address

2017-02-20 19:25:26,210 - telegram.ext.dispatcher - CRITICAL - stopping due to exception in another thread
^C^C2017-02-20 19:25:38,117 - telegram.ext.updater - WARNING - Exiting immediately!
(mcclose) gasabr@gasabrMacPro:MCClosest$ ./main.py 
2017-02-20 19:25:39,788 - telegram.ext.updater - ERROR - unhandled exception
Traceback (most recent call last):
  File "/Users/gasabr/.virtualenvs/mcclose/lib/python3.5/site-packages/telegram/ext/updater.py", line 115, in _thread_wrapper
    target(*args, **kwargs)
  File "/Users/gasabr/.virtualenvs/mcclose/lib/python3.5/site-packages/telegram/ext/updater.py", line 281, in _start_webhook
    self.bot)
  File "/Users/gasabr/.virtualenvs/mcclose/lib/python3.5/site-packages/telegram/utils/webhookhandler.py", line 28, in __init__
    super(WebhookServer, self).__init__(server_address, RequestHandlerClass)
  File "/Library/Frameworks/Python.framework/Versions/3.5/lib/python3.5/socketserver.py", line 443, in __init__
    self.server_bind()
  File "/Library/Frameworks/Python.framework/Versions/3.5/lib/python3.5/http/server.py", line 138, in server_bind
    socketserver.TCPServer.server_bind(self)
  File "/Library/Frameworks/Python.framework/Versions/3.5/lib/python3.5/socketserver.py", line 457, in server_bind
    self.socket.bind(self.server_address)
OSError: [Errno 49] Can't assign requested address
Exception in thread updater:
Traceback (most recent call last):
  File "/Library/Frameworks/Python.framework/Versions/3.5/lib/python3.5/threading.py", line 923, in _bootstrap_inner
    self.run()
  File "/Library/Frameworks/Python.framework/Versions/3.5/lib/python3.5/threading.py", line 871, in run
    self._target(*self._args, **self._kwargs)
  File "/Users/gasabr/.virtualenvs/mcclose/lib/python3.5/site-packages/telegram/ext/updater.py", line 115, in _thread_wrapper
    target(*args, **kwargs)
  File "/Users/gasabr/.virtualenvs/mcclose/lib/python3.5/site-packages/telegram/ext/updater.py", line 281, in _start_webhook
    self.bot)
  File "/Users/gasabr/.virtualenvs/mcclose/lib/python3.5/site-packages/telegram/utils/webhookhandler.py", line 28, in __init__
    super(WebhookServer, self).__init__(server_address, RequestHandlerClass)
  File "/Library/Frameworks/Python.framework/Versions/3.5/lib/python3.5/socketserver.py", line 443, in __init__
    self.server_bind()
  File "/Library/Frameworks/Python.framework/Versions/3.5/lib/python3.5/http/server.py", line 138, in server_bind
    socketserver.TCPServer.server_bind(self)
  File "/Library/Frameworks/Python.framework/Versions/3.5/lib/python3.5/socketserver.py", line 457, in server_bind
    self.socket.bind(self.server_address)
OSError: [Errno 49] Can't assign requested address

2017-02-20 19:25:40,792 - telegram.ext.dispatcher - CRITICAL - stopping due to exception in another thread
^C(mcclose) gasabr@gasabrMacPro:MCClosest$ 
(mcclose) gasabr@gasabrMacPro:MCClosest$ ssh root@$SC_IP
root@89.223.24.171's password: 
Welcome to Ubuntu 16.04 LTS (GNU/Linux 4.4.0-21-generic x86_64)

 * Documentation:  https://help.ubuntu.com/
Last login: Mon Feb 20 22:27:18 2017 from 212.16.19.3
root@138273:~# ls 
MCClosest  Python-3.5.1  mcclosest.log  run-mcclosest.sh  server.crt  server.csr  server.key  server.key.org  source  webhook_cert.pem  webhook_pkey.pem
root@138273:~# ls /home/gasabr/MCClosest/
README.md  __pycache__  cert.pem  config.py  main.py  parser.py  private.key  requirements.txt
root@138273:~# rm server.csr 
root@138273:~# rm server.crt 
root@138273:~# rm server.key 
root@138273:~# rm server.key.org 
root@138273:~# cat source        
/usr/local/bin/virtualenvwrapper.sh
root@138273:~# rm source 
root@138273:~# rm webhook_*
root@138273:~# ls
MCClosest  Python-3.5.1  mcclosest.log  run-mcclosest.sh
root@138273:~# nano run-mcclosest.sh 
root@138273:~# cd MCClosest/
root@138273:~/MCClosest# ls
README.md  __pycache__  config.py  main.py  parser.py  requirements.txt  webhook_cert.pem  webhook_pkey.pem
root@138273:~/MCClosest# cd /home/gasabr/MCClosest/
root@138273:/home/gasabr/MCClosest# ls
README.md  __pycache__  cert.pem  config.py  main.py  parser.py  private.key  requirements.txt
root@138273:/home/gasabr/MCClosest# openssl req -newkey rsa:2048 -sha256 -nodes -keyout root_private.key -x509 -days 365 -out root_cert.pem
Generating a 2048 bit RSA private key
.....................+++
...........+++
writing new private key to 'root_private.key'
-----
You are about to be asked to enter information that will be incorporated
into your certificate request.
What you are about to enter is what is called a Distinguished Name or a DN.
There are quite a few fields but you can leave some blank
For some fields there will be a default value,
If you enter '.', the field will be left blank.
-----
Country Name (2 letter code) [AU]:RU
State or Province Name (full name) [Some-State]:Moscow
Locality Name (eg, city) []:Moscow
Organization Name (eg, company) [Internet Widgits Pty Ltd]:.
Organizational Unit Name (eg, section) []:.
Common Name (e.g. server FQDN or YOUR name) []:138273.simplecloud.club
Email Address []:abroskingleb@gmail.com
root@138273:/home/gasabr/MCClosest# nano config.py 
root@138273:/home/gasabr/MCClosest# cd
root@138273:~# ls
MCClosest  Python-3.5.1  mcclosest.log  run-mcclosest.sh
root@138273:~# ./run-mcclosest.sh status
 * /home/gasabr/MCClosest/main.py is running
root@138273:~# ./run-mcclosest.sh stop  
 * Stopping system MCClosestBot daemon                                                                                                                                                             [ OK ] 
root@138273:~# ./run-mcclosest.sh start
 * Starting system MCClosestBot daemon                                                                                                                                                             [ OK ] 
root@138273:~# cat mcclosest.log 
2017-02-20 22:30:29,766 - __main__ - INFO - everything is set up.
2017-02-20 22:30:29,813 - telegram.ext.updater - ERROR - unhandled exception
Traceback (most recent call last):
  File "/home/gasabr/.virtualenvs/mcclosest/lib/python3.5/site-packages/telegram/ext/updater.py", line 115, in _thread_wrapper
    target(*args, **kwargs)
  File "/home/gasabr/.virtualenvs/mcclosest/lib/python3.5/site-packages/telegram/ext/updater.py", line 284, in _start_webhook
    self._check_ssl_cert(cert, key)
  File "/home/gasabr/.virtualenvs/mcclosest/lib/python3.5/site-packages/telegram/ext/updater.py", line 318, in _check_ssl_cert
    raise TelegramError('SSL Certificate invalid')
telegram.error.TelegramError: SSL Certificate invalid
2017-02-20 22:30:30,767 - telegram.ext.dispatcher - CRITICAL - stopping due to exception in another thread
2017-02-20 22:30:35,025 - telegram.utils.webhookhandler - WARNING - Webhook Server already stopped.
2017-02-20 22:30:35,593 - telegram.ext.updater - WARNING - Exiting immediately!
root@138273:~# cd /home/gasabr/
root@138273:/home/gasabr# cat mcclosest.log 
2017-02-20 22:25:22,663 - __main__ - INFO - everything is set up.
2017-02-20 22:25:28,939 - telegram.ext.updater - WARNING - Exiting immediately!
2017-02-20 22:30:44,014 - __main__ - INFO - everything is set up.
2017-02-20 22:30:47,653 - telegram.ext.updater - WARNING - Exiting immediately!
root@138273:/home/gasabr# cd MCClosest/
root@138273:/home/gasabr/MCClosest# ls       
README.md  __pycache__  cert.pem  config.py  main.py  parser.py  private.key  requirements.txt  root_cert.pem  root_private.key
root@138273:/home/gasabr/MCClosest# ./main.py 
Traceback (most recent call last):
  File "./main.py", line 3, in <module>
    import requests
ImportError: No module named 'requests'
root@138273:/home/gasabr/MCClosest# cd ../
root@138273:/home/gasabr# .virtualenvs/mcclosest/bin/python ./MCClosest/main.py
Exception in thread updater:
Traceback (most recent call last):
  File "/usr/lib/python3.5/threading.py", line 914, in _bootstrap_inner
    self.run()
  File "/usr/lib/python3.5/threading.py", line 862, in run
    self._target(*self._args, **self._kwargs)
  File "/home/gasabr/.virtualenvs/mcclosest/lib/python3.5/site-packages/telegram/ext/updater.py", line 115, in _thread_wrapper
    target(*args, **kwargs)
  File "/home/gasabr/.virtualenvs/mcclosest/lib/python3.5/site-packages/telegram/ext/updater.py", line 281, in _start_webhook
    self.bot)
  File "/home/gasabr/.virtualenvs/mcclosest/lib/python3.5/site-packages/telegram/utils/webhookhandler.py", line 28, in __init__
    super(WebhookServer, self).__init__(server_address, RequestHandlerClass)
  File "/usr/lib/python3.5/socketserver.py", line 440, in __init__
    self.server_bind()
  File "/usr/lib/python3.5/http/server.py", line 138, in server_bind
    socketserver.TCPServer.server_bind(self)
  File "/usr/lib/python3.5/socketserver.py", line 454, in server_bind
    self.socket.bind(self.server_address)
OSError: [Errno 98] Address already in use

^Croot@138273:/home/gasabr# ^C
root@138273:/home/gasabr# ~/run-mcclosest.sh stop
 * Stopping system MCClosestBot daemon                                                                                                                                                             [ OK ] 
root@138273:/home/gasabr# .virtualenvs/mcclosest/bin/python ./MCClosest/main.py
Exception in thread updater:
Traceback (most recent call last):
  File "/usr/lib/python3.5/threading.py", line 914, in _bootstrap_inner
    self.run()
  File "/usr/lib/python3.5/threading.py", line 862, in run
    self._target(*self._args, **self._kwargs)
  File "/home/gasabr/.virtualenvs/mcclosest/lib/python3.5/site-packages/telegram/ext/updater.py", line 115, in _thread_wrapper
    target(*args, **kwargs)
  File "/home/gasabr/.virtualenvs/mcclosest/lib/python3.5/site-packages/telegram/ext/updater.py", line 284, in _start_webhook
    self._check_ssl_cert(cert, key)
  File "/home/gasabr/.virtualenvs/mcclosest/lib/python3.5/site-packages/telegram/ext/updater.py", line 318, in _check_ssl_cert
    raise TelegramError('SSL Certificate invalid')
telegram.error.TelegramError: SSL Certificate invalid

^Croot@138273:/home/gasabr# ^C
root@138273:/home/gasabr# cd MCClosest/
root@138273:/home/gasabr/MCClosest# nano config.py 
root@138273:/home/gasabr/MCClosest# ls
README.md  __pycache__  cert.pem  config.py  main.py  parser.py  private.key  requirements.txt  root_cert.pem  root_private.key
root@138273:/home/gasabr/MCClosest# ls -al
total 68
drwxr-xr-x 4 gasabr gasabr 4096 Feb 21 00:23 .
drwxr-xr-x 9 gasabr gasabr 4096 Feb 21 00:09 ..
-rw-r--r-- 1 gasabr gasabr 6148 Feb 20 21:38 .DS_Store
drwxr-xr-x 7 gasabr gasabr 4096 Feb 12 14:57 .git
-rw-r--r-- 1 gasabr gasabr   21 Feb 20 21:38 .gitignore
-rw-r--r-- 1 gasabr gasabr  253 Feb 20 21:38 README.md
drwxr-xr-x 2 gasabr gasabr 4096 Feb 21 00:20 __pycache__
-rw-r--r-- 1 gasabr gasabr 1273 Feb 20 21:48 cert.pem
-rw-r--r-- 1 gasabr gasabr  955 Feb 21 00:20 config.py
-rwxr-xr-x 1 gasabr gasabr 6264 Feb 20 22:25 main.py
-rwxr-xr-x 1 gasabr gasabr 2516 Feb 20 21:38 parser.py
-rw-r--r-- 1 gasabr gasabr 1704 Feb 20 21:48 private.key
-rw-r--r-- 1 gasabr gasabr  213 Feb 20 21:38 requirements.txt
-rw-r--r-- 1 root   root   1367 Feb 21 00:19 root_cert.pem
-rw-r--r-- 1 root   root   1704 Feb 21 00:19 root_private.key
root@138273:/home/gasabr/MCClosest# cdmod 777 root_*
-bash: cdmod: command not found
root@138273:/home/gasabr/MCClosest# chmod 777 root_*
root@138273:/home/gasabr/MCClosest# cd ../
root@138273:/home/gasabr# .virtualenvs/mcclosest/bin/python ./MCClosest/main.py
Exception in thread updater:
Traceback (most recent call last):
  File "/usr/lib/python3.5/threading.py", line 914, in _bootstrap_inner
    self.run()
  File "/usr/lib/python3.5/threading.py", line 862, in run
    self._target(*self._args, **self._kwargs)
  File "/home/gasabr/.virtualenvs/mcclosest/lib/python3.5/site-packages/telegram/ext/updater.py", line 115, in _thread_wrapper
    target(*args, **kwargs)
  File "/home/gasabr/.virtualenvs/mcclosest/lib/python3.5/site-packages/telegram/ext/updater.py", line 284, in _start_webhook
    self._check_ssl_cert(cert, key)
  File "/home/gasabr/.virtualenvs/mcclosest/lib/python3.5/site-packages/telegram/ext/updater.py", line 318, in _check_ssl_cert
    raise TelegramError('SSL Certificate invalid')
telegram.error.TelegramError: SSL Certificate invalid

^C^Croot@138273:/home/gasabr# cd
root@138273:~# cd /home/gasabr/MCClosest/
root@138273:/home/gasabr/MCClosest# nano config.py 
root@138273:/home/gasabr/MCClosest# cd ../
root@138273:/home/gasabr# .virtualenvs/mcclosest/bin/python ./MCClosest/main.py
Exception in thread updater:
Traceback (most recent call last):
  File "/usr/lib/python3.5/threading.py", line 914, in _bootstrap_inner
    self.run()
  File "/usr/lib/python3.5/threading.py", line 862, in run
    self._target(*self._args, **self._kwargs)
  File "/home/gasabr/.virtualenvs/mcclosest/lib/python3.5/site-packages/telegram/ext/updater.py", line 115, in _thread_wrapper
    target(*args, **kwargs)
  File "/home/gasabr/.virtualenvs/mcclosest/lib/python3.5/site-packages/telegram/ext/updater.py", line 284, in _start_webhook
    self._check_ssl_cert(cert, key)
  File "/home/gasabr/.virtualenvs/mcclosest/lib/python3.5/site-packages/telegram/ext/updater.py", line 313, in _check_ssl_cert
    self.httpd.socket, certfile=cert, keyfile=key, server_side=True)
  File "/usr/lib/python3.5/ssl.py", line 1069, in wrap_socket
    ciphers=ciphers)
  File "/usr/lib/python3.5/ssl.py", line 691, in __init__
    self._context.load_cert_chain(certfile, keyfile)
FileNotFoundError: [Errno 2] No such file or directory

^X^C^Croot@138273:/home/gasabr# cd MCClosest/
root@138273:/home/gasabr/MCClosest# ls
README.md  __pycache__  cert.pem  config.py  main.py  parser.py  private.key  requirements.txt  root_cert.pem  root_private.key
root@138273:/home/gasabr/MCClosest# nano config.py 
root@138273:/home/gasabr/MCClosest# cd ../
root@138273:/home/gasabr# .virtualenvs/mcclosest/bin/python ./MCClosest/main.py
^Croot@138273:/home/gasabr# cd
root@138273:~# pwd
/root
root@138273:~# 
root@138273:~# /home/gasabr/.virtualenvs/mcclosest/bin/python /home/gasabr/MCClosest/main.py 
Exception in thread updater:
Traceback (most recent call last):
  File "/usr/lib/python3.5/threading.py", line 914, in _bootstrap_inner
    self.run()
  File "/usr/lib/python3.5/threading.py", line 862, in run
    self._target(*self._args, **self._kwargs)
  File "/home/gasabr/.virtualenvs/mcclosest/lib/python3.5/site-packages/telegram/ext/updater.py", line 115, in _thread_wrapper
    target(*args, **kwargs)
  File "/home/gasabr/.virtualenvs/mcclosest/lib/python3.5/site-packages/telegram/ext/updater.py", line 284, in _start_webhook
    self._check_ssl_cert(cert, key)
  File "/home/gasabr/.virtualenvs/mcclosest/lib/python3.5/site-packages/telegram/ext/updater.py", line 318, in _check_ssl_cert
    raise TelegramError('SSL Certificate invalid')
telegram.error.TelegramError: SSL Certificate invalid

^Croot@138273:~# ^C
root@138273:~# cd /home/gasabr/
root@138273:/home/gasabr# .virtualenvs/mcclosest/bin/python ./MCClosest/main.py
^C^Croot@138273:/home/gasabr# cd 
root@138273:~# nano run-mcclosest.sh 
root@138273:~# ls /var/
backups  cache  lib  local  lock  log  mail  opt  run  spool  tmp
root@138273:~# ls /var/run/
MCClosestBot.pid  acpid.socket   crond.pid     dhclient.eth0.pid  initramfs  log           mount    ntpd.pid    sendsigs.omit.d  sshd      sudo     tmpfiles.d  user
acpid.pid         agetty.reload  crond.reboot  initctl            lock       motd.dynamic  network  resolvconf  shm              sshd.pid  systemd  udev        utmp
root@138273:~# cat /var/run/MCClosestBot.pid 
15990
root@138273:~# kill 15990
-bash: kill: (15990) - No such process
root@138273:~# cd /home/gasabr/MCClosest/config.py 
-bash: cd: /home/gasabr/MCClosest/config.py: Not a directory
root@138273:~# nano /home/gasabr/MCClosest/config.py 
root@138273:~# 
root@138273:~# nano /home/gasabr/MCClosest/main.py 
root@138273:~# nano /etc/init.d/run-mcclosest.sh 
root@138273:~# /etc/init.d/run-mcclosest.sh 
root@138273:~# /etc/init.d/run-mcclosest.sh start
starting bot
/etc/init.d/run-mcclosest.sh: line 10: chdir: command not found
2017-02-21 00:57:09,111 - telegram.ext.updater - ERROR - unhandled exception
Traceback (most recent call last):
  File "/root/.virtualenvs/mcclosest/lib/python3.5/site-packages/telegram/ext/updater.py", line 115, in _thread_wrapper
    target(*args, **kwargs)
  File "/root/.virtualenvs/mcclosest/lib/python3.5/site-packages/telegram/ext/updater.py", line 284, in _start_webhook
    self._check_ssl_cert(cert, key)
  File "/root/.virtualenvs/mcclosest/lib/python3.5/site-packages/telegram/ext/updater.py", line 318, in _check_ssl_cert
    raise TelegramError('SSL Certificate invalid')
telegram.error.TelegramError: SSL Certificate invalid
Exception in thread updater:
Traceback (most recent call last):
  File "/usr/lib/python3.5/threading.py", line 914, in _bootstrap_inner
    self.run()
  File "/usr/lib/python3.5/threading.py", line 862, in run
    self._target(*self._args, **self._kwargs)
  File "/root/.virtualenvs/mcclosest/lib/python3.5/site-packages/telegram/ext/updater.py", line 115, in _thread_wrapper
    target(*args, **kwargs)
  File "/root/.virtualenvs/mcclosest/lib/python3.5/site-packages/telegram/ext/updater.py", line 284, in _start_webhook
    self._check_ssl_cert(cert, key)
  File "/root/.virtualenvs/mcclosest/lib/python3.5/site-packages/telegram/ext/updater.py", line 318, in _check_ssl_cert
    raise TelegramError('SSL Certificate invalid')
telegram.error.TelegramError: SSL Certificate invalid

2017-02-21 00:57:10,039 - telegram.ext.dispatcher - CRITICAL - stopping due to exception in another thread
^C
root@138273:~# 2017-02-21 00:57:13,563 - telegram.utils.webhookhandler - WARNING - Webhook Server already stopped.
^C
root@138273:~# nano /etc/init.d/run-mcclosest.sh 
root@138273:~# /etc/init.d/run-mcclosest.sh start
starting bot
2017-02-21 00:57:54,146 - telegram.ext.updater - ERROR - unhandled exception
Traceback (most recent call last):
  File "/root/.virtualenvs/mcclosest/lib/python3.5/site-packages/telegram/ext/updater.py", line 115, in _thread_wrapper
    target(*args, **kwargs)
  File "/root/.virtualenvs/mcclosest/lib/python3.5/site-packages/telegram/ext/updater.py", line 284, in _start_webhook
    self._check_ssl_cert(cert, key)
  File "/root/.virtualenvs/mcclosest/lib/python3.5/site-packages/telegram/ext/updater.py", line 318, in _check_ssl_cert
    raise TelegramError('SSL Certificate invalid')
telegram.error.TelegramError: SSL Certificate invalid
Exception in thread updater:
Traceback (most recent call last):
  File "/usr/lib/python3.5/threading.py", line 914, in _bootstrap_inner
    self.run()
  File "/usr/lib/python3.5/threading.py", line 862, in run
    self._target(*self._args, **self._kwargs)
  File "/root/.virtualenvs/mcclosest/lib/python3.5/site-packages/telegram/ext/updater.py", line 115, in _thread_wrapper
    target(*args, **kwargs)
  File "/root/.virtualenvs/mcclosest/lib/python3.5/site-packages/telegram/ext/updater.py", line 284, in _start_webhook
    self._check_ssl_cert(cert, key)
  File "/root/.virtualenvs/mcclosest/lib/python3.5/site-packages/telegram/ext/updater.py", line 318, in _check_ssl_cert
    raise TelegramError('SSL Certificate invalid')
telegram.error.TelegramError: SSL Certificate invalid

2017-02-21 00:57:55,078 - telegram.ext.dispatcher - CRITICAL - stopping due to exception in another thread
^C
root@138273:~# 2017-02-21 00:58:02,477 - telegram.utils.webhookhandler - WARNING - Webhook Server already stopped.
^C
root@138273:~# nano /etc/init.d/run-mcclosest.sh 
root@138273:~# /etc/init.d/run-mcclosest.sh start
starting bot
/etc/init.d/run-mcclosest.sh: line 11: /root: Is a directory
2017-02-21 00:58:29,577 - telegram.ext.updater - ERROR - unhandled exception
Traceback (most recent call last):
  File "/root/.virtualenvs/mcclosest/lib/python3.5/site-packages/telegram/ext/updater.py", line 115, in _thread_wrapper
    target(*args, **kwargs)
  File "/root/.virtualenvs/mcclosest/lib/python3.5/site-packages/telegram/ext/updater.py", line 284, in _start_webhook
    self._check_ssl_cert(cert, key)
  File "/root/.virtualenvs/mcclosest/lib/python3.5/site-packages/telegram/ext/updater.py", line 318, in _check_ssl_cert
    raise TelegramError('SSL Certificate invalid')
telegram.error.TelegramError: SSL Certificate invalid
Exception in thread updater:
Traceback (most recent call last):
  File "/usr/lib/python3.5/threading.py", line 914, in _bootstrap_inner
    self.run()
  File "/usr/lib/python3.5/threading.py", line 862, in run
    self._target(*self._args, **self._kwargs)
  File "/root/.virtualenvs/mcclosest/lib/python3.5/site-packages/telegram/ext/updater.py", line 115, in _thread_wrapper
    target(*args, **kwargs)
  File "/root/.virtualenvs/mcclosest/lib/python3.5/site-packages/telegram/ext/updater.py", line 284, in _start_webhook
    self._check_ssl_cert(cert, key)
  File "/root/.virtualenvs/mcclosest/lib/python3.5/site-packages/telegram/ext/updater.py", line 318, in _check_ssl_cert
    raise TelegramError('SSL Certificate invalid')
telegram.error.TelegramError: SSL Certificate invalid

2017-02-21 00:58:30,533 - telegram.ext.dispatcher - CRITICAL - stopping due to exception in another thread
cc^C
root@138273:~# 2017-02-21 00:58:51,349 - telegram.utils.webhookhandler - WARNING - Webhook Server already stopped.
^C
root@138273:~# pwd
/root
root@138273:~# cat pwd
cat: pwd: No such file or directory
root@138273:~# pwd
/root
root@138273:~# python --help
-bash: python: command not found
root@138273:~# python3 --help
usage: python3 [option] ... [-c cmd | -m mod | file | -] [arg] ...
Options and arguments (and corresponding environment variables):
-b     : issue warnings about str(bytes_instance), str(bytearray_instance)
         and comparing bytes/bytearray with str. (-bb: issue errors)
-B     : don't write .py[co] files on import; also PYTHONDONTWRITEBYTECODE=x
-c cmd : program passed in as string (terminates option list)
-d     : debug output from parser; also PYTHONDEBUG=x
-E     : ignore PYTHON* environment variables (such as PYTHONPATH)
-h     : print this help message and exit (also --help)
-i     : inspect interactively after running script; forces a prompt even
         if stdin does not appear to be a terminal; also PYTHONINSPECT=x
-I     : isolate Python from the user's environment (implies -E and -s)
-m mod : run library module as a script (terminates option list)
-O     : optimize generated bytecode slightly; also PYTHONOPTIMIZE=x
-OO    : remove doc-strings in addition to the -O optimizations
-q     : don't print version and copyright messages on interactive startup
-s     : don't add user site directory to sys.path; also PYTHONNOUSERSITE
-S     : don't imply 'import site' on initialization
-u     : unbuffered binary stdout and stderr, stdin always buffered;
         also PYTHONUNBUFFERED=x
         see man page for details on internal buffering relating to '-u'
-v     : verbose (trace import statements); also PYTHONVERBOSE=x
         can be supplied multiple times to increase verbosity
-V     : print the Python version number and exit (also --version)
-W arg : warning control; arg is action:message:category:module:lineno
         also PYTHONWARNINGS=arg
-x     : skip first line of source, allowing use of non-Unix forms of #!cmd
-X opt : set implementation-specific option
file   : program read from script file
-      : program read from stdin (default; interactive mode if a tty)
arg ...: arguments passed to program in sys.argv[1:]

Other environment variables:
PYTHONSTARTUP: file executed on interactive startup (no default)
PYTHONPATH   : ':'-separated list of directories prefixed to the
               default module search path.  The result is sys.path.
PYTHONHOME   : alternate <prefix> directory (or <prefix>:<exec_prefix>).
               The default module search path uses <prefix>/pythonX.X.
PYTHONCASEOK : ignore case in 'import' statements (Windows).
PYTHONIOENCODING: Encoding[:errors] used for stdin/stdout/stderr.
PYTHONFAULTHANDLER: dump the Python traceback on fatal errors.
PYTHONHASHSEED: if this variable is set to 'random', a random value is used
   to seed the hashes of str, bytes and datetime objects.  It can also be
   set to an integer in the range [0,4294967295] to get hash values with a
   predictable seed.
root@138273:~# cd /home/gasabr/ && .virtualenvs/mcclosest/bin/python MCClosest/main.py 
Traceback (most recent call last):
  File "MCClosest/main.py", line 19, in <module>
    os.write('{}'.format(pid))
TypeError: write() takes exactly 2 arguments (1 given)
root@138273:/home/gasabr# nano /home/gasabr/MCClosest/main.py 
root@138273:/home/gasabr# cd /home/gasabr/ && .virtualenvs/mcclosest/bin/python MCClosest/main.py 
Traceback (most recent call last):
  File "MCClosest/main.py", line 19, in <module>
    os.write(fp, '{}'.format(pid))
TypeError: an integer is required (got type _io.TextIOWrapper)
root@138273:/home/gasabr# nano /home/gasabr/MCClosest/main.py 
root@138273:/home/gasabr# cd /home/gasabr/ && .virtualenvs/mcclosest/bin/python MCClosest/main.py 
Traceback (most recent call last):
  File "MCClosest/main.py", line 19, in <module>
    os.write(fp, '%d' % pid)
TypeError: an integer is required (got type _io.TextIOWrapper)
root@138273:/home/gasabr# nano /home/gasabr/MCClosest/main.py 
root@138273:/home/gasabr# cd /home/gasabr/ && .virtualenvs/mcclosest/bin/python MCClosest/main.py 
Traceback (most recent call last):
  File "MCClosest/main.py", line 18, in <module>
    op = os.open('/var/run/MCClosestBot.pid', 'w+')
TypeError: an integer is required (got type str)
root@138273:/home/gasabr# nano /home/gasabr/MCClosest/main.py 
root@138273:/home/gasabr# nano /home/gasabr/MCClosest/main.py 
root@138273:/home/gasabr# cd /home/gasabr/ && .virtualenvs/mcclosest/bin/python MCClosest/main.py 
Traceback (most recent call last):
  File "MCClosest/main.py", line 18, in <module>
    op = os.open('/var/run/MCClosestBot.pid', 'w')
TypeError: an integer is required (got type str)
root@138273:/home/gasabr# nano /home/gasabr/MCClosest/main.py 
root@138273:/home/gasabr# cd /home/gasabr/ && .virtualenvs/mcclosest/bin/python MCClosest/main.py 
Traceback (most recent call last):
  File "MCClosest/main.py", line 18, in <module>
    op = os.open("/var/run/MCClosestBot.pid", "w")
TypeError: an integer is required (got type str)
root@138273:/home/gasabr# nano /home/gasabr/MCClosest/main.py 
root@138273:/home/gasabr# cd /home/gasabr/ && .virtualenvs/mcclosest/bin/python MCClosest/main.py 
Traceback (most recent call last):
  File "MCClosest/main.py", line 18, in <module>
    op = os.open("/var/run/MCClosestBot.pid", "w")
TypeError: an integer is required (got type str)
root@138273:/home/gasabr# nano /home/gasabr/MCClosest/main.py 
root@138273:/home/gasabr# cd /home/gasabr/ && .virtualenvs/mcclosest/bin/python MCClosest/main.py 
Traceback (most recent call last):
  File "MCClosest/main.py", line 19, in <module>
    op.write('{}'.format(pid))
AttributeError: 'int' object has no attribute 'write'
root@138273:/home/gasabr# nano /home/gasabr/MCClosest/main.py 
root@138273:/home/gasabr# cd /home/gasabr/ && .virtualenvs/mcclosest/bin/python MCClosest/main.py 
Traceback (most recent call last):
  File "MCClosest/main.py", line 19, in <module>
    os.write(op, '{}'.format(pid))
TypeError: a bytes-like object is required, not 'str'
root@138273:/home/gasabr# nano /home/gasabr/MCClosest/main.py 
root@138273:/home/gasabr# cd /home/gasabr/ && .virtualenvs/mcclosest/bin/python MCClosest/main.py 
Traceback (most recent call last):
  File "MCClosest/main.py", line 20, in <module>
    op.close()
AttributeError: 'int' object has no attribute 'close'
root@138273:/home/gasabr# nano /home/gasabr/MCClosest/main.py 
root@138273:/home/gasabr# cd /home/gasabr/ && .virtualenvs/mcclosest/bin/python MCClosest/main.py 
^C^Croot@138273:/home/gasabr# 
root@138273:/home/gasabr# nano /etc/init.d/run
run-mcclosest.sh  run_mcclosest.sh  
root@138273:/home/gasabr# nano /etc/init.d/run-mcclosest.sh 
root@138273:/home/gasabr# /etc/init.d/run-mcclosest.sh start
starting bot
^C^Croot@138273:/home/gasabr# /etc/init.d/run-mcclosest.sh stop 
stoping
/etc/init.d/run-mcclosest.sh: line 16: kill: (19418) - No such process
root@138273:/home/gasabr# nano /etc/init.d/run-mcclosest.sh 
root@138273:/home/gasabr# /etc/init.d/run-mcclosest.sh start
root@138273:/home/gasabr# /etc/init.d/run-mcclosest.sh stop
root@138273:/home/gasabr# /etc/init.d/run-mcclosest.sh start
root@138273:/home/gasabr# Exception in thread updater:
Traceback (most recent call last):
  File "/usr/lib/python3.5/threading.py", line 914, in _bootstrap_inner
    self.run()
  File "/usr/lib/python3.5/threading.py", line 862, in run
    self._target(*self._args, **self._kwargs)
  File "/home/gasabr/.virtualenvs/mcclosest/lib/python3.5/site-packages/telegram/ext/updater.py", line 115, in _thread_wrapper
    target(*args, **kwargs)
  File "/home/gasabr/.virtualenvs/mcclosest/lib/python3.5/site-packages/telegram/ext/updater.py", line 281, in _start_webhook
    self.bot)
  File "/home/gasabr/.virtualenvs/mcclosest/lib/python3.5/site-packages/telegram/utils/webhookhandler.py", line 28, in __init__
    super(WebhookServer, self).__init__(server_address, RequestHandlerClass)
  File "/usr/lib/python3.5/socketserver.py", line 440, in __init__
    self.server_bind()
  File "/usr/lib/python3.5/http/server.py", line 138, in server_bind
    socketserver.TCPServer.server_bind(self)
  File "/usr/lib/python3.5/socketserver.py", line 454, in server_bind
    self.socket.bind(self.server_address)
OSError: [Errno 98] Address already in use

^C
root@138273:/home/gasabr# ^C
root@138273:/home/gasabr# /etc/init.d/run-mcclosest.sh start
root@138273:/home/gasabr# Exception in thread updater:
Traceback (most recent call last):
  File "/usr/lib/python3.5/threading.py", line 914, in _bootstrap_inner
    self.run()
  File "/usr/lib/python3.5/threading.py", line 862, in run
    self._target(*self._args, **self._kwargs)
  File "/home/gasabr/.virtualenvs/mcclosest/lib/python3.5/site-packages/telegram/ext/updater.py", line 115, in _thread_wrapper
    target(*args, **kwargs)
  File "/home/gasabr/.virtualenvs/mcclosest/lib/python3.5/site-packages/telegram/ext/updater.py", line 281, in _start_webhook
    self.bot)
  File "/home/gasabr/.virtualenvs/mcclosest/lib/python3.5/site-packages/telegram/utils/webhookhandler.py", line 28, in __init__
    super(WebhookServer, self).__init__(server_address, RequestHandlerClass)
  File "/usr/lib/python3.5/socketserver.py", line 440, in __init__
    self.server_bind()
  File "/usr/lib/python3.5/http/server.py", line 138, in server_bind
    socketserver.TCPServer.server_bind(self)
  File "/usr/lib/python3.5/socketserver.py", line 454, in server_bind
    self.socket.bind(self.server_address)
OSError: [Errno 98] Address already in use

^C
root@138273:/home/gasabr# ^C
root@138273:/home/gasabr# ps -e | grep python
19528 pts/0    00:00:00 python
19554 pts/0    00:00:00 python
root@138273:/home/gasabr# echo /var/run/MCClosestBot.pid 
/var/run/MCClosestBot.pid
root@138273:/home/gasabr# cat /var/run/MCClosestBot.pid 
19554root@138273:/home/gasabr# kill (cat /var/run/MCClosestBot.pid)
-bash: syntax error near unexpected token `cat'
root@138273:/home/gasabr# kill $(cat /var/run/MCClosestBot.pid)
root@138273:/home/gasabr# ps -e | grep python
19528 pts/0    00:00:00 python
root@138273:/home/gasabr# kill 19528
root@138273:/home/gasabr# nano /etc/init.d/run-mcclosest.sh 
root@138273:/home/gasabr# /etc/init.d/run-mcclosest.sh start
root@138273:/home/gasabr# Connection to 89.223.24.171 closed.
(mcclose) gasabr@gasabrMacPro:MCClosest$ 
  [Restored 21 Feb 2017, 11:30:49]
Last login: Tue Feb 21 01:21:07 on ttys002
Restored session: Tue Feb 21 01:32:04 MSK 2017
gasabr@gasabrMacPro:MCClosest$ cd 
gasabr@gasabrMacPro:~$ cd AtoD/
gasabr@gasabrMacPro:AtoD$ workon AtoD
(AtoD) gasabr@gasabrMacPro:AtoD$ atom .
(AtoD) gasabr@gasabrMacPro:AtoD$ git status
On branch master
Untracked files:
  (use "git add <file>..." to include in what will be committed)

	atod/
	deprecated/
	dist/

nothing added to commit but untracked files present (use "git add" to track)
(AtoD) gasabr@gasabrMacPro:AtoD$ git pull github master
remote: Counting objects: 1, done.
remote: Total 1 (delta 0), reused 0 (delta 0), pack-reused 0
Unpacking objects: 100% (1/1), done.
From https://github.com/gasabr/AtoD
 * branch            master     -> FETCH_HEAD
   696b090..da4b23d  master     -> github/master
Updating 8027501..da4b23d
Fast-forward
 .gitignore                                      |     9 +-
 CHANGES.txt                                     |     1 +
 LICENSE.txt                                     |    21 +
 MANIFEST.in                                     |     3 +
 README.md                                       |     8 -
 README.rst                                      |     4 +
 atod.egg-info/PKG-INFO                          |    18 +
 atod.egg-info/SOURCES.txt                       |    52 +
 atod.egg-info/dependency_links.txt              |     1 +
 atod.egg-info/top_level.txt                     |     1 +
 atod/.gitignore                                 |     3 +
 atod/__init__.py                                |     0
 atod/data/AtoD.db                               |   Bin 0 -> 229376 bytes
 {data => atod/data}/The International 2016.json |     0
 {data => atod/data}/acc_id_to_role.json         |     0
 {data => atod/data}/bad-matches.txt             |     0
 atod/data/classes.xlsx                          |   Bin 0 -> 5649 bytes
 atod/data/converter.json                        |   228 +
 {data => atod/data}/dota-data.xlsx              |   Bin
 atod/data/from-game/changes-items.txt           |    12 +
 atod/data/from-game/items.json                  |  6675 +++++++++++++++++++++
 atod/data/from-game/items.txt                   | 11448 ++++++++++++++++++++++++++++++++++++
 atod/data/from-game/npc_abilities.json          | 25510 +++++++++++++++++++++++++++++++++++++++++++++++++++++++++++++++++++++++++++++++
 atod/data/from-game/npc_abilities.txt           | 46447 ++++++++++++++++++++++++++++++++++++++++++++++++++++++++++++++++++++++++++++++++++++++++++++++++++++++++++++++++++++++++++++++++++++++++++++++++
 atod/data/from-game/npc_heroes.json             | 18554 ++++++++++++++++++++++++++++++++++++++++++++++++++++++++++
 atod/data/from-game/npc_heroes.txt              | 21248 ++++++++++++++++++++++++++++++++++++++++++++++++++++++++++++++++++
 atod/data/from-game/npc_popular_items.json      |     1 +
 atod/data/from-game/npc_popular_items.txt       |  1929 ++++++
 atod/data/from-game/npc_units.json              | 10677 +++++++++++++++++++++++++++++++++
 atod/data/from-game/npc_units.txt               | 18997 +++++++++++++++++++++++++++++++++++++++++++++++++++++++++++
 {data => atod/data}/heroes-features.json        |    40 +-
 atod/data/heroes_table.html                     |  6474 ++++++++++++++++++++
 atod/data/items_types.json                      |   341 ++
 {data => atod/data}/picks-sum-weighted.json     |     0
 {data => atod/data}/picks-sum.json              |     0
 {data => atod/data}/teams.json                  |     0
 {data => atod/data}/ti-lan.json                 |     0
 {data => atod/data}/ti_matches.json             |     0
 {data => atod/data}/ti_matches_id.json          |     0
 {data => atod/data}/ti_rosters.json             |     0
 {data => atod/data}/tmp_data.json               |     0
 atod/hero.py                                    |    59 +
 atod/models.py                                  |    40 +
 atod/parser.py                                  |   109 +
 atod/settings.py                                |    98 +
 atod/setup.py                                   |     6 +
 atod/setup_db.py                                |    15 +
 atod/tests.py                                   |    15 +
 atod/tests/__init__.py                          |     0
 atod/tests/tests.py                             |    15 +
 atod/tools/__init__.py                          |     0
 atod/tools/db_content.py                        |    33 +
 atod/tools/excel.py                             |    22 +
 atod/tools/files_analyst.py                     |    65 +
 atod/tools/game_files.py                        |   277 +
 code/data-to-json.py                            |    33 -
 code/get-patch-matches.py                       |    37 -
 code/hero.py                                    |    23 -
 code/league.py                                  |   241 -
 code/main.py                                    |    46 -
 code/match.py                                   |    84 -
 code/migrate-to-db.py                           |   116 -
 code/pick.py                                    |    42 -
 code/player.py                                  |    42 -
 code/team.py                                    |    76 -
 code/test.py                                    |   125 -
 docs/Hero.xml                                   |     1 +
 requirements.txt                                |    16 +
 setup.py                                        |    27 +
 69 files changed, 169482 insertions(+), 883 deletions(-)
 create mode 100644 CHANGES.txt
 create mode 100644 LICENSE.txt
 create mode 100644 MANIFEST.in
 delete mode 100644 README.md
 create mode 100644 README.rst
 create mode 100644 atod.egg-info/PKG-INFO
 create mode 100644 atod.egg-info/SOURCES.txt
 create mode 100644 atod.egg-info/dependency_links.txt
 create mode 100644 atod.egg-info/top_level.txt
 create mode 100644 atod/.gitignore
 create mode 100644 atod/__init__.py
 create mode 100644 atod/data/AtoD.db
 rename {data => atod/data}/The International 2016.json (100%)
 rename {data => atod/data}/acc_id_to_role.json (100%)
 rename {data => atod/data}/bad-matches.txt (100%)
 create mode 100644 atod/data/classes.xlsx
 create mode 100644 atod/data/converter.json
 rename {data => atod/data}/dota-data.xlsx (100%)
 create mode 100644 atod/data/from-game/changes-items.txt
 create mode 100644 atod/data/from-game/items.json
 create mode 100755 atod/data/from-game/items.txt
 create mode 100644 atod/data/from-game/npc_abilities.json
 create mode 100755 atod/data/from-game/npc_abilities.txt
 create mode 100644 atod/data/from-game/npc_heroes.json
 create mode 100755 atod/data/from-game/npc_heroes.txt
 create mode 100644 atod/data/from-game/npc_popular_items.json
 create mode 100755 atod/data/from-game/npc_popular_items.txt
 create mode 100644 atod/data/from-game/npc_units.json
 create mode 100755 atod/data/from-game/npc_units.txt
 rename {data => atod/data}/heroes-features.json (97%)
 create mode 100644 atod/data/heroes_table.html
 create mode 100644 atod/data/items_types.json
 rename {data => atod/data}/picks-sum-weighted.json (100%)
 rename {data => atod/data}/picks-sum.json (100%)
 rename {data => atod/data}/teams.json (100%)
 rename {data => atod/data}/ti-lan.json (100%)
 rename {data => atod/data}/ti_matches.json (100%)
 rename {data => atod/data}/ti_matches_id.json (100%)
 rename {data => atod/data}/ti_rosters.json (100%)
 rename {data => atod/data}/tmp_data.json (100%)
 create mode 100644 atod/hero.py
 create mode 100755 atod/models.py
 create mode 100755 atod/parser.py
 create mode 100644 atod/settings.py
 create mode 100644 atod/setup.py
 create mode 100644 atod/setup_db.py
 create mode 100644 atod/tests.py
 create mode 100644 atod/tests/__init__.py
 create mode 100644 atod/tests/tests.py
 create mode 100644 atod/tools/__init__.py
 create mode 100644 atod/tools/db_content.py
 create mode 100644 atod/tools/excel.py
 create mode 100755 atod/tools/files_analyst.py
 create mode 100755 atod/tools/game_files.py
 delete mode 100755 code/data-to-json.py
 delete mode 100755 code/get-patch-matches.py
 delete mode 100644 code/hero.py
 delete mode 100644 code/league.py
 delete mode 100755 code/main.py
 delete mode 100644 code/match.py
 delete mode 100755 code/migrate-to-db.py
 delete mode 100644 code/pick.py
 delete mode 100644 code/player.py
 delete mode 100644 code/team.py
 delete mode 100755 code/test.py
 create mode 100644 docs/Hero.xml
 create mode 100644 requirements.txt
 create mode 100644 setup.py
(AtoD) gasabr@gasabrMacPro:AtoD$ ls
CHANGES.txt       MANIFEST.in       atod/             changes.md        dist/             requirements.txt
LICENSE.txt       README.rst        atod.egg-info/    deprecated/       docs/             setup.py
(AtoD) gasabr@gasabrMacPro:AtoD$ git status
On branch master
nothing to commit, working directory clean
(AtoD) gasabr@gasabrMacPro:AtoD$ 
  [Restored 21 Feb 2017, 16:28:14]
Last login: Tue Feb 21 11:30:49 on ttys002
Restored session: Tue Feb 21 13:19:39 MSK 2017
gasabr@gasabrMacPro:AtoD$ workon Atod
(AtoD) gasabr@gasabrMacPro:AtoD$ atom .
(AtoD) gasabr@gasabrMacPro:AtoD$ python3
Python 3.5.0 (v3.5.0:374f501f4567, Sep 12 2015, 11:00:19) 
[GCC 4.2.1 (Apple Inc. build 5666) (dot 3)] on darwin
Type "help", "copyright", "credits" or "license" for more information.
>>> a = '\t\t\t2'
>>> a
'\t\t\t2'
>>> a = 
  File "<stdin>", line 1
    a = 
       ^
SyntaxError: invalid syntax
>>> quit()
(AtoD) gasabr@gasabrMacPro:AtoD$ 
  [Restored 21 Feb 2017, 20:14:43]
Last login: Tue Feb 21 16:28:14 on ttys002
Restored session: Tue Feb 21 20:06:57 MSK 2017
gasabr@gasabrMacPro:AtoD$ cd '/Users/gasabr/Library/Application Support/Steam/steamapps/common/dota 2 beta/game/dota/scripts'
gasabr@gasabrMacPro:scripts$ open .
gasabr@gasabrMacPro:scripts$ x2
  [Restored 21 Feb 2017, 21:32:20]
Last login: Tue Feb 21 20:14:43 on ttys002
Restored session: Tue Feb 21 21:13:36 MSK 2017
gasabr@gasabrMacPro:scripts$ cd 
gasabr@gasabrMacPro:~$ cd AtoD/
gasabr@gasabrMacPro:AtoD$ workon AtoD
(AtoD) gasabr@gasabrMacPro:AtoD$ cd atod
(AtoD) gasabr@gasabrMacPro:atod$ ls
__init__.py  data/        models.py*   setup.py     tests/       tools/
__pycache__/ hero.py      settings.py  setup_db.py  tests.py
(AtoD) gasabr@gasabrMacPro:atod$ python tests/tests.py 
agility
.agility
.F...
======================================================================
FAIL: test_clearly_defined_float (__main__.TestParser)
----------------------------------------------------------------------
Traceback (most recent call last):
  File "tests/tests.py", line 61, in test_clearly_defined_float
    self.assertEqual(1, 0)
AssertionError: 1 != 0

----------------------------------------------------------------------
Ran 6 tests in 0.029s

FAILED (failures=1)
(AtoD) gasabr@gasabrMacPro:atod$ python tools/db_content.py 
Traceback (most recent call last):
  File "tools/db_content.py", line 3, in <module>
    from atod.dynamic_models import HeroModel, ItemModel
ImportError: No module named 'atod.dynamic_models'
(AtoD) gasabr@gasabrMacPro:atod$ python tools/db_content.py 
item_blade_mail
item_radiance
item_recipe_black_king_bar
item_ogre_axe
item_recipe_vanguard
item_ring_of_basilius
item_recipe_skadi
item_lotus_orb
item_recipe_power_treads
item_recipe_medallion_of_courage
item_octarine_core
item_wraith_band
item_basher
item_gauntlets
item_dagon_4
item_ward_dispenser
item_recipe_assault
item_recipe_solar_crest
item_necronomicon_2
item_rapier
item_flying_courier
item_recipe_rapier
item_river_painter
item_talisman_of_evasion
item_diffusal_blade_2
item_recipe_tranquil_boots
item_vanguard
item_guardian_greaves
item_recipe_travel_boots
item_silver_edge
item_soul_ring
item_shivas_guard
item_moon_shard
item_force_staff
item_necronomicon_3
item_ethereal_blade
item_helm_of_the_dominator
item_magic_wand
item_recipe_armlet
item_recipe_sange
item_recipe_pipe
item_gem
item_recipe_bloodstone
item_recipe_oblivion_staff
item_ancient_janggo
item_staff_of_wizardry
item_recipe_sheepstick
item_soul_booster
item_assault
item_ring_of_health
item_recipe_soul_booster
item_recipe_lesser_crit
item_gloves
item_recipe_bracer
item_recipe_sange_and_yasha
item_recipe_maelstrom
item_necronomicon
item_recipe_heavens_halberd
item_aether_lens
item_chainmail
item_travel_boots
item_bottle
item_platemail
item_recipe_iron_talon
item_recipe_dagon_2
item_skadi
item_recipe_sphere
item_maelstrom
item_robe
item_javelin
Version
1
item_clarity
item_mask_of_madness
item_glimmer_cape
item_recipe_blade_mail
item_recipe_ultimate_scepter
item_recipe_yasha
item_veil_of_discord
item_boots
item_tpscroll
item_courier
item_sange
item_bracer
item_orchid
item_recipe_wraith_band
item_power_treads
item_smoke_of_deceit
item_recipe_phase_boots
item_recipe_diffusal_blade
item_echo_sabre
item_boots_of_elves
item_dust
item_recipe_hurricane_pike
item_void_stone
item_sange_and_yasha
item_lifesteal
item_abyssal_blade
item_recipe_vladmir
item_recipe_urn_of_shadows
item_recipe_dagon_4
item_bloodthorn
item_hand_of_midas
item_dagon_3
item_recipe_moon_shard
item_recipe_ring_of_aquila
item_belt_of_strength
item_vladmir
item_yasha
item_recipe_necronomicon
item_mekansm
item_medallion_of_courage
item_ring_of_aquila
item_river_painter2
item_dragon_lance
item_manta
item_recipe_pers
item_invis_sword
item_recipe_dagon_5
item_point_booster
item_reaver
item_ring_of_regen
item_phase_boots
item_recipe_dragon_lance
item_mithril_hammer
item_tango_single
item_arcane_boots
item_broadsword
item_sphere
item_armlet
item_recipe_satanic
item_crimson_guard
item_recipe_headdress
item_recipe_mjollnir
item_recipe_veil_of_discord
item_lesser_crit
item_ring_of_protection
item_recipe_buckler
item_aegis
item_recipe_manta
item_hurricane_pike
item_solar_crest
item_blades_of_attack
item_recipe_radiance
item_recipe_dagon
item_recipe_guardian_greaves
item_orb_of_venom
item_faerie_fire
item_recipe_refresher
item_sobi_mask
item_ultimate_scepter
item_circlet
item_tranquil_boots
item_recipe_force_staff
item_recipe_silver_edge
item_refresher
item_heavens_halberd
item_mjollnir
item_headdress
item_null_talisman
item_recipe_monkey_king_bar
item_enchanted_mango
item_recipe_cyclone
item_recipe_poor_mans_shield
item_branches
item_dagon_5
item_magic_stick
item_pipe
item_recipe_heart
item_butterfly
item_recipe_soul_ring
item_recipe_helm_of_the_dominator
item_recipe_travel_boots_2
item_hood_of_defiance
item_helm_of_iron_will
item_dagon
item_recipe_mekansm
item_greater_crit
item_recipe_bloodthorn
item_pers
item_desolator
item_oblivion_staff
item_quarterstaff
item_recipe_crimson_guard
item_black_king_bar
item_recipe_rod_of_atos
item_ultimate_orb
item_recipe_ring_of_basilius
item_bloodstone
item_recipe_ancient_janggo
item_recipe_diffusal_blade_2
item_recipe_octarine_core
item_recipe_lotus_orb
item_relic
item_buckler
item_recipe_magic_wand
item_recipe_greater_crit
item_sheepstick
item_claymore
item_mystic_staff
item_cyclone
item_bfury
item_river_painter7
item_cheese
item_river_painter6
item_monkey_king_bar
item_river_painter5
item_blink
item_recipe_arcane_boots
item_flask
item_recipe_ethereal_blade
item_blight_stone
item_vitality_booster
item_iron_talon
item_urn_of_shadows
item_recipe_glimmer_cape
item_recipe_necronomicon_2
item_rod_of_atos
item_blade_of_alacrity
item_recipe_butterfly
item_tome_of_knowledge
item_dagon_2
item_infused_raindrop
item_recipe_shivas_guard
item_mantle
item_recipe_orchid
item_river_painter4
item_recipe_desolator
item_energy_booster
item_recipe_hand_of_midas
item_ward_observer
item_ward_sentry
item_demon_edge
item_slippers
item_recipe_hood_of_defiance
item_recipe_abyssal_blade
item_recipe_ward_dispenser
item_diffusal_blade
item_hyperstone
item_ghost
item_tango
item_river_painter3
item_recipe_bfury
item_stout_shield
item_recipe_basher
item_cloak
item_eagle
item_recipe_dagon_3
item_quelling_blade
item_heart
item_recipe_mask_of_madness
item_recipe_necronomicon_3
item_satanic
item_poor_mans_shield
item_shadow_amulet
item_travel_boots_2
item_recipe_invis_sword
item_wind_lace
item_recipe_null_talisman
item_recipe_aether_lens
item_recipe_echo_sabre
Traceback (most recent call last):
  File "/Users/gasabr/.virtualenvs/AtoD/lib/python3.5/site-packages/sqlalchemy/engine/base.py", line 1182, in _execute_context
    context)
  File "/Users/gasabr/.virtualenvs/AtoD/lib/python3.5/site-packages/sqlalchemy/engine/default.py", line 470, in do_execute
    cursor.execute(statement, parameters)
sqlite3.IntegrityError: UNIQUE constraint failed: items_702.ID

The above exception was the direct cause of the following exception:

Traceback (most recent call last):
  File "tools/db_content.py", line 33, in <module>
    fill_items()
  File "tools/db_content.py", line 27, in fill_items
    session.commit()
  File "/Users/gasabr/.virtualenvs/AtoD/lib/python3.5/site-packages/sqlalchemy/orm/session.py", line 874, in commit
    self.transaction.commit()
  File "/Users/gasabr/.virtualenvs/AtoD/lib/python3.5/site-packages/sqlalchemy/orm/session.py", line 461, in commit
    self._prepare_impl()
  File "/Users/gasabr/.virtualenvs/AtoD/lib/python3.5/site-packages/sqlalchemy/orm/session.py", line 441, in _prepare_impl
    self.session.flush()
  File "/Users/gasabr/.virtualenvs/AtoD/lib/python3.5/site-packages/sqlalchemy/orm/session.py", line 2139, in flush
    self._flush(objects)
  File "/Users/gasabr/.virtualenvs/AtoD/lib/python3.5/site-packages/sqlalchemy/orm/session.py", line 2259, in _flush
    transaction.rollback(_capture_exception=True)
  File "/Users/gasabr/.virtualenvs/AtoD/lib/python3.5/site-packages/sqlalchemy/util/langhelpers.py", line 60, in __exit__
    compat.reraise(exc_type, exc_value, exc_tb)
  File "/Users/gasabr/.virtualenvs/AtoD/lib/python3.5/site-packages/sqlalchemy/util/compat.py", line 187, in reraise
    raise value
  File "/Users/gasabr/.virtualenvs/AtoD/lib/python3.5/site-packages/sqlalchemy/orm/session.py", line 2223, in _flush
    flush_context.execute()
  File "/Users/gasabr/.virtualenvs/AtoD/lib/python3.5/site-packages/sqlalchemy/orm/unitofwork.py", line 389, in execute
    rec.execute(self)
  File "/Users/gasabr/.virtualenvs/AtoD/lib/python3.5/site-packages/sqlalchemy/orm/unitofwork.py", line 548, in execute
    uow
  File "/Users/gasabr/.virtualenvs/AtoD/lib/python3.5/site-packages/sqlalchemy/orm/persistence.py", line 181, in save_obj
    mapper, table, insert)
  File "/Users/gasabr/.virtualenvs/AtoD/lib/python3.5/site-packages/sqlalchemy/orm/persistence.py", line 799, in _emit_insert_statements
    execute(statement, multiparams)
  File "/Users/gasabr/.virtualenvs/AtoD/lib/python3.5/site-packages/sqlalchemy/engine/base.py", line 945, in execute
    return meth(self, multiparams, params)
  File "/Users/gasabr/.virtualenvs/AtoD/lib/python3.5/site-packages/sqlalchemy/sql/elements.py", line 263, in _execute_on_connection
    return connection._execute_clauseelement(self, multiparams, params)
  File "/Users/gasabr/.virtualenvs/AtoD/lib/python3.5/site-packages/sqlalchemy/engine/base.py", line 1053, in _execute_clauseelement
    compiled_sql, distilled_params
  File "/Users/gasabr/.virtualenvs/AtoD/lib/python3.5/site-packages/sqlalchemy/engine/base.py", line 1189, in _execute_context
    context)
  File "/Users/gasabr/.virtualenvs/AtoD/lib/python3.5/site-packages/sqlalchemy/engine/base.py", line 1393, in _handle_dbapi_exception
    exc_info
  File "/Users/gasabr/.virtualenvs/AtoD/lib/python3.5/site-packages/sqlalchemy/util/compat.py", line 203, in raise_from_cause
    reraise(type(exception), exception, tb=exc_tb, cause=cause)
  File "/Users/gasabr/.virtualenvs/AtoD/lib/python3.5/site-packages/sqlalchemy/util/compat.py", line 186, in reraise
    raise value.with_traceback(tb)
  File "/Users/gasabr/.virtualenvs/AtoD/lib/python3.5/site-packages/sqlalchemy/engine/base.py", line 1182, in _execute_context
    context)
  File "/Users/gasabr/.virtualenvs/AtoD/lib/python3.5/site-packages/sqlalchemy/engine/default.py", line 470, in do_execute
    cursor.execute(statement, parameters)
sqlalchemy.exc.IntegrityError: (sqlite3.IntegrityError) UNIQUE constraint failed: items_702.ID [SQL: 'INSERT INTO items_702 ("ID", damage_block_melee, aura_armor_bonus, disarm_cast_range_tooltip, aura_damage_illusions, aura_radius, speed_base, total_heal_ward_tooltip, bonus_movement, stun_duration, death_gold_reduction, maim_slow_movement, cleave_distance, soul_release_range_tooltip, cyclone_duration, static_seconary_radius, damage_aura, visibility_radius, quelling_range_tooltip, toggle_cooldown, unholy_health_drain_per_second_tooltip, reincarnate_time, warrior_health_tooltip, bash_chance, health_min, "ItemCost", replenish_health, duration_minutes_tooltip, maim_slow_attack_range, attack_speed_aura, poison_damage, armor_aura, bash_chance_ranged, poison_movement_speed_range, bonus_intellect, aura_damage, cold_attack_speed, feedback_mana_burn_illusion_ranged, bonus_stats, bonus_aoe_armor, barrier_radius, model_scale, tooltip_illusion_duration, quelling_bonus_ranged, bonus_mana_regen_pct, cast_range_ward, bonus_aoe_duration, blink_range, max_level, push_length, bonus_regen, warrior_truesight, bonus_speed, silence_duration, observer_vision_range_tooltip, cooldown_melee, aura_bonus_armor, vision_radius, true_sight_range, movement_slow, bonus_aoe_radius, block_chance_active, sentry_cost, archer_aura_radius_tooltip, break_threshold, cast_range_bonus, block_damage_ranged_active, bonus_chance, bonus_gold, heal_armor_duration, sentry_duration_minutes_tooltip, min_damage, aura_bonus_threshold, resist_debuff, attack_speed_slow, health_sacrifice, range_duration, unholy_bonus_strength, radius, vampiric_aura_ranged, images_do_damage_percent_ranged, feedback_mana_burn, restore_time, max_attacks, phase_movement_speed, purge_summoned_damage, bonus_chance_damage, proc_damage, disarm_range, purge_rate, break_time, bash_chance_melee, vision_range, active_magical_armor, hp_regen_aura, explosion, replenish_mana, heal_on_death_per_charge, mana_regen, images_take_damage_percent_melee, archer_health_tooltip, unholy_duration, projectile_speed, health_regen_rate, minimun_distance, xp_bonus, poison_duration, maim_slow_attack, archer_damage_tooltip, "ItemDeclarations", bash_stun, damage_bonus_ranged, bash_duration, damage_delay, customval_team_tomes_used, bonus_night_vision, allied_evasion, transmute_cast_range_tooltip, berserk_bonus_attack_speed, maim_slow_movement_range, bonus_health_regen, blast_movement_speed, bonus_movement_speed_pct, xp_multiplier, heal_duration, damage_per_burn, bonus_aura_movement_speed, static_duration, bonus_cooldown, damage, blink_range_clamp, var_type, "AbilityBehavior", cast_range_enemy, bonus_int, damage_block_ranged, observer_duration_minutes_tooltip, cold_duration_ranged, creep_lifesteal, archer_attack_speed, xp_per_use, unholy_lifesteal_total_tooltip, bonus_stat, heal_radius, images_count, berserk_duration, bonus_attack_speed, tooltip_damage_outgoing_melee, lifetime_observer, phase_movement_speed_range, summon_duration, barrier_block_creep, charge_radius, warrior_mana_feedback, block_cooldown, soul_radius, total_mana, blast_debuff_duration, mana_restore, valor_cast_range_tooltip, charge_range, heal_on_death_base, bash_cooldown, bonus_agi, soul_heal_amount, bonus_damage, break_count, health, static_radius, barrier_debuff_duration, spell_amp, bonus_evasion, chain_radius, warrior_damage_tooltip, heal_interval, purge_root_duration, static_chance, paint_duration, aura_armor, soul_heal_duration, resist_debuff_duration, crit_multiplier, static_primary_radius, sheep_duration, warrior_mana_break_tooltip, static_strikes, heal_amount, movement_speed, tooltip_damage_outgoing_ranged, sheep_movement_speed, respawn_time_reduction, total_heal, bonus_mana, bonus_movement_speed, bonus_agility, silence_damage_percent, health_regen, aura_health_regen, enemy_armor_reduction_tooltip, bonus_str, images_take_damage_percent_ranged, soul_initial_charge, base_attack_range, block_chance_hero, hero_lifesteal, bonus_move_speed, "ItemAliases", mana_regen_aura, images_do_damage_percent_melee, movespeed, cleave_ending_width, block_damage_melee, chain_cooldown, block_damage_melee_active, initial_charges, tooltip_resist, movement_speed_percent_bonus, creation_delay, tree_duration, purge_slow_duration, ethereal_damage_bonus, allied_armor, backstab_reduction, crit_chance, maim_chance, replenish_radius, target_crit_multiplier, heal_on_death_range, magic_damage_block, total_health, maim_duration, cold_duration_melee, vampiric_aura, bonus_aoe_duration_hero, miss_chance, unholy_bonus_armor, unholy_health_drain_per_tick, extra_spell_damage_percent, aura_negative_armor, alternative_cooldown, tooltip_damage_incoming_ranged_total_pct, lifesteal_percent, static_cooldown, barrier_duration, block_damage_ranged, archer_mana_burn, maximum_distance, cold_movement_speed, lifetime, magic_resistance, windwalk_movement_speed, lifetime_sentry, berserk_armor_reduction, replenish_amount, unholy_bonus_attack_speed, observer_cost, tooltip_damage_incoming_melee_total_pct, heal_bonus_armor, invuln_duration, cast_range_tooltip, bonus_magical_armor, unholy_lifesteal_percent, duration, fade_delay, disappear_time, blast_radius, range_tooltip, corruption_duration, feedback_mana_burn_illusion_melee, duration_ally, chain_strikes, bonus_mana_regen, backstab_duration, archer_move_speed, fade_time, blast_agility_multiplier, barrier_block, bonus_armor, windwalk_bonus_damage, bonus_attack_speed_pct, static_damage, disappear_time_minutes_tooltip, blink_damage_cooldown, chain_delay, bonus_intelligence, blast_damage_base, phase_duration, aura_attack_speed, soul_additional_charges, on_death_removal, disarm_melee, mana_gain, cleave_starting_width, restore_per_charge, blast_damage, cleave_damage_percent, aura_mana_regen, soul_damage_amount, bonus_all_stats, poison_movement_speed_melee, max_charges, soul_damage_duration, block_chance, chain_chance, aura_positive_armor, magic_resistance_aura, debuff_radius, application_radius, windwalk_fade_time, blind_pct, aura_health_regen_bonus, bonus_strength, bonus_spell_resist, health_restore, corruption_armor, broken_movement_speed, quelling_bonus, berserk_bonus_movement_speed, cooldown_ranged_tooltip, soul_heal_interval, attack_speed, bonus_health, "ItemShopTags", armor_reduction, blast_movement_slow, windwalk_duration, hp_restore, damage_bonus, unholy_bonus_damage, consumed_bonus, blast_speed, bash_damage, enemy_length, creep_damage_pct, active_duration, buff_duration, hp_regen, slow_duration, chain_damage) VALUES (?, ?, ?, ?, ?, ?, ?, ?, ?, ?, ?, ?, ?, ?, ?, ?, ?, ?, ?, ?, ?, ?, ?, ?, ?, ?, ?, ?, ?, ?, ?, ?, ?, ?, ?, ?, ?, ?, ?, ?, ?, ?, ?, ?, ?, ?, ?, ?, ?, ?, ?, ?, ?, ?, ?, ?, ?, ?, ?, ?, ?, ?, ?, ?, ?, ?, ?, ?, ?, ?, ?, ?, ?, ?, ?, ?, ?, ?, ?, ?, ?, ?, ?, ?, ?, ?, ?, ?, ?, ?, ?, ?, ?, ?, ?, ?, ?, ?, ?, ?, ?, ?, ?, ?, ?, ?, ?, ?, ?, ?, ?, ?, ?, ?, ?, ?, ?, ?, ?, ?, ?, ?, ?, ?, ?, ?, ?, ?, ?, ?, ?, ?, ?, ?, ?, ?, ?, ?, ?, ?, ?, ?, ?, ?, ?, ?, ?, ?, ?, ?, ?, ?, ?, ?, ?, ?, ?, ?, ?, ?, ?, ?, ?, ?, ?, ?, ?, ?, ?, ?, ?, ?, ?, ?, ?, ?, ?, ?, ?, ?, ?, ?, ?, ?, ?, ?, ?, ?, ?, ?, ?, ?, ?, ?, ?, ?, ?, ?, ?, ?, ?, ?, ?, ?, ?, ?, ?, ?, ?, ?, ?, ?, ?, ?, ?, ?, ?, ?, ?, ?, ?, ?, ?, ?, ?, ?, ?, ?, ?, ?, ?, ?, ?, ?, ?, ?, ?, ?, ?, ?, ?, ?, ?, ?, ?, ?, ?, ?, ?, ?, ?, ?, ?, ?, ?, ?, ?, ?, ?, ?, ?, ?, ?, ?, ?, ?, ?, ?, ?, ?, ?, ?, ?, ?, ?, ?, ?, ?, ?, ?, ?, ?, ?, ?, ?, ?, ?, ?, ?, ?, ?, ?, ?, ?, ?, ?, ?, ?, ?, ?, ?, ?, ?, ?, ?, ?, ?, ?, ?, ?, ?, ?, ?, ?, ?, ?, ?, ?, ?, ?, ?, ?, ?, ?, ?, ?, ?, ?, ?, ?, ?, ?, ?, ?, ?, ?, ?, ?, ?)'] [parameters: ('127', None, None, None, None, None, None, None, None, None, None, None, None, None, None, None, None, None, None, None, None, None, None, None, None, '2200', None, None, None, None, None, None, None, None, '10', None, None, None, None, None, None, None, None, None, None, None, None, None, None, None, None, None, None, None, None, None, None, None, None, None, None, None, None, None, None, None, None, None, None, None, None, None, None, None, None, None, None, None, None, None, None, None, None, None, None, None, None, None, None, None, None, None, None, None, None, None, None, None, None, None, None, None, None, None, None, None, None, None, None, 'DECLARE_PURCHASES_TO_TEAMMATES | DECLARE_PURCHASES_TO_SPECTATORS', None, None, None, None, None, None, None, None, None, None, None, None, None, None, None, None, None, None, None, None, None, None, 'DOTA_ABILITY_BEHAVIOR_IMMEDIATE | DOTA_ABILITY_BEHAVIOR_NO_TARGET', None, None, None, None, None, None, None, None, None, None, None, None, None, None, None, None, None, None, None, None, None, None, None, None, None, None, None, None, None, None, None, None, '22', None, None, None, None, None, None, None, None, None, None, None, None, None, None, None, None, None, None, None, None, None, None, None, None, None, None, None, None, None, None, None, None, None, None, None, None, None, None, None, None, 'bm;blade mail;blademail', None, None, None, None, None, None, None, None, None, None, None, None, None, None, None, None, None, None, None, None, None, None, None, None, None, None, None, None, None, None, None, None, None, None, None, None, None, None, None, None, None, None, None, None, None, None, None, None, None, None, None, None, None, None, None, 4.5, None, None, None, None, None, None, None, None, None, None, None, None, None, None, '6', None, None, None, None, None, None, None, None, None, None, None, None, None, None, None, None, None, None, None, None, None, None, None, None, None, None, None, None, None, None, None, None, None, None, None, None, None, None, None, None, None, None, None, None, 'damage;armor;int;hard_to_tag', None, None, None, None, None, None, None, None, None, None, None, None, None, None, None, None)]
(AtoD) gasabr@gasabrMacPro:atod$ python tools/db_content.py 
{'AttackDamageMin': '16', 'AttributeIntelligenceGain': '2.500000', 'Role': 'Carry,Support,Disabler,Initiator,Nuker', 'MovementTurnRate': '0.600000', 'ArmorPhysical': '-1', 'AttackCapabilities': 'DOTA_UNIT_CAP_RANGED_ATTACK', 'AttackDamageMax': '30', 'AttributeStrengthGain': '2.200000', 'AttributeBaseStrength': '17', 'AttackRange': '600', 'url': 'Silencer', 'AttributeBaseIntelligence': '27', 'AttributeAgilityGain': '3.000000', 'AttackRate': '1.700000', 'AttackAnimationPoint': '0.500000', 'MovementSpeed': '295', 'Team': 'Good', 'AttackAcquisitionRange': '800', 'Rolelevels': '1,1,2,2,1', 'AttributePrimary': 'DOTA_ATTRIBUTE_INTELLECT', 'AttributeBaseAgility': '22'}
{'AttackDamageMin': '15', 'AttributeIntelligenceGain': '3', 'Role': 'Carry,Support,Nuker,Pusher,Disabler', 'MovementTurnRate': '0.500000', 'ArmorPhysical': '0', 'AttackCapabilities': 'DOTA_UNIT_CAP_RANGED_ATTACK', 'AttackDamageMax': '19', 'AttributeStrengthGain': '1.500000', 'AttributeBaseStrength': '16', 'AttackRange': '600', 'url': 'Leshrac', 'AttributeBaseIntelligence': '26', 'AttributeAgilityGain': '1.700000', 'AttackRate': '1.700000', 'AttackAnimationPoint': '0.400000', 'MovementSpeed': '325', 'Team': 'Bad', 'AttackAcquisitionRange': '800', 'Rolelevels': '1,1,3,3,1', 'AttributePrimary': 'DOTA_ATTRIBUTE_INTELLECT', 'AttributeBaseAgility': '23'}
{'AttackDamageMin': '26', 'AttributeIntelligenceGain': '2.800000', 'Role': 'Carry,Durable,Initiator,Nuker', 'MovementTurnRate': '1.000000', 'ArmorPhysical': '1.000000', 'AttackCapabilities': 'DOTA_UNIT_CAP_MELEE_ATTACK', 'AttackDamageMax': '36', 'AttributeStrengthGain': '2.200000', 'AttributeBaseStrength': '22', 'AttackRange': '150', 'url': 'Bristleback', 'AttributeBaseIntelligence': '14', 'AttributeAgilityGain': '1.800000', 'AttackRate': '1.800000', 'AttackAnimationPoint': '0.300000', 'MovementSpeed': '290', 'Team': 'Good', 'AttackAcquisitionRange': '600', 'Rolelevels': '2,3,1,1', 'AttributePrimary': 'DOTA_ATTRIBUTE_STRENGTH', 'AttributeBaseAgility': '17'}
{'AttackDamageMin': '19', 'AttributeIntelligenceGain': '4.50000', 'Role': 'Nuker,Pusher', 'MovementTurnRate': '0.500000', 'ArmorPhysical': '-1', 'AttackCapabilities': 'DOTA_UNIT_CAP_RANGED_ATTACK', 'AttackDamageMax': '27', 'AttributeStrengthGain': '1.200000', 'AttributeBaseStrength': '17', 'AttackRange': '600', 'url': 'Pugna', 'AttributeBaseIntelligence': '26', 'AttributeAgilityGain': '1.000000', 'AttackRate': '1.700000', 'AttackAnimationPoint': '0.500000', 'MovementSpeed': '330', 'Team': 'Bad', 'AttackAcquisitionRange': '800', 'Rolelevels': '2,2', 'AttributePrimary': 'DOTA_ATTRIBUTE_INTELLECT', 'AttributeBaseAgility': '16'}
{'AttackDamageMin': '38', 'AttributeIntelligenceGain': '1.600000', 'Role': 'Carry,Initiator,Durable,Disabler,Nuker', 'MovementTurnRate': '0.500000', 'ArmorPhysical': '3', 'AttackCapabilities': 'DOTA_UNIT_CAP_MELEE_ATTACK', 'AttackDamageMax': '42', 'AttributeStrengthGain': '2.800000', 'AttributeBaseStrength': '23', 'AttackRange': '150', 'url': 'Night_Stalker', 'AttributeBaseIntelligence': '16', 'AttributeAgilityGain': '2.250000', 'AttackRate': '1.700000', 'AttackAnimationPoint': '0.550000', 'MovementSpeed': '295', 'Team': 'Bad', 'AttackAcquisitionRange': '600', 'Rolelevels': '1,2,2,2,1', 'AttributePrimary': 'DOTA_ATTRIBUTE_STRENGTH', 'AttributeBaseAgility': '18'}
{'AttackDamageMin': '24', 'AttributeIntelligenceGain': '1.600000', 'Role': 'Initiator,Durable,Disabler,Jungler', 'MovementTurnRate': '0.600000', 'ArmorPhysical': '-1', 'AttackCapabilities': 'DOTA_UNIT_CAP_MELEE_ATTACK', 'AttackDamageMax': '28', 'AttributeStrengthGain': '2.500000', 'AttributeBaseStrength': '25', 'AttackRange': '150', 'url': 'Axe', 'AttributeBaseIntelligence': '18', 'AttributeAgilityGain': '2.200000', 'AttackRate': '1.700000', 'AttackAnimationPoint': '0.500000', 'MovementSpeed': '290', 'Team': 'Bad', 'AttackAcquisitionRange': '600', 'Rolelevels': '3,3,2,2', 'AttributePrimary': 'DOTA_ATTRIBUTE_STRENGTH', 'AttributeBaseAgility': '20'}
{'AttackDamageMin': '22', 'AttributeIntelligenceGain': '1.400000', 'Role': 'Carry,Pusher,Escape', 'MovementTurnRate': '0.600000', 'ArmorPhysical': '0', 'AttackCapabilities': 'DOTA_UNIT_CAP_MELEE_ATTACK', 'AttackDamageMax': '26', 'AttributeStrengthGain': '1.900000', 'AttributeBaseStrength': '20', 'AttackRange': '150', 'url': 'Juggernaut', 'AttributeBaseIntelligence': '14', 'AttributeAgilityGain': '2.400000', 'AttackRate': '1.400000', 'AttackAnimationPoint': '0.330000', 'MovementSpeed': '305', 'Team': 'Good', 'AttackAcquisitionRange': '600', 'Rolelevels': '2,1,1', 'AttributePrimary': 'DOTA_ATTRIBUTE_AGILITY', 'AttributeBaseAgility': '26'}
{'AttackDamageMin': '26', 'AttributeIntelligenceGain': '1.750000', 'Role': 'Carry,Pusher,Nuker', 'MovementTurnRate': '0.500000', 'ArmorPhysical': '7', 'AttackCapabilities': 'DOTA_UNIT_CAP_MELEE_ATTACK', 'AttackDamageMax': '32', 'AttributeStrengthGain': '1.400000', 'AttributeBaseStrength': '15', 'AttackRange': '150', 'url': 'Terrorblade', 'AttributeBaseIntelligence': '19', 'AttributeAgilityGain': '3.200000', 'AttackRate': '1.500000', 'AttackAnimationPoint': '0.300000', 'MovementSpeed': '315', 'Team': 'Bad', 'AttackAcquisitionRange': '600', 'Rolelevels': '3,2,1', 'AttributePrimary': 'DOTA_ATTRIBUTE_AGILITY', 'AttributeBaseAgility': '22'}
{'AttackDamageMin': '22', 'AttributeIntelligenceGain': '2.500000', 'Role': 'Carry,Nuker,Durable,Disabler', 'MovementTurnRate': '0.500000', 'ArmorPhysical': '1', 'AttackCapabilities': 'DOTA_UNIT_CAP_RANGED_ATTACK', 'AttackDamageMax': '26', 'AttributeStrengthGain': '2.000000', 'AttributeBaseStrength': '16', 'AttackRange': '550', 'url': 'Necrophos', 'AttributeBaseIntelligence': '22', 'AttributeAgilityGain': '1.200000', 'AttackRate': '1.700000', 'AttackAnimationPoint': '0.530000', 'MovementSpeed': '285', 'Team': 'Bad', 'AttackAcquisitionRange': '800', 'Rolelevels': '1,2,1,1', 'AttributePrimary': 'DOTA_ATTRIBUTE_INTELLECT', 'AttributeBaseAgility': '15'}
{'AttackDamageMin': '22', 'AttributeIntelligenceGain': '2.200000', 'Role': 'Carry,Nuker,Pusher', 'MovementTurnRate': '0.600000', 'ArmorPhysical': '2', 'AttackCapabilities': 'DOTA_UNIT_CAP_RANGED_ATTACK', 'AttackDamageMax': '28', 'AttributeStrengthGain': '2.000000', 'AttributeBaseStrength': '17', 'AttackRange': '500', 'url': 'Tinker', 'AttributeBaseIntelligence': '30', 'AttributeAgilityGain': '1.200000', 'AttackRate': '1.700000', 'AttackAnimationPoint': '0.350000', 'MovementSpeed': '305', 'Team': 'Good', 'AttackAcquisitionRange': '800', 'Rolelevels': '1,3,2', 'AttributePrimary': 'DOTA_ATTRIBUTE_INTELLECT', 'AttributeBaseAgility': '13'}
{'AttackDamageMin': '15', 'AttributeIntelligenceGain': '2.600000', 'Role': 'Carry,Nuker', 'MovementTurnRate': '0.700000', 'ArmorPhysical': '-1', 'AttackCapabilities': 'DOTA_UNIT_CAP_RANGED_ATTACK', 'AttackDamageMax': '21', 'AttributeStrengthGain': '1.700000', 'AttributeBaseStrength': '16', 'AttackRange': '550', 'url': 'Sniper', 'AttributeBaseIntelligence': '15', 'AttributeAgilityGain': '2.500000', 'AttackRate': '1.700000', 'AttackAnimationPoint': '0.170000', 'MovementSpeed': '290', 'Team': 'Good', 'AttackAcquisitionRange': '950', 'Rolelevels': '3,1', 'AttributePrimary': 'DOTA_ATTRIBUTE_AGILITY', 'AttributeBaseAgility': '21'}
{'AttackDamageMin': '15', 'AttributeIntelligenceGain': '2.000000', 'Role': 'Carry,Nuker', 'MovementTurnRate': '1.000000', 'ArmorPhysical': '-2', 'AttackCapabilities': 'DOTA_UNIT_CAP_RANGED_ATTACK', 'AttackDamageMax': '21', 'AttributeStrengthGain': '2.000000', 'AttributeBaseStrength': '15', 'AttackRange': '500', 'url': 'Shadow_Fiend', 'AttributeBaseIntelligence': '18', 'AttributeAgilityGain': '2.900000', 'AttackRate': '1.700000', 'AttackAnimationPoint': '0.500000', 'MovementSpeed': '315', 'Team': 'Bad', 'AttackAcquisitionRange': '800', 'Rolelevels': '2,3', 'AttributePrimary': 'DOTA_ATTRIBUTE_AGILITY', 'AttributeBaseAgility': '20'}
{'AttackDamageMin': '9', 'AttributeIntelligenceGain': '1.100000', 'Role': 'Carry,Escape,Durable,Nuker,Disabler', 'MovementTurnRate': '0.600000', 'ArmorPhysical': '-2', 'AttackCapabilities': 'DOTA_UNIT_CAP_RANGED_ATTACK', 'AttackDamageMax': '18', 'AttributeStrengthGain': '2.000000', 'AttributeBaseStrength': '19', 'AttackRange': '350', 'url': 'Morphling', 'AttributeBaseIntelligence': '17', 'AttributeAgilityGain': '3.700000', 'AttackRate': '1.600000', 'AttackAnimationPoint': '0.500000', 'MovementSpeed': '285', 'Team': 'Good', 'AttackAcquisitionRange': '800', 'Rolelevels': '3,3,2,1,1', 'AttributePrimary': 'DOTA_ATTRIBUTE_AGILITY', 'AttributeBaseAgility': '24'}
{'AttackDamageMin': '26', 'AttributeIntelligenceGain': '3.000000', 'Role': 'Support,Pusher,Disabler,Nuker,Initiator', 'MovementTurnRate': '0.400000', 'ArmorPhysical': '-1', 'AttackCapabilities': 'DOTA_UNIT_CAP_RANGED_ATTACK', 'AttackDamageMax': '33', 'AttributeStrengthGain': '1.800000', 'AttributeBaseStrength': '21', 'AttackRange': '500', 'url': 'Shadow_Shaman', 'AttributeBaseIntelligence': '21', 'AttributeAgilityGain': '1.600000', 'AttackRate': '1.700000', 'AttackAnimationPoint': '0.300000', 'MovementSpeed': '285', 'Team': 'Good', 'AttackAcquisitionRange': '800', 'Rolelevels': '2,3,3,2,1', 'AttributePrimary': 'DOTA_ATTRIBUTE_INTELLECT', 'AttributeBaseAgility': '16'}
{'AttackDamageMin': '39', 'AttributeIntelligenceGain': '1.800000', 'Role': 'Carry,Escape', 'MovementTurnRate': '0.500000', 'ArmorPhysical': '-1', 'AttackCapabilities': 'DOTA_UNIT_CAP_RANGED_ATTACK', 'AttackDamageMax': '49', 'AttributeStrengthGain': '1.500000', 'AttributeBaseStrength': '15', 'AttackRange': '425', 'url': 'Weaver', 'AttributeBaseIntelligence': '15', 'AttributeAgilityGain': '2.800000', 'AttackRate': '1.800000', 'AttackAnimationPoint': '0.640000', 'MovementSpeed': '290', 'Team': 'Bad', 'AttackAcquisitionRange': '800', 'Rolelevels': '2,3', 'AttributePrimary': 'DOTA_ATTRIBUTE_AGILITY', 'AttributeBaseAgility': '14'}
{'AttackDamageMin': '27', 'AttributeIntelligenceGain': '2.500000', 'Role': 'Support,Disabler,Nuker,Initiator', 'MovementTurnRate': '0.500000', 'ArmorPhysical': '-1.000000', 'AttackCapabilities': 'DOTA_UNIT_CAP_RANGED_ATTACK', 'AttackDamageMax': '31', 'AttributeStrengthGain': '1.900000', 'AttributeBaseStrength': '19', 'AttackRange': '600', 'url': 'Disruptor', 'AttributeBaseIntelligence': '22', 'AttributeAgilityGain': '1.400000', 'AttackRate': '1.700000', 'AttackAnimationPoint': '0.400000', 'MovementSpeed': '300', 'Team': 'Good', 'AttackAcquisitionRange': '800', 'Rolelevels': '2,2,1,1', 'AttributePrimary': 'DOTA_ATTRIBUTE_INTELLECT', 'AttributeBaseAgility': '15'}
{'AttackDamageMin': '24', 'AttributeIntelligenceGain': '2.000000', 'Role': 'Escape,Nuker', 'MovementTurnRate': '0.600000', 'ArmorPhysical': '3', 'AttackCapabilities': 'DOTA_UNIT_CAP_MELEE_ATTACK', 'AttackDamageMax': '38', 'AttributeStrengthGain': '1.800000', 'AttributeBaseStrength': '17', 'AttackRange': '150', 'url': 'Bounty_Hunter', 'AttributeBaseIntelligence': '19', 'AttributeAgilityGain': '3.000000', 'AttackRate': '1.700000', 'AttackAnimationPoint': '0.590000', 'MovementSpeed': '315', 'Team': 'Good', 'AttackAcquisitionRange': '600', 'Rolelevels': '2,1', 'AttributePrimary': 'DOTA_ATTRIBUTE_AGILITY', 'AttributeBaseAgility': '21'}
{'AttackDamageMin': '26', 'AttributeIntelligenceGain': '1.500000', 'Role': 'Carry,Disabler,Initiator,Durable,Nuker', 'MovementTurnRate': '0.600000', 'ArmorPhysical': '2', 'AttackCapabilities': 'DOTA_UNIT_CAP_MELEE_ATTACK', 'AttackDamageMax': '36', 'AttributeStrengthGain': '3', 'AttributeBaseStrength': '24', 'AttackRange': '150', 'url': 'Kunkka', 'AttributeBaseIntelligence': '18', 'AttributeAgilityGain': '1.300000', 'AttackRate': '1.700000', 'AttackAnimationPoint': '0.400000', 'MovementSpeed': '300', 'Team': 'Good', 'AttackAcquisitionRange': '600', 'Rolelevels': '1,1,1,1,1', 'AttributePrimary': 'DOTA_ATTRIBUTE_STRENGTH', 'AttributeBaseAgility': '14'}
{'AttackDamageMin': '14', 'AttributeIntelligenceGain': '2.500000', 'Role': 'Initiator,Jungler,Disabler,Escape', 'MovementTurnRate': '1.000000', 'ArmorPhysical': '0', 'AttackCapabilities': 'DOTA_UNIT_CAP_RANGED_ATTACK', 'AttackDamageMax': '18', 'AttributeStrengthGain': '2.400000', 'AttributeBaseStrength': '23', 'AttackRange': '375', 'url': 'Batrider', 'AttributeBaseIntelligence': '24', 'AttributeAgilityGain': '1.500000', 'AttackRate': '1.700000', 'AttackAnimationPoint': '0.300000', 'MovementSpeed': '290', 'Team': 'Bad', 'AttackAcquisitionRange': '800', 'Rolelevels': '3,2,2,1', 'AttributePrimary': 'DOTA_ATTRIBUTE_INTELLECT', 'AttributeBaseAgility': '15'}
{'AttackDamageMin': '21', 'AttributeIntelligenceGain': '1.500000', 'Role': 'Carry,Durable,Initiator', 'MovementTurnRate': '0.500000', 'ArmorPhysical': '-1', 'AttackCapabilities': 'DOTA_UNIT_CAP_RANGED_ATTACK', 'AttackDamageMax': '30', 'AttributeStrengthGain': '2.400000', 'AttributeBaseStrength': '21', 'AttackRange': '400', 'url': 'Huskar', 'AttributeBaseIntelligence': '18', 'AttributeAgilityGain': '1.40000', 'AttackRate': '1.600000', 'AttackAnimationPoint': '0.400000', 'MovementSpeed': '300', 'Team': 'Good', 'AttackAcquisitionRange': '800', 'Rolelevels': '2,2,1', 'AttributePrimary': 'DOTA_ATTRIBUTE_STRENGTH', 'AttributeBaseAgility': '15'}
{'AttackDamageMin': '19', 'AttributeIntelligenceGain': '2.900000', 'Role': 'Support,Disabler,Nuker,Jungler', 'MovementTurnRate': '0.500000', 'ArmorPhysical': '-1', 'AttackCapabilities': 'DOTA_UNIT_CAP_RANGED_ATTACK', 'AttackDamageMax': '25', 'AttributeStrengthGain': '1.700000', 'AttributeBaseStrength': '16', 'AttackRange': '600', 'url': 'Crystal_Maiden', 'AttributeBaseIntelligence': '16', 'AttributeAgilityGain': '1.600000', 'AttackRate': '1.700000', 'AttackAnimationPoint': '0.550000', 'MovementSpeed': '280', 'Team': 'Good', 'AttackAcquisitionRange': '800', 'Rolelevels': '3,2,2,1', 'AttributePrimary': 'DOTA_ATTRIBUTE_INTELLECT', 'AttributeBaseAgility': '16'}
{'AttackDamageMin': '23', 'AttributeIntelligenceGain': '1.800000', 'Role': 'Carry,Durable,Nuker,Pusher', 'MovementTurnRate': '0.400000', 'ArmorPhysical': '-1', 'AttackCapabilities': 'DOTA_UNIT_CAP_RANGED_ATTACK', 'AttackDamageMax': '25', 'AttributeStrengthGain': '2.300000', 'AttributeBaseStrength': '21', 'AttackRange': '475', 'url': 'Razor', 'AttributeBaseIntelligence': '19', 'AttributeAgilityGain': '2.000000', 'AttackRate': '1.700000', 'AttackAnimationPoint': '0.300000', 'MovementSpeed': '295', 'Team': 'Bad', 'AttackAcquisitionRange': '800', 'Rolelevels': '2,2,1,1', 'AttributePrimary': 'DOTA_ATTRIBUTE_AGILITY', 'AttributeBaseAgility': '22'}
{'AttackDamageMin': '24', 'AttributeIntelligenceGain': '1.800000', 'Role': 'Support,Initiator,Disabler,Nuker', 'MovementTurnRate': '0.900000', 'ArmorPhysical': '1', 'AttackCapabilities': 'DOTA_UNIT_CAP_MELEE_ATTACK', 'AttackDamageMax': '34', 'AttributeStrengthGain': '2.900000', 'AttributeBaseStrength': '22', 'AttackRange': '150', 'url': 'Earthshaker', 'AttributeBaseIntelligence': '16', 'AttributeAgilityGain': '1.400000', 'AttackRate': '1.700000', 'AttackAnimationPoint': '0.467000', 'MovementSpeed': '310', 'Team': 'Good', 'AttackAcquisitionRange': '600', 'Rolelevels': '1,3,2,1', 'AttributePrimary': 'DOTA_ATTRIBUTE_STRENGTH', 'AttributeBaseAgility': '12'}
{'AttackDamageMin': '36', 'AttributeIntelligenceGain': '1.550000', 'Role': 'Carry,Pusher,Jungler,Durable,Escape', 'MovementTurnRate': '0.500000', 'ArmorPhysical': '1', 'AttackCapabilities': 'DOTA_UNIT_CAP_MELEE_ATTACK', 'AttackDamageMax': '41', 'AttributeStrengthGain': '3.0000', 'AttributeBaseStrength': '22', 'AttackRange': '150', 'url': 'Lycan', 'AttributeBaseIntelligence': '17', 'AttributeAgilityGain': '1.00000', 'AttackRate': '1.700000', 'AttackAnimationPoint': '0.550000', 'MovementSpeed': '305', 'Team': 'Bad', 'AttackAcquisitionRange': '600', 'Rolelevels': '2,3,1,1,1', 'AttributePrimary': 'DOTA_ATTRIBUTE_STRENGTH', 'AttributeBaseAgility': '16'}
{'AttackDamageMin': '31', 'AttributeIntelligenceGain': '2.700000', 'Role': 'Initiator,Jungler,Escape,Disabler', 'MovementTurnRate': '0.600000', 'ArmorPhysical': '5', 'AttackCapabilities': 'DOTA_UNIT_CAP_MELEE_ATTACK', 'AttackDamageMax': '37', 'AttributeStrengthGain': '2.300000', 'AttributeBaseStrength': '22', 'AttackRange': '150', 'url': 'Dark_Seer', 'AttributeBaseIntelligence': '25', 'AttributeAgilityGain': '1.200000', 'AttackRate': '1.700000', 'AttackAnimationPoint': '0.590000', 'MovementSpeed': '295', 'Team': 'Bad', 'AttackAcquisitionRange': '600', 'Rolelevels': '1,1,1,1', 'AttributePrimary': 'DOTA_ATTRIBUTE_INTELLECT', 'AttributeBaseAgility': '12'}
{'AttackDamageMin': '22', 'AttributeIntelligenceGain': '2.800000', 'Role': 'Support,Jungler,Pusher', 'MovementTurnRate': '0.600000', 'ArmorPhysical': '-1', 'AttackCapabilities': 'DOTA_UNIT_CAP_RANGED_ATTACK', 'AttackDamageMax': '32', 'AttributeStrengthGain': '1.500000', 'AttributeBaseStrength': '23', 'AttackRange': '600', 'url': 'Chen', 'AttributeBaseIntelligence': '21', 'AttributeAgilityGain': '2.100000', 'AttackRate': '1.700000', 'AttackAnimationPoint': '0.500000', 'MovementSpeed': '300', 'Team': 'Good', 'AttackAcquisitionRange': '800', 'Rolelevels': '2,3,2', 'AttributePrimary': 'DOTA_ATTRIBUTE_INTELLECT', 'AttributeBaseAgility': '15'}
{'AttackDamageMin': '13', 'AttributeIntelligenceGain': '2.100000', 'Role': 'Carry,Nuker,Disabler', 'MovementTurnRate': '0.600000', 'ArmorPhysical': '1', 'AttackCapabilities': 'DOTA_UNIT_CAP_RANGED_ATTACK', 'AttackDamageMax': '23', 'AttributeStrengthGain': '1.800000', 'AttributeBaseStrength': '18', 'AttackRange': '365', 'url': 'Gyrocopter', 'AttributeBaseIntelligence': '19', 'AttributeAgilityGain': '2.800000', 'AttackRate': '1.700000', 'AttackAnimationPoint': '0.200000', 'MovementSpeed': '315', 'Team': 'Good', 'AttackAcquisitionRange': '800', 'Rolelevels': '3,1,1', 'AttributePrimary': 'DOTA_ATTRIBUTE_AGILITY', 'AttributeBaseAgility': '24'}
{'AttackDamageMin': '29', 'AttributeIntelligenceGain': '1.250000', 'Role': 'Carry,Initiator,Durable,Disabler,Nuker', 'MovementTurnRate': '0.600000', 'ArmorPhysical': '-1.000000', 'AttackCapabilities': 'DOTA_UNIT_CAP_MELEE_ATTACK', 'AttackDamageMax': '36', 'AttributeStrengthGain': '2.900000', 'AttributeBaseStrength': '23', 'AttackRange': '150', 'url': 'Brewmaster', 'AttributeBaseIntelligence': '14', 'AttributeAgilityGain': '1.950000', 'AttackRate': '1.700000', 'AttackAnimationPoint': '0.350000', 'MovementSpeed': '300', 'Team': 'Good', 'AttackAcquisitionRange': '600', 'Rolelevels': '1,3,2,2,1', 'AttributePrimary': 'DOTA_ATTRIBUTE_STRENGTH', 'AttributeBaseAgility': '22'}
{'AttackDamageMin': '31', 'AttributeIntelligenceGain': '2.800000', 'Role': 'Support,Jungler,Pusher,Durable,Disabler', 'MovementTurnRate': '0.400000', 'ArmorPhysical': '-2.000000', 'AttackCapabilities': 'DOTA_UNIT_CAP_RANGED_ATTACK', 'AttackDamageMax': '41', 'AttributeStrengthGain': '1.000000', 'AttributeBaseStrength': '16', 'AttackRange': '550', 'url': 'Enchantress', 'AttributeBaseIntelligence': '19', 'AttributeAgilityGain': '1.800000', 'AttackRate': '1.700000', 'AttackAnimationPoint': '0.300000', 'MovementSpeed': '335', 'Team': 'Good', 'AttackAcquisitionRange': '800', 'Rolelevels': '2,3,2,1,1', 'AttributePrimary': 'DOTA_ATTRIBUTE_INTELLECT', 'AttributeBaseAgility': '19'}
{'AttackDamageMin': '29', 'AttributeIntelligenceGain': '1.200000', 'Role': 'Carry,Disabler,Durable,Pusher,Initiator', 'MovementTurnRate': '0.500000', 'ArmorPhysical': '2', 'AttackCapabilities': 'DOTA_UNIT_CAP_MELEE_ATTACK', 'AttackDamageMax': '59', 'AttributeStrengthGain': '2.900000', 'AttributeBaseStrength': '20', 'AttackRange': '150', 'url': 'Chaos_Knight', 'AttributeBaseIntelligence': '16', 'AttributeAgilityGain': '2.100000', 'AttackRate': '1.700000', 'AttackAnimationPoint': '0.500000', 'MovementSpeed': '325', 'Team': 'Bad', 'AttackAcquisitionRange': '600', 'Rolelevels': '3,2,2,2,1', 'AttributePrimary': 'DOTA_ATTRIBUTE_STRENGTH', 'AttributeBaseAgility': '14'}
{'AttackDamageMin': '27', 'AttributeIntelligenceGain': '2.700000', 'Role': 'Support,Disabler,Initiator,Nuker', 'MovementTurnRate': '0.600000', 'ArmorPhysical': '0', 'AttackCapabilities': 'DOTA_UNIT_CAP_RANGED_ATTACK', 'AttackDamageMax': '31', 'AttributeStrengthGain': '1.900000', 'AttributeBaseStrength': '17', 'AttackRange': '500', 'url': 'Shadow_Demon', 'AttributeBaseIntelligence': '23', 'AttributeAgilityGain': '2.200000', 'AttackRate': '1.700000', 'AttackAnimationPoint': '0.350000', 'MovementSpeed': '295', 'Team': 'Bad', 'AttackAcquisitionRange': '800', 'Rolelevels': '2,2,1,1', 'AttributePrimary': 'DOTA_ATTRIBUTE_INTELLECT', 'AttributeBaseAgility': '18'}
{'AttackDamageMin': '25', 'AttributeIntelligenceGain': '1.700000', 'Role': 'Initiator,Durable,Disabler,Nuker', 'MovementTurnRate': '0.400000', 'ArmorPhysical': '1', 'AttackCapabilities': 'DOTA_UNIT_CAP_MELEE_ATTACK', 'AttackDamageMax': '31', 'AttributeStrengthGain': '3.000000', 'AttributeBaseStrength': '22', 'AttackRange': '150', 'url': 'Tidehunter', 'AttributeBaseIntelligence': '16', 'AttributeAgilityGain': '1.500000', 'AttackRate': '1.700000', 'AttackAnimationPoint': '0.600000', 'MovementSpeed': '305', 'Team': 'Bad', 'AttackAcquisitionRange': '600', 'Rolelevels': '3,3,2,1', 'AttributePrimary': 'DOTA_ATTRIBUTE_STRENGTH', 'AttributeBaseAgility': '15'}
{'AttackDamageMin': '22', 'AttributeIntelligenceGain': '1.400000', 'Role': 'Carry,Pusher,Jungler,Durable', 'MovementTurnRate': '0.400000', 'ArmorPhysical': '0', 'AttackCapabilities': 'DOTA_UNIT_CAP_RANGED_ATTACK', 'AttackDamageMax': '26', 'AttributeStrengthGain': '2.100000', 'AttributeBaseStrength': '17', 'AttackRange': '550', 'url': 'Lone_Druid', 'AttributeBaseIntelligence': '13', 'AttributeAgilityGain': '2.700000', 'AttackRate': '1.700000', 'AttackAnimationPoint': '0.330000', 'MovementSpeed': '325', 'Team': 'Good', 'AttackAcquisitionRange': '600', 'Rolelevels': '2,3,1,1', 'AttributePrimary': 'DOTA_ATTRIBUTE_AGILITY', 'AttributeBaseAgility': '24'}
{'AttackDamageMin': '24', 'AttributeIntelligenceGain': '2.900000', 'Role': 'Carry,Jungler,Pusher,Escape,Nuker', 'MovementTurnRate': '0.600000', 'ArmorPhysical': '1', 'AttackCapabilities': 'DOTA_UNIT_CAP_RANGED_ATTACK', 'AttackDamageMax': '38', 'AttributeStrengthGain': '1.800000', 'AttributeBaseStrength': '19', 'AttackRange': '600', 'url': 'Natures_Prophet', 'AttributeBaseIntelligence': '25', 'AttributeAgilityGain': '1.900000', 'AttackRate': '1.700000', 'AttackAnimationPoint': '0.400000', 'MovementSpeed': '295', 'Team': 'Good', 'AttackAcquisitionRange': '800', 'Rolelevels': '1,3,3,1,1', 'AttributePrimary': 'DOTA_ATTRIBUTE_INTELLECT', 'AttributeBaseAgility': '18'}
{'AttackDamageMin': '7', 'AttributeIntelligenceGain': '2.900000', 'Role': 'Nuker,Disabler', 'MovementTurnRate': '0.500000', 'ArmorPhysical': '5', 'AttackCapabilities': 'DOTA_UNIT_CAP_RANGED_ATTACK', 'AttackDamageMax': '9', 'AttributeStrengthGain': '2.000000', 'AttributeBaseStrength': '17', 'AttackRange': '700', 'url': 'Techies', 'AttributeBaseIntelligence': '22', 'AttributeAgilityGain': '1.300000', 'AttackRate': '1.700000', 'AttackAnimationPoint': '0.500000', 'MovementSpeed': '270', 'Team': 'Good', 'AttackAcquisitionRange': '800', 'Rolelevels': '3,1', 'AttributePrimary': 'DOTA_ATTRIBUTE_INTELLECT', 'AttributeBaseAgility': '14'}
{'AttackDamageMin': '32', 'AttributeIntelligenceGain': '1.75000', 'Role': 'Carry,Durable,Jungler,Escape,Disabler', 'MovementTurnRate': '1.000000', 'ArmorPhysical': '-1', 'AttackCapabilities': 'DOTA_UNIT_CAP_MELEE_ATTACK', 'AttackDamageMax': '42', 'AttributeStrengthGain': '3.000000', 'AttributeBaseStrength': '25', 'AttackRange': '150', 'url': 'Lifestealer', 'AttributeBaseIntelligence': '15', 'AttributeAgilityGain': '1.900000', 'AttackRate': '1.850000', 'AttackAnimationPoint': '0.390000', 'MovementSpeed': '315', 'Team': 'Bad', 'AttackAcquisitionRange': '600', 'Rolelevels': '2,2,1,1,1', 'AttributePrimary': 'DOTA_ATTRIBUTE_STRENGTH', 'AttributeBaseAgility': '18'}
{'AttackDamageMin': '30', 'AttributeIntelligenceGain': '1.8', 'Role': 'Carry,Escape,Disabler,Initiator', 'MovementTurnRate': '0.600000', 'ArmorPhysical': '-3', 'AttackCapabilities': 'DOTA_UNIT_CAP_MELEE_ATTACK', 'AttackDamageMax': '36', 'AttributeStrengthGain': '2.2', 'AttributeBaseStrength': '18', 'AttackRange': '300', 'url': 'Monkey_King', 'AttributeBaseIntelligence': '20', 'AttributeAgilityGain': '3.200000', 'AttackRate': '1.700000', 'AttackAnimationPoint': '0.45', 'MovementSpeed': '305', 'Team': 'Good', 'AttackAcquisitionRange': '600', 'Rolelevels': '2,2,1,1', 'AttributePrimary': 'DOTA_ATTRIBUTE_AGILITY', 'AttributeBaseAgility': '22'}
{'AttackDamageMin': '23', 'AttributeIntelligenceGain': '1.600000', 'Role': 'Initiator,Disabler,Nuker,Durable', 'MovementTurnRate': '0.400000', 'ArmorPhysical': '1.000000', 'AttackCapabilities': 'DOTA_UNIT_CAP_MELEE_ATTACK', 'AttackDamageMax': '33', 'AttributeStrengthGain': '2.300000', 'AttributeBaseStrength': '24', 'AttackRange': '150', 'url': 'Elder_Titan', 'AttributeBaseIntelligence': '23', 'AttributeAgilityGain': '1.500000', 'AttackRate': '1.700000', 'AttackAnimationPoint': '0.350000', 'MovementSpeed': '315', 'Team': 'Good', 'AttackAcquisitionRange': '600', 'Rolelevels': '2,1,1,1', 'AttributePrimary': 'DOTA_ATTRIBUTE_STRENGTH', 'AttributeBaseAgility': '14'}
{'AttackDamageMin': '30', 'AttributeIntelligenceGain': '2.000000', 'Role': 'Carry,Escape', 'MovementTurnRate': '0.700000', 'ArmorPhysical': '1', 'AttackCapabilities': 'DOTA_UNIT_CAP_RANGED_ATTACK', 'AttackDamageMax': '36', 'AttributeStrengthGain': '2.100000', 'AttributeBaseStrength': '18', 'AttackRange': '140', 'url': 'Templar_Assassin', 'AttributeBaseIntelligence': '20', 'AttributeAgilityGain': '2.700000', 'AttackRate': '1.700000', 'AttackAnimationPoint': '0.300000', 'MovementSpeed': '305', 'Team': 'Good', 'AttackAcquisitionRange': '800', 'Rolelevels': '2,1', 'AttributePrimary': 'DOTA_ATTRIBUTE_AGILITY', 'AttributeBaseAgility': '23'}
{'AttackDamageMin': '30', 'AttributeIntelligenceGain': '1.800000', 'Role': 'Carry,Escape,Nuker,Disabler,Initiator', 'MovementTurnRate': '0.500000', 'ArmorPhysical': '-2.000000', 'AttackCapabilities': 'DOTA_UNIT_CAP_MELEE_ATTACK', 'AttackDamageMax': '34', 'AttributeStrengthGain': '2.000000', 'AttributeBaseStrength': '19', 'AttackRange': '150', 'url': 'Ember_Spirit', 'AttributeBaseIntelligence': '20', 'AttributeAgilityGain': '1.800000', 'AttackRate': '1.700000', 'AttackAnimationPoint': '0.400000', 'MovementSpeed': '310', 'Team': 'Good', 'AttackAcquisitionRange': '600', 'Rolelevels': '2,3,1,1,1', 'AttributePrimary': 'DOTA_ATTRIBUTE_AGILITY', 'AttributeBaseAgility': '22'}
{'AttackDamageMin': '33', 'AttributeIntelligenceGain': '2.100000', 'Role': 'Support,Disabler,Nuker,Durable', 'MovementTurnRate': '0.600000', 'ArmorPhysical': '1', 'AttackCapabilities': 'DOTA_UNIT_CAP_RANGED_ATTACK', 'AttackDamageMax': '39', 'AttributeStrengthGain': '2.100000', 'AttributeBaseStrength': '22', 'AttackRange': '400', 'url': 'Bane', 'AttributeBaseIntelligence': '22', 'AttributeAgilityGain': '2.100000', 'AttackRate': '1.700000', 'AttackAnimationPoint': '0.300000', 'MovementSpeed': '310', 'Team': 'Bad', 'AttackAcquisitionRange': '800', 'Rolelevels': '2,3,1,1', 'AttributePrimary': 'DOTA_ATTRIBUTE_INTELLECT', 'AttributeBaseAgility': '22'}
{'AttackDamageMin': '33', 'AttributeIntelligenceGain': '1.900000', 'Role': 'Carry,Escape,Disabler,Nuker', 'MovementTurnRate': '0.500000', 'ArmorPhysical': '-1', 'AttackCapabilities': 'DOTA_UNIT_CAP_MELEE_ATTACK', 'AttackDamageMax': '41', 'AttributeStrengthGain': '1.600000', 'AttributeBaseStrength': '20', 'AttackRange': '150', 'url': 'Slark', 'AttributeBaseIntelligence': '16', 'AttributeAgilityGain': '1.500000', 'AttackRate': '1.700000', 'AttackAnimationPoint': '0.500000', 'MovementSpeed': '300', 'Team': 'Bad', 'AttackAcquisitionRange': '600', 'Rolelevels': '2,3,1,1', 'AttributePrimary': 'DOTA_ATTRIBUTE_AGILITY', 'AttributeBaseAgility': '21'}
{'AttackDamageMin': '24', 'AttributeIntelligenceGain': '1.800000', 'Role': 'Carry,Support,Durable,Disabler,Initiator,Nuker', 'MovementTurnRate': '0.600000', 'ArmorPhysical': '0', 'AttackCapabilities': 'DOTA_UNIT_CAP_MELEE_ATTACK', 'AttackDamageMax': '33', 'AttributeStrengthGain': '1.800000', 'AttributeBaseStrength': '25', 'AttackRange': '150', 'url': 'Alchemist', 'AttributeBaseIntelligence': '25', 'AttributeAgilityGain': '1.200000', 'AttackRate': '1.700000', 'AttackAnimationPoint': '0.350000', 'MovementSpeed': '295', 'Team': 'Good', 'AttackAcquisitionRange': '600', 'Rolelevels': '2,1,2,1,1,1', 'AttributePrimary': 'DOTA_ATTRIBUTE_STRENGTH', 'AttributeBaseAgility': '11'}
{'AttackDamageMin': '31', 'AttributeIntelligenceGain': '1.700000', 'Role': 'Carry,Pusher,Durable,Disabler,Initiator,Nuker', 'MovementTurnRate': '0.600000', 'ArmorPhysical': '1', 'AttackCapabilities': 'DOTA_UNIT_CAP_MELEE_ATTACK', 'AttackDamageMax': '37', 'AttributeStrengthGain': '2.800000', 'AttributeBaseStrength': '19', 'AttackRange': '150', 'url': 'Dragon_Knight', 'AttributeBaseIntelligence': '15', 'AttributeAgilityGain': '2.200000', 'AttackRate': '1.700000', 'AttackAnimationPoint': '0.500000', 'MovementSpeed': '290', 'Team': 'Good', 'AttackAcquisitionRange': '600', 'Rolelevels': '2,3,2,2,1,1', 'AttributePrimary': 'DOTA_ATTRIBUTE_STRENGTH', 'AttributeBaseAgility': '19'}
{'AttackDamageMin': '25', 'AttributeIntelligenceGain': '2.500000', 'Role': 'Carry,Nuker,Escape', 'MovementTurnRate': '0.500000', 'ArmorPhysical': '-1', 'AttackCapabilities': 'DOTA_UNIT_CAP_RANGED_ATTACK', 'AttackDamageMax': '33', 'AttributeStrengthGain': '1.700000', 'AttributeBaseStrength': '16', 'AttackRange': '550', 'url': 'Queen_of_Pain', 'AttributeBaseIntelligence': '24', 'AttributeAgilityGain': '2', 'AttackRate': '1.500000', 'AttackAnimationPoint': '0.560000', 'MovementSpeed': '295', 'Team': 'Bad', 'AttackAcquisitionRange': '800', 'Rolelevels': '1,3,3', 'AttributePrimary': 'DOTA_ATTRIBUTE_INTELLECT', 'AttributeBaseAgility': '18'}
{'AttackDamageMin': '62', 'AttributeIntelligenceGain': '1.800000', 'Role': 'Support,Initiator,Durable,Disabler,Escape', 'MovementTurnRate': '0.500000', 'ArmorPhysical': '-1', 'AttackCapabilities': 'DOTA_UNIT_CAP_MELEE_ATTACK', 'AttackDamageMax': '70', 'AttributeStrengthGain': '3.300000', 'AttributeBaseStrength': '25', 'AttackRange': '150', 'url': 'Treant_Protector', 'AttributeBaseIntelligence': '17', 'AttributeAgilityGain': '2.000000', 'AttackRate': '1.900000', 'AttackAnimationPoint': '0.600000', 'MovementSpeed': '295', 'Team': 'Good', 'AttackAcquisitionRange': '600', 'Rolelevels': '3,2,1,1,1', 'AttributePrimary': 'DOTA_ATTRIBUTE_STRENGTH', 'AttributeBaseAgility': '15'}
{'AttackDamageMin': '33', 'AttributeIntelligenceGain': '1.500000', 'Role': 'Carry,Initiator,Disabler,Escape,Durable', 'MovementTurnRate': '1.000000', 'ArmorPhysical': '0', 'AttackCapabilities': 'DOTA_UNIT_CAP_MELEE_ATTACK', 'AttackDamageMax': '39', 'AttributeStrengthGain': '1.800000', 'AttributeBaseStrength': '23', 'AttackRange': '150', 'url': 'Faceless_Void', 'AttributeBaseIntelligence': '15', 'AttributeAgilityGain': '2.65000', 'AttackRate': '1.700000', 'AttackAnimationPoint': '0.500000', 'MovementSpeed': '300', 'Team': 'Bad', 'AttackAcquisitionRange': '600', 'Rolelevels': '2,3,2,1,1', 'AttributePrimary': 'DOTA_ATTRIBUTE_AGILITY', 'AttributeBaseAgility': '23'}
{'AttackDamageMin': '14', 'AttributeIntelligenceGain': '1.400000', 'Role': 'Carry,Disabler,Pusher', 'MovementTurnRate': '0.700000', 'ArmorPhysical': '-3', 'AttackCapabilities': 'DOTA_UNIT_CAP_RANGED_ATTACK', 'AttackDamageMax': '25', 'AttributeStrengthGain': '1.600000', 'AttributeBaseStrength': '17', 'AttackRange': '625', 'url': 'Drow_Ranger', 'AttributeBaseIntelligence': '15', 'AttributeAgilityGain': '1.900000', 'AttackRate': '1.700000', 'AttackAnimationPoint': '0.700000', 'MovementSpeed': '290', 'Team': 'Good', 'AttackAcquisitionRange': '800', 'Rolelevels': '2,1,1', 'AttributePrimary': 'DOTA_ATTRIBUTE_AGILITY', 'AttributeBaseAgility': '26'}
{'AttackDamageMin': '37', 'AttributeIntelligenceGain': '1.600000', 'Role': 'Carry,Nuker,Pusher,Initiator,Durable,Disabler', 'MovementTurnRate': '0.500000', 'ArmorPhysical': '-1', 'AttackCapabilities': 'DOTA_UNIT_CAP_MELEE_ATTACK', 'AttackDamageMax': '43', 'AttributeStrengthGain': '3.000000', 'AttributeBaseStrength': '26', 'AttackRange': '150', 'url': 'Tiny', 'AttributeBaseIntelligence': '17', 'AttributeAgilityGain': '0.900000', 'AttackRate': '1.700000', 'AttackAnimationPoint': '0.490000', 'MovementSpeed': '285', 'Team': 'Good', 'AttackAcquisitionRange': '600', 'Rolelevels': '3,2,2,2,2,1', 'AttributePrimary': 'DOTA_ATTRIBUTE_STRENGTH', 'AttributeBaseAgility': '9'}
{'AttackDamageMin': '23', 'AttributeIntelligenceGain': '1.800000', 'Role': 'Carry,Durable,Initiator,Disabler', 'MovementTurnRate': '0.400000', 'ArmorPhysical': '-1', 'AttackCapabilities': 'DOTA_UNIT_CAP_RANGED_ATTACK', 'AttackDamageMax': '25', 'AttributeStrengthGain': '2.100000', 'AttributeBaseStrength': '20', 'AttackRange': '575', 'url': 'Viper', 'AttributeBaseIntelligence': '15', 'AttributeAgilityGain': '2.900000', 'AttackRate': '1.700000', 'AttackAnimationPoint': '0.330000', 'MovementSpeed': '285', 'Team': 'Bad', 'AttackAcquisitionRange': '800', 'Rolelevels': '1,2,1,1', 'AttributePrimary': 'DOTA_ATTRIBUTE_AGILITY', 'AttributeBaseAgility': '21'}
{'AttackDamageMin': '18', 'AttributeIntelligenceGain': '1.650000', 'Role': 'Carry,Support,Escape,Nuker,Disabler', 'MovementTurnRate': '0.400000', 'ArmorPhysical': '-1', 'AttackCapabilities': 'DOTA_UNIT_CAP_RANGED_ATTACK', 'AttackDamageMax': '29', 'AttributeStrengthGain': '1.850000', 'AttributeBaseStrength': '17', 'AttackRange': '630', 'url': 'Mirana', 'AttributeBaseIntelligence': '17', 'AttributeAgilityGain': '3.30000', 'AttackRate': '1.700000', 'AttackAnimationPoint': '0.300000', 'MovementSpeed': '300', 'Team': 'Good', 'AttackAcquisitionRange': '800', 'Rolelevels': '1,1,2,1,1', 'AttributePrimary': 'DOTA_ATTRIBUTE_AGILITY', 'AttributeBaseAgility': '20'}
{'AttackDamageMin': '39', 'AttributeIntelligenceGain': '1.600000', 'Role': 'Carry,Support,Durable,Disabler,Initiator', 'MovementTurnRate': '0.400000', 'ArmorPhysical': '0', 'AttackCapabilities': 'DOTA_UNIT_CAP_MELEE_ATTACK', 'AttackDamageMax': '41', 'AttributeStrengthGain': '2.900000', 'AttributeBaseStrength': '22', 'AttackRange': '150', 'url': 'Wraith_King', 'AttributeBaseIntelligence': '18', 'AttributeAgilityGain': '1.700000', 'AttackRate': '1.700000', 'AttackAnimationPoint': '0.560000', 'MovementSpeed': '300', 'Team': 'Bad', 'AttackAcquisitionRange': '600', 'Rolelevels': '2,1,3,2,1', 'AttributePrimary': 'DOTA_ATTRIBUTE_STRENGTH', 'AttributeBaseAgility': '18'}
{'AttackDamageMin': '21', 'AttributeIntelligenceGain': '2.700000', 'Role': 'Nuker', 'MovementTurnRate': '0.600000', 'ArmorPhysical': '0', 'AttackCapabilities': 'DOTA_UNIT_CAP_RANGED_ATTACK', 'AttackDamageMax': '29', 'AttributeStrengthGain': '2.300000', 'AttributeBaseStrength': '19', 'AttackRange': '350', 'url': 'Zeus', 'AttributeBaseIntelligence': '20', 'AttributeAgilityGain': '1.200000', 'AttackRate': '1.700000', 'AttackAnimationPoint': '0.633000', 'MovementSpeed': '295', 'Team': 'Good', 'AttackAcquisitionRange': '800', 'Rolelevels': '3', 'AttributePrimary': 'DOTA_ATTRIBUTE_INTELLECT', 'AttributeBaseAgility': '11'}
{'AttackDamageMin': '30', 'AttributeIntelligenceGain': '1.500000', 'Role': 'Carry,Durable,Initiator,Disabler,Escape', 'MovementTurnRate': '0.500000', 'ArmorPhysical': '3', 'AttackCapabilities': 'DOTA_UNIT_CAP_MELEE_ATTACK', 'AttackDamageMax': '38', 'AttributeStrengthGain': '2.800000', 'AttributeBaseStrength': '21', 'AttackRange': '150', 'url': 'Slardar', 'AttributeBaseIntelligence': '15', 'AttributeAgilityGain': '2.400000', 'AttackRate': '1.700000', 'AttackAnimationPoint': '0.360000', 'MovementSpeed': '290', 'Team': 'Bad', 'AttackAcquisitionRange': '600', 'Rolelevels': '2,2,2,1,1', 'AttributePrimary': 'DOTA_ATTRIBUTE_STRENGTH', 'AttributeBaseAgility': '17'}
{'AttackDamageMin': '35', 'AttributeIntelligenceGain': '2.800000', 'Role': 'Support,Durable,Disabler,Nuker', 'MovementTurnRate': '0.600000', 'ArmorPhysical': '2', 'AttackCapabilities': 'DOTA_UNIT_CAP_MELEE_ATTACK', 'AttackDamageMax': '43', 'AttributeStrengthGain': '2.100000', 'AttributeBaseStrength': '22', 'AttackRange': '150', 'url': 'Undying', 'AttributeBaseIntelligence': '27', 'AttributeAgilityGain': '0.800000', 'AttackRate': '1.700000', 'AttackAnimationPoint': '0.300000', 'MovementSpeed': '310', 'Team': 'Bad', 'AttackAcquisitionRange': '600', 'Rolelevels': '1,2,1,1', 'AttributePrimary': 'DOTA_ATTRIBUTE_STRENGTH', 'AttributeBaseAgility': '10'}
{'AttackDamageMin': '27', 'AttributeIntelligenceGain': '1.800000', 'Role': 'Carry,Escape,Nuker', 'MovementTurnRate': '0.500000', 'ArmorPhysical': '-1', 'AttackCapabilities': 'DOTA_UNIT_CAP_MELEE_ATTACK', 'AttackDamageMax': '31', 'AttributeStrengthGain': '1.200000', 'AttributeBaseStrength': '22', 'AttackRange': '150', 'url': 'Anti-Mage', 'AttributeBaseIntelligence': '15', 'AttributeAgilityGain': '2.800000', 'AttackRate': '1.450000', 'AttackAnimationPoint': '0.300000', 'MovementSpeed': '315', 'Team': 'Good', 'AttackAcquisitionRange': '600', 'Rolelevels': '3,3,1', 'AttributePrimary': 'DOTA_ATTRIBUTE_AGILITY', 'AttributeBaseAgility': '22'}
{'AttackDamageMin': '12', 'AttributeIntelligenceGain': '3.600000', 'Role': 'Support,Nuker,Disabler', 'MovementTurnRate': '0.500000', 'ArmorPhysical': '-2', 'AttackCapabilities': 'DOTA_UNIT_CAP_RANGED_ATTACK', 'AttackDamageMax': '22', 'AttributeStrengthGain': '1.500000', 'AttributeBaseStrength': '19', 'AttackRange': '600', 'url': 'Skywrath_Mage', 'AttributeBaseIntelligence': '27', 'AttributeAgilityGain': '0.800000', 'AttackRate': '1.700000', 'AttackAnimationPoint': '0.400000', 'MovementSpeed': '325', 'Team': 'Good', 'AttackAcquisitionRange': '800', 'Rolelevels': '2,3,1', 'AttributePrimary': 'DOTA_ATTRIBUTE_INTELLECT', 'AttributeBaseAgility': '13'}
{'AttackDamageMin': '32', 'AttributeIntelligenceGain': '1.650000', 'Role': 'Initiator,Disabler,Nuker,Escape', 'MovementTurnRate': '0.800000', 'ArmorPhysical': '2', 'AttackCapabilities': 'DOTA_UNIT_CAP_MELEE_ATTACK', 'AttackDamageMax': '44', 'AttributeStrengthGain': '2.90000', 'AttributeBaseStrength': '21', 'AttackRange': '150', 'url': 'Magnus', 'AttributeBaseIntelligence': '19', 'AttributeAgilityGain': '2.500000', 'AttackRate': '1.700000', 'AttackAnimationPoint': '0.500000', 'MovementSpeed': '315', 'Team': 'Bad', 'AttackAcquisitionRange': '600', 'Rolelevels': '3,2,1,1', 'AttributePrimary': 'DOTA_ATTRIBUTE_STRENGTH', 'AttributeBaseAgility': '15'}
{'AttackDamageMin': '20', 'AttributeIntelligenceGain': '1.600000', 'Role': 'Carry,Escape,Nuker,Disabler,Initiator,Pusher', 'MovementTurnRate': '0.650000', 'ArmorPhysical': '-1.000000', 'AttackCapabilities': 'DOTA_UNIT_CAP_MELEE_ATTACK', 'AttackDamageMax': '26', 'AttributeStrengthGain': '1.300000', 'AttributeBaseStrength': '23', 'AttackRange': '150', 'url': 'Meepo', 'AttributeBaseIntelligence': '20', 'AttributeAgilityGain': '2.200000', 'AttackRate': '1.700000', 'AttackAnimationPoint': '0.380000', 'MovementSpeed': '315', 'Team': 'Bad', 'AttackAcquisitionRange': '600', 'Rolelevels': '2,2,2,1,1,1', 'AttributePrimary': 'DOTA_ATTRIBUTE_AGILITY', 'AttributeBaseAgility': '23'}
{'AttackDamageMin': '1', 'AttributeIntelligenceGain': '0', 'Role': None, 'MovementTurnRate': '0.500000', 'ArmorPhysical': '-1', 'AttackCapabilities': 'DOTA_UNIT_CAP_RANGED_ATTACK', 'AttackDamageMax': '1', 'AttributeStrengthGain': '0', 'AttributeBaseStrength': '0', 'AttackRange': '600', 'url': None, 'AttributeBaseIntelligence': '0', 'AttributeAgilityGain': '0', 'AttackRate': '1.700000', 'AttackAnimationPoint': '0.750000', 'MovementSpeed': '300', 'Team': None, 'AttackAcquisitionRange': '800', 'Rolelevels': None, 'AttributePrimary': 'DOTA_ATTRIBUTE_STRENGTH', 'AttributeBaseAgility': '0'}
{'AttackDamageMin': '41', 'AttributeIntelligenceGain': '2.000000', 'Role': 'Support,Nuker,Disabler,Durable,Initiator', 'MovementTurnRate': '0.600000', 'ArmorPhysical': '6.000000', 'AttackCapabilities': 'DOTA_UNIT_CAP_MELEE_ATTACK', 'AttackDamageMax': '47', 'AttributeStrengthGain': '3.200000', 'AttributeBaseStrength': '23', 'AttackRange': '150', 'url': 'Ogre_Magi', 'AttributeBaseIntelligence': '17', 'AttributeAgilityGain': '1.550000', 'AttackRate': '1.70000', 'AttackAnimationPoint': '0.300000', 'MovementSpeed': '290', 'Team': 'Good', 'AttackAcquisitionRange': '600', 'Rolelevels': '2,2,2,1,1', 'AttributePrimary': 'DOTA_ATTRIBUTE_INTELLECT', 'AttributeBaseAgility': '14'}
{'AttackDamageMin': '23', 'AttributeIntelligenceGain': '2.0000', 'Role': 'Carry,Support,Pusher,Disabler,Initiator,Escape', 'MovementTurnRate': '0.500000', 'ArmorPhysical': '3', 'AttackCapabilities': 'DOTA_UNIT_CAP_MELEE_ATTACK', 'AttackDamageMax': '25', 'AttributeStrengthGain': '2.500000', 'AttributeBaseStrength': '21', 'AttackRange': '150', 'url': 'Naga_Siren', 'AttributeBaseIntelligence': '21', 'AttributeAgilityGain': '2.750000', 'AttackRate': '1.700000', 'AttackAnimationPoint': '0.500000', 'MovementSpeed': '320', 'Team': 'good', 'AttackAcquisitionRange': '600', 'Rolelevels': '3,1,2,2,1,1', 'AttributePrimary': 'DOTA_ATTRIBUTE_AGILITY', 'AttributeBaseAgility': '21'}
{'AttackDamageMin': '17', 'AttributeIntelligenceGain': '2.400000', 'Role': 'Support,Disabler,Nuker', 'MovementTurnRate': '0.700000', 'ArmorPhysical': '-1.000000', 'AttackCapabilities': 'DOTA_UNIT_CAP_RANGED_ATTACK', 'AttackDamageMax': '27', 'AttributeStrengthGain': '1.500000', 'AttributeBaseStrength': '19', 'AttackRange': '600', 'url': 'Rubick', 'AttributeBaseIntelligence': '27', 'AttributeAgilityGain': '1.600000', 'AttackRate': '1.700000', 'AttackAnimationPoint': '0.400000', 'MovementSpeed': '290', 'Team': 'Good', 'AttackAcquisitionRange': '800', 'Rolelevels': '2,1,1', 'AttributePrimary': 'DOTA_ATTRIBUTE_INTELLECT', 'AttributeBaseAgility': '14'}
{'AttackDamageMin': '23', 'AttributeIntelligenceGain': '1.400000', 'Role': 'Carry,Escape', 'MovementTurnRate': '0.600000', 'ArmorPhysical': '1', 'AttackCapabilities': 'DOTA_UNIT_CAP_MELEE_ATTACK', 'AttackDamageMax': '25', 'AttributeStrengthGain': '1.850000', 'AttributeBaseStrength': '20', 'AttackRange': '150', 'url': 'Phantom_Assassin', 'AttributeBaseIntelligence': '15', 'AttributeAgilityGain': '3.150000', 'AttackRate': '1.700000', 'AttackAnimationPoint': '0.300000', 'MovementSpeed': '310', 'Team': 'Bad', 'AttackAcquisitionRange': '600', 'Rolelevels': '3,1', 'AttributePrimary': 'DOTA_ATTRIBUTE_AGILITY', 'AttributeBaseAgility': '23'}
{'AttackDamageMin': '26', 'AttributeIntelligenceGain': '1.700000', 'Role': 'Support,Escape,Nuker', 'MovementTurnRate': '0.700000', 'ArmorPhysical': '-2.000000', 'AttackCapabilities': 'DOTA_UNIT_CAP_RANGED_ATTACK', 'AttackDamageMax': '35', 'AttributeStrengthGain': '1.900000', 'AttributeBaseStrength': '17', 'AttackRange': '575', 'url': 'Io', 'AttributeBaseIntelligence': '23', 'AttributeAgilityGain': '1.600000', 'AttackRate': '1.700000', 'AttackAnimationPoint': '0.150000', 'MovementSpeed': '295', 'Team': 'Good', 'AttackAcquisitionRange': '800', 'Rolelevels': '3,2,1', 'AttributePrimary': 'DOTA_ATTRIBUTE_STRENGTH', 'AttributeBaseAgility': '14'}
{'AttackDamageMin': '26', 'AttributeIntelligenceGain': '2.000000', 'Role': 'Carry,Pusher,Escape,Nuker', 'MovementTurnRate': '0.500000', 'ArmorPhysical': '0', 'AttackCapabilities': 'DOTA_UNIT_CAP_MELEE_ATTACK', 'AttackDamageMax': '32', 'AttributeStrengthGain': '2.500000', 'AttributeBaseStrength': '17', 'AttackRange': '150', 'url': 'Broodmother', 'AttributeBaseIntelligence': '18', 'AttributeAgilityGain': '2.200000', 'AttackRate': '1.700000', 'AttackAnimationPoint': '0.400000', 'MovementSpeed': '295', 'Team': 'Bad', 'AttackAcquisitionRange': '600', 'Rolelevels': '1,3,3,1', 'AttributePrimary': 'DOTA_ATTRIBUTE_AGILITY', 'AttributeBaseAgility': '18'}
{'AttackDamageMin': '19', 'AttributeIntelligenceGain': '1.80000', 'Role': 'Support,Nuker,Initiator,Pusher,Disabler', 'MovementTurnRate': '0.400000', 'ArmorPhysical': '0', 'AttackCapabilities': 'DOTA_UNIT_CAP_RANGED_ATTACK', 'AttackDamageMax': '21', 'AttributeStrengthGain': '1.850000', 'AttributeBaseStrength': '18', 'AttackRange': '450', 'url': 'Venomancer', 'AttributeBaseIntelligence': '17', 'AttributeAgilityGain': '2.600000', 'AttackRate': '1.700000', 'AttackAnimationPoint': '0.300000', 'MovementSpeed': '285', 'Team': 'Bad', 'AttackAcquisitionRange': '800', 'Rolelevels': '2,1,1,1,1', 'AttributePrimary': 'DOTA_ATTRIBUTE_AGILITY', 'AttributeBaseAgility': '22'}
{'AttackDamageMin': '35', 'AttributeIntelligenceGain': '2.200000', 'Role': 'Carry,Disabler,Initiator,Durable,Nuker', 'MovementTurnRate': '0.500000', 'ArmorPhysical': '0.000000', 'AttackCapabilities': 'DOTA_UNIT_CAP_MELEE_ATTACK', 'AttackDamageMax': '39', 'AttributeStrengthGain': '2.600000', 'AttributeBaseStrength': '26', 'AttackRange': '150', 'url': 'Legion_Commander', 'AttributeBaseIntelligence': '20', 'AttributeAgilityGain': '1.700000', 'AttackRate': '1.700000', 'AttackAnimationPoint': '0.460000', 'MovementSpeed': '320', 'Team': 'Good', 'AttackAcquisitionRange': '600', 'Rolelevels': '1,2,1,1,1', 'AttributePrimary': 'DOTA_ATTRIBUTE_STRENGTH', 'AttributeBaseAgility': '18'}
{'AttackDamageMin': '31', 'AttributeIntelligenceGain': '1.800000', 'Role': 'Carry,Initiator,Disabler,Durable,Escape', 'MovementTurnRate': '0.400000', 'ArmorPhysical': '3.000000', 'AttackCapabilities': 'DOTA_UNIT_CAP_MELEE_ATTACK', 'AttackDamageMax': '41', 'AttributeStrengthGain': '2.400000', 'AttributeBaseStrength': '29', 'AttackRange': '150', 'url': 'Spirit_Breaker', 'AttributeBaseIntelligence': '14', 'AttributeAgilityGain': '1.700000', 'AttackRate': '1.900000', 'AttackAnimationPoint': '0.600000', 'MovementSpeed': '290', 'Team': 'Bad', 'AttackAcquisitionRange': '600', 'Rolelevels': '1,2,2,2,1', 'AttributePrimary': 'DOTA_ATTRIBUTE_STRENGTH', 'AttributeBaseAgility': '17'}
{'AttackDamageMin': '13', 'AttributeIntelligenceGain': '3.100000', 'Role': 'Support,Disabler,Nuker', 'MovementTurnRate': '0.400000', 'ArmorPhysical': '-1', 'AttackCapabilities': 'DOTA_UNIT_CAP_RANGED_ATTACK', 'AttackDamageMax': '20', 'AttributeStrengthGain': '2.100000', 'AttributeBaseStrength': '24', 'AttackRange': '425', 'url': 'Winter_Wyvern', 'AttributeBaseIntelligence': '25', 'AttributeAgilityGain': '1.900000', 'AttackRate': '1.700000', 'AttackAnimationPoint': '0.250000', 'MovementSpeed': '285', 'Team': 'Bad', 'AttackAcquisitionRange': '800', 'Rolelevels': '3,2,1', 'AttributePrimary': 'DOTA_ATTRIBUTE_INTELLECT', 'AttributeBaseAgility': '16'}
{'AttackDamageMin': '24', 'AttributeIntelligenceGain': '2.1000', 'Role': 'Carry,Disabler,Durable', 'MovementTurnRate': '0.500000', 'ArmorPhysical': '-1', 'AttackCapabilities': 'DOTA_UNIT_CAP_RANGED_ATTACK', 'AttackDamageMax': '30', 'AttributeStrengthGain': '1.650000', 'AttributeBaseStrength': '14', 'AttackRange': '600', 'url': 'Medusa', 'AttributeBaseIntelligence': '19', 'AttributeAgilityGain': '2.500000', 'AttackRate': '1.700000', 'AttackAnimationPoint': '0.500000', 'MovementSpeed': '290', 'Team': 'Bad', 'AttackAcquisitionRange': '800', 'Rolelevels': '3,1,1', 'AttributePrimary': 'DOTA_ATTRIBUTE_AGILITY', 'AttributeBaseAgility': '20'}
{'AttackDamageMin': '25', 'AttributeIntelligenceGain': '2.800000', 'Role': 'Support,Nuker,Pusher,Disabler', 'MovementTurnRate': '0.500000', 'ArmorPhysical': '1', 'AttackCapabilities': 'DOTA_UNIT_CAP_RANGED_ATTACK', 'AttackDamageMax': '33', 'AttributeStrengthGain': '2.300000', 'AttributeBaseStrength': '25', 'AttackRange': '400', 'url': 'Jakiro', 'AttributeBaseIntelligence': '28', 'AttributeAgilityGain': '1.200000', 'AttackRate': '1.700000', 'AttackAnimationPoint': '0.400000', 'MovementSpeed': '290', 'Team': 'Good', 'AttackAcquisitionRange': '800', 'Rolelevels': '1,2,2,1', 'AttributePrimary': 'DOTA_ATTRIBUTE_INTELLECT', 'AttributeBaseAgility': '10'}
{'AttackDamageMin': '12', 'AttributeIntelligenceGain': '1.50000', 'Role': 'Support,Initiator,Disabler,Nuker,Escape', 'MovementTurnRate': '0.600000', 'ArmorPhysical': '0', 'AttackCapabilities': 'DOTA_UNIT_CAP_RANGED_ATTACK', 'AttackDamageMax': '26', 'AttributeStrengthGain': '2.600000', 'AttributeBaseStrength': '18', 'AttackRange': '400', 'url': 'Vengeful_Spirit', 'AttributeBaseIntelligence': '13', 'AttributeAgilityGain': '3.300000', 'AttackRate': '1.700000', 'AttackAnimationPoint': '0.330000', 'MovementSpeed': '300', 'Team': 'Good', 'AttackAcquisitionRange': '800', 'Rolelevels': '3,2,2,1,1', 'AttributePrimary': 'DOTA_ATTRIBUTE_AGILITY', 'AttributeBaseAgility': '27'}
{'AttackDamageMin': '22', 'AttributeIntelligenceGain': '2.000000', 'Role': 'Carry,Escape,Pusher,Nuker', 'MovementTurnRate': '0.600000', 'ArmorPhysical': '0', 'AttackCapabilities': 'DOTA_UNIT_CAP_MELEE_ATTACK', 'AttackDamageMax': '44', 'AttributeStrengthGain': '1.700000', 'AttributeBaseStrength': '21', 'AttackRange': '150', 'url': 'Phantom_Lancer', 'AttributeBaseIntelligence': '21', 'AttributeAgilityGain': '2.600000', 'AttackRate': '1.700000', 'AttackAnimationPoint': '0.500000', 'MovementSpeed': '290', 'Team': 'Good', 'AttackAcquisitionRange': '600', 'Rolelevels': '2,2,1,1', 'AttributePrimary': 'DOTA_ATTRIBUTE_AGILITY', 'AttributeBaseAgility': '29'}
{'AttackDamageMin': '29', 'AttributeIntelligenceGain': '2.6', 'Role': 'Carry,Escape,Nuker', 'MovementTurnRate': '0.4', 'ArmorPhysical': '-2', 'AttackCapabilities': 'DOTA_UNIT_CAP_RANGED_ATTACK', 'AttackDamageMax': '39', 'AttributeStrengthGain': '2.3', 'AttributeBaseStrength': '24', 'AttackRange': '625', 'url': 'Arc_Warden', 'AttributeBaseIntelligence': '24', 'AttributeAgilityGain': '1.8', 'AttackRate': '1.700000', 'AttackAnimationPoint': '0.3', 'MovementSpeed': '285', 'Team': 'Bad', 'AttackAcquisitionRange': '800', 'Rolelevels': '3,3,1', 'AttributePrimary': 'DOTA_ATTRIBUTE_AGILITY', 'AttributeBaseAgility': '15'}
{'AttackDamageMin': '19', 'AttributeIntelligenceGain': '4.000000', 'Role': 'Carry,Nuker,Disabler,Escape,Pusher', 'MovementTurnRate': '0.500000', 'ArmorPhysical': '-1', 'AttackCapabilities': 'DOTA_UNIT_CAP_RANGED_ATTACK', 'AttackDamageMax': '25', 'AttributeStrengthGain': '1.900000', 'AttributeBaseStrength': '17', 'AttackRange': '600', 'url': 'Invoker', 'AttributeBaseIntelligence': '16', 'AttributeAgilityGain': '1.900000', 'AttackRate': '1.700000', 'AttackAnimationPoint': '0.400000', 'MovementSpeed': '280', 'Team': 'Bad', 'AttackAcquisitionRange': '800', 'Rolelevels': '1,3,2,1,1', 'AttributePrimary': 'DOTA_ATTRIBUTE_INTELLECT', 'AttributeBaseAgility': '14'}
{'AttackDamageMin': '22', 'AttributeIntelligenceGain': '2.700000', 'Role': 'Support,Initiator,Disabler', 'MovementTurnRate': '0.400000', 'ArmorPhysical': '1', 'AttackCapabilities': 'DOTA_UNIT_CAP_RANGED_ATTACK', 'AttackDamageMax': '32', 'AttributeStrengthGain': '2.500000', 'AttributeBaseStrength': '22', 'AttackRange': '600', 'url': 'Warlock', 'AttributeBaseIntelligence': '24', 'AttributeAgilityGain': '1.000000', 'AttackRate': '1.700000', 'AttackAnimationPoint': '0.300000', 'MovementSpeed': '295', 'Team': 'Bad', 'AttackAcquisitionRange': '800', 'Rolelevels': '1,2,1', 'AttributePrimary': 'DOTA_ATTRIBUTE_INTELLECT', 'AttributeBaseAgility': '10'}
{'AttackDamageMin': '27', 'AttributeIntelligenceGain': '3.000000', 'Role': 'Support,Disabler,Nuker,Initiator', 'MovementTurnRate': '0.500000', 'ArmorPhysical': '-1', 'AttackCapabilities': 'DOTA_UNIT_CAP_RANGED_ATTACK', 'AttackDamageMax': '33', 'AttributeStrengthGain': '1.700000', 'AttributeBaseStrength': '16', 'AttackRange': '600', 'url': 'Lion', 'AttributeBaseIntelligence': '20', 'AttributeAgilityGain': '1.500000', 'AttackRate': '1.700000', 'AttackAnimationPoint': '0.430000', 'MovementSpeed': '290', 'Team': 'Bad', 'AttackAcquisitionRange': '800', 'Rolelevels': '2,3,3,2', 'AttributePrimary': 'DOTA_ATTRIBUTE_INTELLECT', 'AttributeBaseAgility': '15'}
{'AttackDamageMin': '37', 'AttributeIntelligenceGain': '2.600000', 'Role': 'Support,Nuker,Disabler,Durable,Escape', 'MovementTurnRate': '0.600000', 'ArmorPhysical': '2.000000', 'AttackCapabilities': 'DOTA_UNIT_CAP_MELEE_ATTACK', 'AttackDamageMax': '43', 'AttributeStrengthGain': '2.600000', 'AttributeBaseStrength': '25', 'AttackRange': '150', 'url': 'Underlord', 'AttributeBaseIntelligence': '17', 'AttributeAgilityGain': '1.300000', 'AttackRate': '1.700000', 'AttackAnimationPoint': '0.450000', 'MovementSpeed': '290', 'Team': 'Bad', 'AttackAcquisitionRange': '600', 'Rolelevels': '1,1,1,1,2', 'AttributePrimary': 'DOTA_ATTRIBUTE_STRENGTH', 'AttributeBaseAgility': '12'}
{'AttackDamageMin': '16', 'AttributeIntelligenceGain': '2.900000', 'Role': 'Support,Nuker,Disabler,Escape', 'MovementTurnRate': '0.400000', 'ArmorPhysical': '0', 'AttackCapabilities': 'DOTA_UNIT_CAP_RANGED_ATTACK', 'AttackDamageMax': '22', 'AttributeStrengthGain': '1.900000', 'AttributeBaseStrength': '18', 'AttackRange': '620', 'url': 'Oracle', 'AttributeBaseIntelligence': '23', 'AttributeAgilityGain': '1.700000', 'AttackRate': '1.400000', 'AttackAnimationPoint': '0.300000', 'MovementSpeed': '305', 'Team': 'Good', 'AttackAcquisitionRange': '800', 'Rolelevels': '3,3,2,1', 'AttributePrimary': 'DOTA_ATTRIBUTE_INTELLECT', 'AttributeBaseAgility': '15'}
{'AttackDamageMin': '23', 'AttributeIntelligenceGain': '1.900000', 'Role': 'Carry,Durable,Escape', 'MovementTurnRate': '0.400000', 'ArmorPhysical': '0', 'AttackCapabilities': 'DOTA_UNIT_CAP_MELEE_ATTACK', 'AttackDamageMax': '27', 'AttributeStrengthGain': '2.000000', 'AttributeBaseStrength': '19', 'AttackRange': '150', 'url': 'Spectre', 'AttributeBaseIntelligence': '16', 'AttributeAgilityGain': '1.800000', 'AttackRate': '1.700000', 'AttackAnimationPoint': '0.300000', 'MovementSpeed': '290', 'Team': 'Bad', 'AttackAcquisitionRange': '600', 'Rolelevels': '3,1,1', 'AttributePrimary': 'DOTA_ATTRIBUTE_AGILITY', 'AttributeBaseAgility': '23'}
{'AttackDamageMin': '26', 'AttributeIntelligenceGain': '1.800000', 'Role': 'Support,Nuker,Initiator,Escape,Disabler', 'MovementTurnRate': '1.000000', 'ArmorPhysical': '-2', 'AttackCapabilities': 'DOTA_UNIT_CAP_RANGED_ATTACK', 'AttackDamageMax': '36', 'AttributeStrengthGain': '2.900000', 'AttributeBaseStrength': '17', 'AttackRange': '500', 'url': 'Phoenix', 'AttributeBaseIntelligence': '18', 'AttributeAgilityGain': '1.300000', 'AttackRate': '1.700000', 'AttackAnimationPoint': '0.350000', 'MovementSpeed': '285', 'Team': 'Good', 'AttackAcquisitionRange': '800', 'Rolelevels': '1,3,2,2,1', 'AttributePrimary': 'DOTA_ATTRIBUTE_STRENGTH', 'AttributeBaseAgility': '12'}
{'AttackDamageMin': '27', 'AttributeIntelligenceGain': '1.500000', 'Role': 'Carry,Jungler,Durable,Disabler', 'MovementTurnRate': '0.500000', 'ArmorPhysical': '3', 'AttackCapabilities': 'DOTA_UNIT_CAP_MELEE_ATTACK', 'AttackDamageMax': '31', 'AttributeStrengthGain': '2.700000', 'AttributeBaseStrength': '23', 'AttackRange': '150', 'url': 'Ursa', 'AttributeBaseIntelligence': '16', 'AttributeAgilityGain': '2.100000', 'AttackRate': '1.700000', 'AttackAnimationPoint': '0.300000', 'MovementSpeed': '310', 'Team': 'Good', 'AttackAcquisitionRange': '600', 'Rolelevels': '2,1,1,1', 'AttributePrimary': 'DOTA_ATTRIBUTE_AGILITY', 'AttributeBaseAgility': '18'}
{'AttackDamageMin': '27', 'AttributeIntelligenceGain': '1.500000', 'Role': 'Disabler,Initiator,Durable,Nuker', 'MovementTurnRate': '0.700000', 'ArmorPhysical': '-1', 'AttackCapabilities': 'DOTA_UNIT_CAP_MELEE_ATTACK', 'AttackDamageMax': '33', 'AttributeStrengthGain': '3.200000', 'AttributeBaseStrength': '25', 'AttackRange': '150', 'url': 'Pudge', 'AttributeBaseIntelligence': '14', 'AttributeAgilityGain': '1.500000', 'AttackRate': '1.700000', 'AttackAnimationPoint': '0.500000', 'MovementSpeed': '280', 'Team': 'Bad', 'AttackAcquisitionRange': '600', 'Rolelevels': '2,2,2,1', 'AttributePrimary': 'DOTA_ATTRIBUTE_STRENGTH', 'AttributeBaseAgility': '14'}
{'AttackDamageMin': '24', 'AttributeIntelligenceGain': '3.000000', 'Role': 'Carry,Pusher,Nuker,Disabler', 'MovementTurnRate': '0.500000', 'ArmorPhysical': '1', 'AttackCapabilities': 'DOTA_UNIT_CAP_RANGED_ATTACK', 'AttackDamageMax': '36', 'AttributeStrengthGain': '1.900000', 'AttributeBaseStrength': '17', 'AttackRange': '600', 'url': 'Death_Prophet', 'AttributeBaseIntelligence': '23', 'AttributeAgilityGain': '1.400000', 'AttackRate': '1.700000', 'AttackAnimationPoint': '0.56000', 'MovementSpeed': '310', 'Team': 'Bad', 'AttackAcquisitionRange': '800', 'Rolelevels': '1,3,1,1', 'AttributePrimary': 'DOTA_ATTRIBUTE_INTELLECT', 'AttributeBaseAgility': '14'}
{'AttackDamageMin': '41', 'AttributeIntelligenceGain': '1.900000', 'Role': 'Initiator,Disabler,Durable,Nuker', 'MovementTurnRate': '0.400000', 'ArmorPhysical': '2', 'AttackCapabilities': 'DOTA_UNIT_CAP_MELEE_ATTACK', 'AttackDamageMax': '45', 'AttributeStrengthGain': '2.200000', 'AttributeBaseStrength': '23', 'AttackRange': '150"', 'url': 'Beastmaster', 'AttributeBaseIntelligence': '16', 'AttributeAgilityGain': '1.600000', 'AttackRate': '1.700000', 'AttackAnimationPoint': '0.300000', 'MovementSpeed': '310', 'Team': 'Good', 'AttackAcquisitionRange': '600', 'Rolelevels': '2,2,2,1', 'AttributePrimary': 'DOTA_ATTRIBUTE_STRENGTH', 'AttributeBaseAgility': '18'}
{'AttackDamageMin': '26', 'AttributeIntelligenceGain': '2.400000', 'Role': 'Nuker,Durable,Escape', 'MovementTurnRate': '0.600000', 'ArmorPhysical': '-2', 'AttackCapabilities': 'DOTA_UNIT_CAP_MELEE_ATTACK', 'AttackDamageMax': '30', 'AttributeStrengthGain': '1.80000', 'AttributeBaseStrength': '21', 'AttackRange': '150', 'url': 'Timbersaw', 'AttributeBaseIntelligence': '21', 'AttributeAgilityGain': '1.300000', 'AttackRate': '1.700000', 'AttackAnimationPoint': '0.360000', 'MovementSpeed': '290', 'Team': 'Good', 'AttackAcquisitionRange': '600', 'Rolelevels': '3,2,2', 'AttributePrimary': 'DOTA_ATTRIBUTE_STRENGTH', 'AttributeBaseAgility': '16'}
{'AttackDamageMin': '22', 'AttributeIntelligenceGain': '3.400000', 'Role': 'Disabler,Jungler,Initiator,Pusher', 'MovementTurnRate': '0.500000', 'ArmorPhysical': '2', 'AttackCapabilities': 'DOTA_UNIT_CAP_RANGED_ATTACK', 'AttackDamageMax': '28', 'AttributeStrengthGain': '2.100000', 'AttributeBaseStrength': '17', 'AttackRange': '500', 'url': 'Enigma', 'AttributeBaseIntelligence': '20', 'AttributeAgilityGain': '1', 'AttackRate': '1.700000', 'AttackAnimationPoint': '0.400000', 'MovementSpeed': '300', 'Team': 'Bad', 'AttackAcquisitionRange': '800', 'Rolelevels': '2,3,2,2', 'AttributePrimary': 'DOTA_ATTRIBUTE_INTELLECT', 'AttributeBaseAgility': '14'}
{'AttackDamageMin': '25', 'AttributeIntelligenceGain': '2.100000', 'Role': 'Nuker,Escape,Disabler,Initiator,Durable', 'MovementTurnRate': '0.600000', 'ArmorPhysical': '1.000000', 'AttackCapabilities': 'DOTA_UNIT_CAP_MELEE_ATTACK', 'AttackDamageMax': '35', 'AttributeStrengthGain': '2.900000', 'AttributeBaseStrength': '21', 'AttackRange': '150', 'url': 'Earth_Spirit', 'AttributeBaseIntelligence': '18', 'AttributeAgilityGain': '1.500000', 'AttackRate': '1.700000', 'AttackAnimationPoint': '0.350000', 'MovementSpeed': '295', 'Team': 'Good', 'AttackAcquisitionRange': '600', 'Rolelevels': '2,2,1,1,1', 'AttributePrimary': 'DOTA_ATTRIBUTE_STRENGTH', 'AttributeBaseAgility': '17'}
{'AttackDamageMin': '27', 'AttributeIntelligenceGain': '2.100000', 'Role': 'Carry,Disabler,Initiator,Durable,Nuker', 'MovementTurnRate': '0.500000', 'ArmorPhysical': '-1', 'AttackCapabilities': 'DOTA_UNIT_CAP_MELEE_ATTACK', 'AttackDamageMax': '43', 'AttributeStrengthGain': '3.200000', 'AttributeBaseStrength': '26', 'AttackRange': '150', 'url': 'Doom', 'AttributeBaseIntelligence': '13', 'AttributeAgilityGain': '0.900000', 'AttackRate': '2.00000', 'AttackAnimationPoint': '0.500000', 'MovementSpeed': '290', 'Team': 'Bad', 'AttackAcquisitionRange': '600', 'Rolelevels': '1,2,2,2,1', 'AttributePrimary': 'DOTA_ATTRIBUTE_STRENGTH', 'AttributeBaseAgility': '11'}
{'AttackDamageMin': '30', 'AttributeIntelligenceGain': '2.100000', 'Role': 'Disabler,Nuker,Initiator,Escape', 'MovementTurnRate': '0.500000', 'ArmorPhysical': '1.000000', 'AttackCapabilities': 'DOTA_UNIT_CAP_MELEE_ATTACK', 'AttackDamageMax': '34', 'AttributeStrengthGain': '2.000000', 'AttributeBaseStrength': '18', 'AttackRange': '150', 'url': 'Nyx_Assassin', 'AttributeBaseIntelligence': '18', 'AttributeAgilityGain': '2.200000', 'AttackRate': '1.700000', 'AttackAnimationPoint': '0.460000', 'MovementSpeed': '305', 'Team': 'Bad', 'AttackAcquisitionRange': '600', 'Rolelevels': '2,2,2,1', 'AttributePrimary': 'DOTA_ATTRIBUTE_AGILITY', 'AttributeBaseAgility': '19'}
{'AttackDamageMin': '15', 'AttributeIntelligenceGain': '1.55000', 'Role': 'Carry,Escape,Pusher', 'MovementTurnRate': '0.400000', 'ArmorPhysical': '-1', 'AttackCapabilities': 'DOTA_UNIT_CAP_RANGED_ATTACK', 'AttackDamageMax': '21', 'AttributeStrengthGain': '1.600000', 'AttributeBaseStrength': '15', 'AttackRange': '640', 'url': 'Clinkz', 'AttributeBaseIntelligence': '16', 'AttributeAgilityGain': '3.300000', 'AttackRate': '1.700000', 'AttackAnimationPoint': '0.700000', 'MovementSpeed': '300', 'Team': 'Bad', 'AttackAcquisitionRange': '800', 'Rolelevels': '2,3,1', 'AttributePrimary': 'DOTA_ATTRIBUTE_AGILITY', 'AttributeBaseAgility': '22'}
{'AttackDamageMin': '31', 'AttributeIntelligenceGain': '1.800000', 'Role': 'Support,Durable,Nuker', 'MovementTurnRate': '0.600000', 'ArmorPhysical': '3', 'AttackCapabilities': 'DOTA_UNIT_CAP_MELEE_ATTACK', 'AttackDamageMax': '41', 'AttributeStrengthGain': '2.80000', 'AttributeBaseStrength': '22', 'AttackRange': '150', 'url': 'Omniknight', 'AttributeBaseIntelligence': '17', 'AttributeAgilityGain': '1.750000', 'AttackRate': '1.700000', 'AttackAnimationPoint': '0.433000', 'MovementSpeed': '305', 'Team': 'Good', 'AttackAcquisitionRange': '600', 'Rolelevels': '2,1,1', 'AttributePrimary': 'DOTA_ATTRIBUTE_STRENGTH', 'AttributeBaseAgility': '15'}
{'AttackDamageMin': '32', 'AttributeIntelligenceGain': '2.000000', 'Role': 'Support,Carry,Durable', 'MovementTurnRate': '0.500000', 'ArmorPhysical': '-1.000000', 'AttackCapabilities': 'DOTA_UNIT_CAP_MELEE_ATTACK', 'AttackDamageMax': '42', 'AttributeStrengthGain': '2.700000', 'AttributeBaseStrength': '23', 'AttackRange': '150', 'url': 'Abaddon', 'AttributeBaseIntelligence': '21', 'AttributeAgilityGain': '1.500000', 'AttackRate': '1.700000', 'AttackAnimationPoint': '0.560000', 'MovementSpeed': '310', 'Team': 'Bad', 'AttackAcquisitionRange': '600', 'Rolelevels': '2,1,2', 'AttributePrimary': 'DOTA_ATTRIBUTE_STRENGTH', 'AttributeBaseAgility': '17'}
{'AttackDamageMin': '13', 'AttributeIntelligenceGain': '3.200000', 'Role': 'Support,Carry,Nuker,Disabler', 'MovementTurnRate': '0.500000', 'ArmorPhysical': '-1', 'AttackCapabilities': 'DOTA_UNIT_CAP_RANGED_ATTACK', 'AttackDamageMax': '31', 'AttributeStrengthGain': '1.500000', 'AttributeBaseStrength': '18', 'AttackRange': '670', 'url': 'Lina', 'AttributeBaseIntelligence': '27', 'AttributeAgilityGain': '1.500000', 'AttackRate': '1.600000', 'AttackAnimationPoint': '0.750000', 'MovementSpeed': '295', 'Team': 'Good', 'AttackAcquisitionRange': '800', 'Rolelevels': '1,1,3,1', 'AttributePrimary': 'DOTA_ATTRIBUTE_INTELLECT', 'AttributeBaseAgility': '16'}
{'AttackDamageMin': '27', 'AttributeIntelligenceGain': '2.900000', 'Role': 'Support,Nuker,Disabler', 'MovementTurnRate': '0.400000', 'ArmorPhysical': '-1', 'AttackCapabilities': 'DOTA_UNIT_CAP_RANGED_ATTACK', 'AttackDamageMax': '37', 'AttributeStrengthGain': '1.800000', 'AttributeBaseStrength': '16', 'AttackRange': '600', 'url': 'Witch_Doctor', 'AttributeBaseIntelligence': '24', 'AttributeAgilityGain': '1.400000', 'AttackRate': '1.700000', 'AttackAnimationPoint': '0.400000', 'MovementSpeed': '305', 'Team': 'Bad', 'AttackAcquisitionRange': '800', 'Rolelevels': '3,2,1', 'AttributePrimary': 'DOTA_ATTRIBUTE_INTELLECT', 'AttributeBaseAgility': '13'}
{'AttackDamageMin': '18', 'AttributeIntelligenceGain': '2.800000', 'Role': 'Support,Nuker,Disabler,Jungler', 'MovementTurnRate': '0.500000', 'ArmorPhysical': '-1.000000', 'AttackCapabilities': 'DOTA_UNIT_CAP_RANGED_ATTACK', 'AttackDamageMax': '32', 'AttributeStrengthGain': '1.800000', 'AttributeBaseStrength': '14', 'AttackRange': '600', 'url': 'Keeper_of_the_Light', 'AttributeBaseIntelligence': '25', 'AttributeAgilityGain': '1.600000', 'AttackRate': '1.700000', 'AttackAnimationPoint': '0.300000', 'MovementSpeed': '335', 'Team': 'Good', 'AttackAcquisitionRange': '800', 'Rolelevels': '3,2,1,1', 'AttributePrimary': 'DOTA_ATTRIBUTE_INTELLECT', 'AttributeBaseAgility': '15'}
{'AttackDamageMin': '32', 'AttributeIntelligenceGain': '1.600000', 'Role': 'Durable,Initiator,Disabler,Nuker,Escape', 'MovementTurnRate': '0.500000', 'ArmorPhysical': '1', 'AttackCapabilities': 'DOTA_UNIT_CAP_MELEE_ATTACK', 'AttackDamageMax': '34', 'AttributeStrengthGain': '4.000000', 'AttributeBaseStrength': '23', 'AttackRange': '150', 'url': 'Centaur_Warrunner', 'AttributeBaseIntelligence': '15', 'AttributeAgilityGain': '1.600000', 'AttackRate': '1.700000', 'AttackAnimationPoint': '0.300000', 'MovementSpeed': '300', 'Team': 'Good', 'AttackAcquisitionRange': '600', 'Rolelevels': '3,3,1,1,1', 'AttributePrimary': 'DOTA_ATTRIBUTE_STRENGTH', 'AttributeBaseAgility': '15'}
{'AttackDamageMin': '20', 'AttributeIntelligenceGain': '1.850000', 'Role': 'Carry,Nuker,Pusher', 'MovementTurnRate': '0.600000', 'ArmorPhysical': '0', 'AttackCapabilities': 'DOTA_UNIT_CAP_RANGED_ATTACK', 'AttackDamageMax': '26', 'AttributeStrengthGain': '2.200000', 'AttributeBaseStrength': '15', 'AttackRange': '330', 'url': 'Luna', 'AttributeBaseIntelligence': '16', 'AttributeAgilityGain': '3.300000', 'AttackRate': '1.700000', 'AttackAnimationPoint': '0.460000', 'MovementSpeed': '335', 'Team': 'Good', 'AttackAcquisitionRange': '800', 'Rolelevels': '2,2,1', 'AttributePrimary': 'DOTA_ATTRIBUTE_AGILITY', 'AttributeBaseAgility': '18'}
{'AttackDamageMin': '25', 'AttributeIntelligenceGain': '1.800000', 'Role': 'Initiator,Disabler,Nuker,Escape,Jungler', 'MovementTurnRate': '0.500000', 'ArmorPhysical': '0', 'AttackCapabilities': 'DOTA_UNIT_CAP_MELEE_ATTACK', 'AttackDamageMax': '41', 'AttributeStrengthGain': '2.600000', 'AttributeBaseStrength': '22', 'AttackRange': '150', 'url': 'Sand_King', 'AttributeBaseIntelligence': '16', 'AttributeAgilityGain': '2.100000', 'AttackRate': '1.700000', 'AttackAnimationPoint': '0.530000', 'MovementSpeed': '295', 'Team': 'Bad', 'AttackAcquisitionRange': '600', 'Rolelevels': '3,2,2,2,1', 'AttributePrimary': 'DOTA_ATTRIBUTE_STRENGTH', 'AttributeBaseAgility': '19'}
{'AttackDamageMin': '0', 'AttributeIntelligenceGain': '0.0', 'Role': 'Nuker,Disabler', 'MovementTurnRate': '0.500000', 'ArmorPhysical': '0', 'AttackCapabilities': 'DOTA_UNIT_CAP_NO_ATTACK', 'AttackDamageMax': '0', 'AttributeStrengthGain': '0.0', 'AttributeBaseStrength': '30', 'AttackRange': '700', 'url': None, 'AttributeBaseIntelligence': '30', 'AttributeAgilityGain': '0.0', 'AttackRate': '1.700000', 'AttackAnimationPoint': '0.500000', 'MovementSpeed': '270', 'Team': 'Good', 'AttackAcquisitionRange': '0', 'Rolelevels': '3,1', 'AttributePrimary': 'DOTA_ATTRIBUTE_INTELLECT', 'AttributeBaseAgility': '0'}
{'AttackDamageMin': '41', 'AttributeIntelligenceGain': '1.300000', 'Role': 'Carry,Disabler,Initiator,Durable,Nuker', 'MovementTurnRate': '0.600000', 'ArmorPhysical': '2', 'AttackCapabilities': 'DOTA_UNIT_CAP_MELEE_ATTACK', 'AttackDamageMax': '43', 'AttributeStrengthGain': '2.700000', 'AttributeBaseStrength': '23', 'AttackRange': '150', 'url': 'Sven', 'AttributeBaseIntelligence': '16', 'AttributeAgilityGain': '2.00000', 'AttackRate': '1.700000', 'AttackAnimationPoint': '0.400000', 'MovementSpeed': '290', 'Team': 'Good', 'AttackAcquisitionRange': '600', 'Rolelevels': '2,2,2,2,1', 'AttributePrimary': 'DOTA_ATTRIBUTE_STRENGTH', 'AttributeBaseAgility': '21'}
{'AttackDamageMin': '29', 'AttributeIntelligenceGain': '1.700000', 'Role': 'Carry,Disabler,Jungler,Nuker,Initiator', 'MovementTurnRate': '0.500000', 'ArmorPhysical': '0', 'AttackCapabilities': 'DOTA_UNIT_CAP_MELEE_ATTACK', 'AttackDamageMax': '35', 'AttributeStrengthGain': '2.400000', 'AttributeBaseStrength': '23', 'AttackRange': '150', 'url': 'Bloodseeker', 'AttributeBaseIntelligence': '18', 'AttributeAgilityGain': '3.000000', 'AttackRate': '1.700000', 'AttackAnimationPoint': '0.430000', 'MovementSpeed': '290', 'Team': 'Bad', 'AttackAcquisitionRange': '600', 'Rolelevels': '1,1,1,1,1', 'AttributePrimary': 'DOTA_ATTRIBUTE_AGILITY', 'AttributeBaseAgility': '24'}
{'AttackDamageMin': '22', 'AttributeIntelligenceGain': '2.400000', 'Role': 'Initiator,Disabler,Escape,Nuker', 'MovementTurnRate': '0.400000', 'ArmorPhysical': '-1', 'AttackCapabilities': 'DOTA_UNIT_CAP_RANGED_ATTACK', 'AttackDamageMax': '33', 'AttributeStrengthGain': '1.700000', 'AttributeBaseStrength': '15', 'AttackRange': '550', 'url': 'Puck', 'AttributeBaseIntelligence': '25', 'AttributeAgilityGain': '1.700000', 'AttackRate': '1.700000', 'AttackAnimationPoint': '0.500000', 'MovementSpeed': '295', 'Team': 'Good', 'AttackAcquisitionRange': '800', 'Rolelevels': '3,3,3,2', 'AttributePrimary': 'DOTA_ATTRIBUTE_INTELLECT', 'AttributeBaseAgility': '22'}
{'AttackDamageMin': '22', 'AttributeIntelligenceGain': '3.000000', 'Role': 'Carry,Escape,Nuker,Initiator,Disabler', 'MovementTurnRate': '0.800000', 'ArmorPhysical': '2', 'AttackCapabilities': 'DOTA_UNIT_CAP_RANGED_ATTACK', 'AttackDamageMax': '32', 'AttributeStrengthGain': '1.500000', 'AttributeBaseStrength': '19', 'AttackRange': '480', 'url': 'Storm_Spirit', 'AttributeBaseIntelligence': '24', 'AttributeAgilityGain': '1.800000', 'AttackRate': '1.700000', 'AttackAnimationPoint': '0.500000', 'MovementSpeed': '285', 'Team': 'Good', 'AttackAcquisitionRange': '800', 'Rolelevels': '2,3,2,1,1', 'AttributePrimary': 'DOTA_ATTRIBUTE_INTELLECT', 'AttributeBaseAgility': '22'}
{'AttackDamageMin': '27', 'AttributeIntelligenceGain': '1.700000', 'Role': 'Initiator,Disabler,Nuker', 'MovementTurnRate': '0.700000', 'ArmorPhysical': '0.000000', 'AttackCapabilities': 'DOTA_UNIT_CAP_MELEE_ATTACK', 'AttackDamageMax': '31', 'AttributeStrengthGain': '2.300000', 'AttributeBaseStrength': '23', 'AttackRange': '150', 'url': 'Tusk', 'AttributeBaseIntelligence': '18', 'AttributeAgilityGain': '2.100000', 'AttackRate': '1.700000', 'AttackAnimationPoint': '0.360000', 'MovementSpeed': '300', 'Team': 'Good', 'AttackAcquisitionRange': '600', 'Rolelevels': '2,2,1', 'AttributePrimary': 'DOTA_ATTRIBUTE_STRENGTH', 'AttributeBaseAgility': '23'}
{'AttackDamageMin': '14', 'AttributeIntelligenceGain': '2.700000', 'Role': 'Carry,Nuker,Disabler', 'MovementTurnRate': '0.500000', 'ArmorPhysical': '0.5', 'AttackCapabilities': 'DOTA_UNIT_CAP_RANGED_ATTACK', 'AttackDamageMax': '29', 'AttributeStrengthGain': '2.30000', 'AttributeBaseStrength': '19', 'AttackRange': '450', 'url': 'Outworld_Devourer', 'AttributeBaseIntelligence': '26', 'AttributeAgilityGain': '2.00000', 'AttackRate': '1.700000', 'AttackAnimationPoint': '0.460000', 'MovementSpeed': '315', 'Team': 'Bad', 'AttackAcquisitionRange': '800', 'Rolelevels': '2,2,1', 'AttributePrimary': 'DOTA_ATTRIBUTE_INTELLECT', 'AttributeBaseAgility': '24'}
{'AttackDamageMin': '17', 'AttributeIntelligenceGain': '1.000000', 'Role': 'Carry,Pusher,Disabler,Durable', 'MovementTurnRate': '0.500000', 'ArmorPhysical': '-1', 'AttackCapabilities': 'DOTA_UNIT_CAP_RANGED_ATTACK', 'AttackDamageMax': '35', 'AttributeStrengthGain': '2.200000', 'AttributeBaseStrength': '20', 'AttackRange': '500', 'url': 'Troll_Warlord', 'AttributeBaseIntelligence': '13', 'AttributeAgilityGain': '2.750000', 'AttackRate': '1.700000', 'AttackAnimationPoint': '0.300000', 'MovementSpeed': '300', 'Team': 'Good', 'AttackAcquisitionRange': '800', 'Rolelevels': '3,2,1,1', 'AttributePrimary': 'DOTA_ATTRIBUTE_AGILITY', 'AttributeBaseAgility': '21'}
{'AttackDamageMin': '19', 'AttributeIntelligenceGain': '2.600000', 'Role': 'Support,Disabler,Nuker', 'MovementTurnRate': '0.600000', 'ArmorPhysical': '-1', 'AttackCapabilities': 'DOTA_UNIT_CAP_RANGED_ATTACK', 'AttackDamageMax': '29', 'AttributeStrengthGain': '1.400000', 'AttributeBaseStrength': '18', 'AttackRange': '600', 'url': 'Ancient_Apparition', 'AttributeBaseIntelligence': '25', 'AttributeAgilityGain': '2.200000', 'AttackRate': '1.700000', 'AttackAnimationPoint': '0.450000', 'MovementSpeed': '295', 'Team': 'Bad', 'AttackAcquisitionRange': '800', 'Rolelevels': '2,1,1', 'AttributePrimary': 'DOTA_ATTRIBUTE_INTELLECT', 'AttributeBaseAgility': '20'}
{'AttackDamageMin': '4', 'AttributeIntelligenceGain': '1.300000', 'Role': 'Carry,Escape,Disabler', 'MovementTurnRate': '0.600000', 'ArmorPhysical': '0', 'AttackCapabilities': 'DOTA_UNIT_CAP_MELEE_ATTACK', 'AttackDamageMax': '8', 'AttributeStrengthGain': '1.600000', 'AttributeBaseStrength': '17', 'AttackRange': '150', 'url': 'Riki', 'AttributeBaseIntelligence': '14', 'AttributeAgilityGain': '2.20000', 'AttackRate': '1.700000', 'AttackAnimationPoint': '0.300000', 'MovementSpeed': '290', 'Team': 'Good', 'AttackAcquisitionRange': '600', 'Rolelevels': '2,2,1', 'AttributePrimary': 'DOTA_ATTRIBUTE_AGILITY', 'AttributeBaseAgility': '34'}
{'AttackDamageMin': '14', 'AttributeIntelligenceGain': '3.400000', 'Role': 'Support,Nuker,Disabler', 'MovementTurnRate': '0.600000', 'ArmorPhysical': '-1', 'AttackCapabilities': 'DOTA_UNIT_CAP_RANGED_ATTACK', 'AttackDamageMax': '32', 'AttributeStrengthGain': '1.850000', 'AttributeBaseStrength': '16', 'AttackRange': '550', 'url': 'Dazzle', 'AttributeBaseIntelligence': '27', 'AttributeAgilityGain': '1.700000', 'AttackRate': '1.700000', 'AttackAnimationPoint': '0.300000', 'MovementSpeed': '305', 'Team': 'Bad', 'AttackAcquisitionRange': '800', 'Rolelevels': '3,1,1', 'AttributePrimary': 'DOTA_ATTRIBUTE_INTELLECT', 'AttributeBaseAgility': '21'}
{'AttackDamageMin': '24', 'AttributeIntelligenceGain': '3.250000', 'Role': 'Support,Nuker', 'MovementTurnRate': '0.500000', 'ArmorPhysical': '-1', 'AttackCapabilities': 'DOTA_UNIT_CAP_RANGED_ATTACK', 'AttackDamageMax': '33', 'AttributeStrengthGain': '1.550000', 'AttributeBaseStrength': '18', 'AttackRange': '550', 'url': 'Lich', 'AttributeBaseIntelligence': '18', 'AttributeAgilityGain': '2', 'AttackRate': '1.700000', 'AttackAnimationPoint': '0.460000', 'MovementSpeed': '315', 'Team': 'Bad', 'AttackAcquisitionRange': '800', 'Rolelevels': '3,2', 'AttributePrimary': 'DOTA_ATTRIBUTE_INTELLECT', 'AttributeBaseAgility': '15'}
{'AttackDamageMin': '31', 'AttributeIntelligenceGain': '1.300000', 'Role': 'Initiator,Disabler,Durable,Nuker', 'MovementTurnRate': '0.600000', 'ArmorPhysical': '0', 'AttackCapabilities': 'DOTA_UNIT_CAP_MELEE_ATTACK', 'AttackDamageMax': '33', 'AttributeStrengthGain': '2.900000', 'AttributeBaseStrength': '24', 'AttackRange': '150', 'url': 'Clockwerk', 'AttributeBaseIntelligence': '17', 'AttributeAgilityGain': '2.300000', 'AttackRate': '1.700000', 'AttackAnimationPoint': '0.330000', 'MovementSpeed': '315', 'Team': 'Good', 'AttackAcquisitionRange': '600', 'Rolelevels': '3,2,1,1', 'AttributePrimary': 'DOTA_ATTRIBUTE_STRENGTH', 'AttributeBaseAgility': '13'}
{'AttackDamageMin': '22', 'AttributeIntelligenceGain': '2.600000', 'Role': 'Carry,Support,Disabler,Escape,Nuker', 'MovementTurnRate': '0.600000', 'ArmorPhysical': '-1', 'AttackCapabilities': 'DOTA_UNIT_CAP_RANGED_ATTACK', 'AttackDamageMax': '34', 'AttributeStrengthGain': '2.500000', 'AttributeBaseStrength': '15', 'AttackRange': '600', 'url': 'Windranger', 'AttributeBaseIntelligence': '22', 'AttributeAgilityGain': '1.400000', 'AttackRate': '1.500000', 'AttackAnimationPoint': '0.400000', 'MovementSpeed': '295', 'Team': 'Good', 'AttackAcquisitionRange': '800', 'Rolelevels': '1,1,1,1,1', 'AttributePrimary': 'DOTA_ATTRIBUTE_INTELLECT', 'AttributeBaseAgility': '17'}
{'AttackDamageMin': '21', 'AttributeIntelligenceGain': '2.500000', 'Role': 'Support,Nuker,Durable,Disabler,Pusher', 'MovementTurnRate': '0.500000', 'ArmorPhysical': '-2.000000', 'AttackCapabilities': 'DOTA_UNIT_CAP_RANGED_ATTACK', 'AttackDamageMax': '31', 'AttributeStrengthGain': '2.400000', 'AttributeBaseStrength': '22', 'AttackRange': '600', 'url': 'Visage', 'AttributeBaseIntelligence': '24', 'AttributeAgilityGain': '1.300000', 'AttackRate': '1.700000', 'AttackAnimationPoint': '0.460000', 'MovementSpeed': '285', 'Team': 'Bad', 'AttackAcquisitionRange': '800', 'Rolelevels': '1,2,1,1,1', 'AttributePrimary': 'DOTA_ATTRIBUTE_INTELLECT', 'AttributeBaseAgility': '11'}
(AtoD) gasabr@gasabrMacPro:atod$ 
